
> ccxt@1.18.1180 test /ccxt
> npm run build && node run-tests


> ccxt@1.18.1180 build /ccxt
> npm run build-without-docs && npm run pandoc-all && npm run update-badges


> ccxt@1.18.1180 build-without-docs /ccxt
> npm run export-exchanges && npm run vss && npm run check-js-syntax && npm run browserify && npm run transpile && npm run qa


> ccxt@1.18.1180 export-exchanges /ccxt
> node build/export-exchanges

[36m[22m[1m[33mExporting exchanges...[36m[22m[39m [90m(<anonymous> @ export-exchanges.js:46)[39m
[36m[22m[1mExporting exchanges → [33m./ccxt.js[36m[22m[39m [90m(logReplaceInFile @ common.js:16)[39m
[36m[22m[1mExporting exchanges → [33m./python/ccxt/__init__.py[36m[22m[39m [90m(logReplaceInFile @ common.js:16)[39m
[36m[22m[1mExporting exchanges → [33m./python/ccxt/__init__.py[36m[22m[39m [90m(logReplaceInFile @ common.js:16)[39m
[36m[22m[1mExporting exchanges → [33m./python/ccxt/async_support/__init__.py[36m[22m[39m [90m(logReplaceInFile @ common.js:16)[39m
[36m[22m[1mExporting exchanges → [33m./python/ccxt/async_support/__init__.py[36m[22m[39m [90m(logReplaceInFile @ common.js:16)[39m
[36m[22m[1mExporting exchanges → [33m./php/Exchange.php[36m[22m[39m [90m(logReplaceInFile @ common.js:16)[39m
[32m[22m[1mBase sources updated successfully.[22m[39m [90m(<anonymous> @ export-exchanges.js:93)[39m
[36m[22m[1mExporting exchanges → [33mREADME.md[36m[22m[39m [90m(logReplaceInFile @ common.js:16)[39m
[36m[22m[1mExporting exchanges → [33mwiki/Manual.md[36m[22m[39m [90m(logReplaceInFile @ common.js:16)[39m
[36m[22m[1mExporting exchanges → [33mwiki/Exchange-Markets.md[36m[22m[39m [90m(logReplaceInFile @ common.js:16)[39m
[36m[22m[1mExporting exchanges → [33mREADME.md[36m[22m[39m [90m(logReplaceInFile @ common.js:16)[39m
[22m[1m[36mExporting exchange ids to[39m [33mexchanges.json[39m[22m [90m(<anonymous> @ export-exchanges.js:254)[39m
[22m[1m[36mExporting exchange keywords to[39m [33mpackage.json[39m[22m [90m(<anonymous> @ export-exchanges.js:273)[39m
[32m[22m[1mExchanges exported successfully.[22m[39m [90m(<anonymous> @ export-exchanges.js:290)[39m

> ccxt@1.18.1180 vss /ccxt
> node build/vss

[22m[1m[22m[2mOld version: [22m[1m 1.18.1180[22m [90m(<anonymous> @ vss.js:20)[39m
[22m[1m[36mNew version: [39m 1.18.1180[22m [90m(<anonymous> @ vss.js:29)[39m
[36m[22m[1mSingle-sourcing version 1.18.1180 ./package.json → [33m./php/Exchange.php[36m[22m[39m [90m(vss @ vss.js:32)[39m
[36m[22m[1mSingle-sourcing version 1.18.1180 ./package.json → [33m./php/Exchange.php[36m[22m[39m [90m(vss @ vss.js:32)[39m
[36m[22m[1mSingle-sourcing version 1.18.1180 ./package.json → [33m./ccxt.js[36m[22m[39m [90m(vss @ vss.js:32)[39m
[36m[22m[1mSingle-sourcing version 1.18.1180 ./package.json → [33m./python/ccxt/__init__.py[36m[22m[39m [90m(vss @ vss.js:32)[39m
[36m[22m[1mSingle-sourcing version 1.18.1180 ./package.json → [33m./python/ccxt/async_support/__init__.py[36m[22m[39m [90m(vss @ vss.js:32)[39m
[36m[22m[1mSingle-sourcing version 1.18.1180 ./package.json → [33m./python/ccxt/base/exchange.py[36m[22m[39m [90m(vss @ vss.js:32)[39m
[36m[22m[1mSingle-sourcing version 1.18.1180 ./package.json → [33m./python/ccxt/async_support/base/exchange.py[36m[22m[39m [90m(vss @ vss.js:32)[39m
[36m[22m[1mSingle-sourcing version 1.18.1180 ./package.json → [33m./README.md[36m[22m[39m [90m(vss @ vss.js:32)[39m
[36m[22m[1mSingle-sourcing version 1.18.1180 ./package.json → [33m./wiki/Install.md[36m[22m[39m [90m(vss @ vss.js:32)[39m
[32m[22m[1mVersion single-sourced successfully.[22m[39m [90m(<anonymous> @ vss.js:59)[39m

> ccxt@1.18.1180 check-js-syntax /ccxt
> pwd && eslint --version && eslint 'js/*.js'

/ccxt
v4.15.0

/ccxt/js/bittrex.js
  851:30  warning  Unexpected 'fixme' comment  no-warning-comments

/ccxt/js/hitbtc2.js
  575:17  warning  Unexpected 'fixme' comment  no-warning-comments

/ccxt/js/mandala.js
  727:37  warning  Unexpected 'fixme' comment  no-warning-comments

/ccxt/js/poloniex.js
  1286:26  warning  Unexpected 'fixme' comment  no-warning-comments

✖ 4 problems (0 errors, 4 warnings)


> ccxt@1.18.1180 browserify /ccxt
> browserify ./ccxt.browser.js > ./dist/ccxt.browser.js


> ccxt@1.18.1180 transpile /ccxt
> node build/transpile

[36mTranspiling from [33m_1btcxe.js[36m[39m [90m(transpileDerivedExchangeFile @ transpile.js:714)[39m
[36mTranspiling from [33macx.js[36m[39m [90m(transpileDerivedExchangeFile @ transpile.js:714)[39m
[36mTranspiling from [33madara.js[36m[39m [90m(transpileDerivedExchangeFile @ transpile.js:714)[39m
[36mTranspiling from [33mallcoin.js[36m[39m [90m(transpileDerivedExchangeFile @ transpile.js:714)[39m
[36mTranspiling from [33manxpro.js[36m[39m [90m(transpileDerivedExchangeFile @ transpile.js:714)[39m
[36mTranspiling from [33mbcex.js[36m[39m [90m(transpileDerivedExchangeFile @ transpile.js:714)[39m
[36mTranspiling from [33mbequant.js[36m[39m [90m(transpileDerivedExchangeFile @ transpile.js:714)[39m
[36mTranspiling from [33mbibox.js[36m[39m [90m(transpileDerivedExchangeFile @ transpile.js:714)[39m
[36mTranspiling from [33mbigone.js[36m[39m [90m(transpileDerivedExchangeFile @ transpile.js:714)[39m
[36mTranspiling from [33mbinance.js[36m[39m [90m(transpileDerivedExchangeFile @ transpile.js:714)[39m
[36mTranspiling from [33mbinanceje.js[36m[39m [90m(transpileDerivedExchangeFile @ transpile.js:714)[39m
[36mTranspiling from [33mbinanceus.js[36m[39m [90m(transpileDerivedExchangeFile @ transpile.js:714)[39m
[36mTranspiling from [33mbit2c.js[36m[39m [90m(transpileDerivedExchangeFile @ transpile.js:714)[39m
[36mTranspiling from [33mbitbank.js[36m[39m [90m(transpileDerivedExchangeFile @ transpile.js:714)[39m
[36mTranspiling from [33mbitbay.js[36m[39m [90m(transpileDerivedExchangeFile @ transpile.js:714)[39m
[36mTranspiling from [33mbitfinex.js[36m[39m [90m(transpileDerivedExchangeFile @ transpile.js:714)[39m
[36mTranspiling from [33mbitfinex2.js[36m[39m [90m(transpileDerivedExchangeFile @ transpile.js:714)[39m
[36mTranspiling from [33mbitflyer.js[36m[39m [90m(transpileDerivedExchangeFile @ transpile.js:714)[39m
[36mTranspiling from [33mbitforex.js[36m[39m [90m(transpileDerivedExchangeFile @ transpile.js:714)[39m
[36mTranspiling from [33mbithumb.js[36m[39m [90m(transpileDerivedExchangeFile @ transpile.js:714)[39m
[36mTranspiling from [33mbitkk.js[36m[39m [90m(transpileDerivedExchangeFile @ transpile.js:714)[39m
[36mTranspiling from [33mbitlish.js[36m[39m [90m(transpileDerivedExchangeFile @ transpile.js:714)[39m
[36mTranspiling from [33mbitmart.js[36m[39m [90m(transpileDerivedExchangeFile @ transpile.js:714)[39m
[36mTranspiling from [33mbitmex.js[36m[39m [90m(transpileDerivedExchangeFile @ transpile.js:714)[39m
[36mTranspiling from [33mbitopro.js[36m[39m [90m(transpileDerivedExchangeFile @ transpile.js:714)[39m
[36mTranspiling from [33mbitso.js[36m[39m [90m(transpileDerivedExchangeFile @ transpile.js:714)[39m
[36mTranspiling from [33mbitstamp.js[36m[39m [90m(transpileDerivedExchangeFile @ transpile.js:714)[39m
[36mTranspiling from [33mbitstamp1.js[36m[39m [90m(transpileDerivedExchangeFile @ transpile.js:714)[39m
[36mTranspiling from [33mbittrex.js[36m[39m [90m(transpileDerivedExchangeFile @ transpile.js:714)[39m
[36mTranspiling from [33mbitz.js[36m[39m [90m(transpileDerivedExchangeFile @ transpile.js:714)[39m
[36mTranspiling from [33mbl3p.js[36m[39m [90m(transpileDerivedExchangeFile @ transpile.js:714)[39m
[36mTranspiling from [33mbleutrade.js[36m[39m [90m(transpileDerivedExchangeFile @ transpile.js:714)[39m
[36mTranspiling from [33mbraziliex.js[36m[39m [90m(transpileDerivedExchangeFile @ transpile.js:714)[39m
[36mTranspiling from [33mbtcalpha.js[36m[39m [90m(transpileDerivedExchangeFile @ transpile.js:714)[39m
[36mTranspiling from [33mbtcbox.js[36m[39m [90m(transpileDerivedExchangeFile @ transpile.js:714)[39m
[36mTranspiling from [33mbtcchina.js[36m[39m [90m(transpileDerivedExchangeFile @ transpile.js:714)[39m
[36mTranspiling from [33mbtcmarkets.js[36m[39m [90m(transpileDerivedExchangeFile @ transpile.js:714)[39m
[36mTranspiling from [33mbtctradeim.js[36m[39m [90m(transpileDerivedExchangeFile @ transpile.js:714)[39m
[36mTranspiling from [33mbtctradeua.js[36m[39m [90m(transpileDerivedExchangeFile @ transpile.js:714)[39m
[36mTranspiling from [33mbtcturk.js[36m[39m [90m(transpileDerivedExchangeFile @ transpile.js:714)[39m
[36mTranspiling from [33mbuda.js[36m[39m [90m(transpileDerivedExchangeFile @ transpile.js:714)[39m
[36mTranspiling from [33mbxinth.js[36m[39m [90m(transpileDerivedExchangeFile @ transpile.js:714)[39m
[36mTranspiling from [33mcex.js[36m[39m [90m(transpileDerivedExchangeFile @ transpile.js:714)[39m
[36mTranspiling from [33mchilebit.js[36m[39m [90m(transpileDerivedExchangeFile @ transpile.js:714)[39m
[36mTranspiling from [33mcobinhood.js[36m[39m [90m(transpileDerivedExchangeFile @ transpile.js:714)[39m
[36mTranspiling from [33mcoinbase.js[36m[39m [90m(transpileDerivedExchangeFile @ transpile.js:714)[39m
[36mTranspiling from [33mcoinbaseprime.js[36m[39m [90m(transpileDerivedExchangeFile @ transpile.js:714)[39m
[36mTranspiling from [33mcoinbasepro.js[36m[39m [90m(transpileDerivedExchangeFile @ transpile.js:714)[39m
[36mTranspiling from [33mcoincheck.js[36m[39m [90m(transpileDerivedExchangeFile @ transpile.js:714)[39m
[36mTranspiling from [33mcoinegg.js[36m[39m [90m(transpileDerivedExchangeFile @ transpile.js:714)[39m
[36mTranspiling from [33mcoinex.js[36m[39m [90m(transpileDerivedExchangeFile @ transpile.js:714)[39m
[36mTranspiling from [33mcoinexchange.js[36m[39m [90m(transpileDerivedExchangeFile @ transpile.js:714)[39m
[36mTranspiling from [33mcoinfalcon.js[36m[39m [90m(transpileDerivedExchangeFile @ transpile.js:714)[39m
[36mTranspiling from [33mcoinfloor.js[36m[39m [90m(transpileDerivedExchangeFile @ transpile.js:714)[39m
[36mTranspiling from [33mcoingi.js[36m[39m [90m(transpileDerivedExchangeFile @ transpile.js:714)[39m
[36mTranspiling from [33mcoinmarketcap.js[36m[39m [90m(transpileDerivedExchangeFile @ transpile.js:714)[39m
[36mTranspiling from [33mcoinmate.js[36m[39m [90m(transpileDerivedExchangeFile @ transpile.js:714)[39m
[36mTranspiling from [33mcoinone.js[36m[39m [90m(transpileDerivedExchangeFile @ transpile.js:714)[39m
[36mTranspiling from [33mcoinspot.js[36m[39m [90m(transpileDerivedExchangeFile @ transpile.js:714)[39m
[36mTranspiling from [33mcointiger.js[36m[39m [90m(transpileDerivedExchangeFile @ transpile.js:714)[39m
[36mTranspiling from [33mcoolcoin.js[36m[39m [90m(transpileDerivedExchangeFile @ transpile.js:714)[39m
[36mTranspiling from [33mcoss.js[36m[39m [90m(transpileDerivedExchangeFile @ transpile.js:714)[39m
[36mTranspiling from [33mcrex24.js[36m[39m [90m(transpileDerivedExchangeFile @ transpile.js:714)[39m
[36mTranspiling from [33mcrypton.js[36m[39m [90m(transpileDerivedExchangeFile @ transpile.js:714)[39m
[36mTranspiling from [33mderibit.js[36m[39m [90m(transpileDerivedExchangeFile @ transpile.js:714)[39m
[36mTranspiling from [33mdigifinex.js[36m[39m [90m(transpileDerivedExchangeFile @ transpile.js:714)[39m
[36mTranspiling from [33mdsx.js[36m[39m [90m(transpileDerivedExchangeFile @ transpile.js:714)[39m
[36mTranspiling from [33mdx.js[36m[39m [90m(transpileDerivedExchangeFile @ transpile.js:714)[39m
[36mTranspiling from [33methfinex.js[36m[39m [90m(transpileDerivedExchangeFile @ transpile.js:714)[39m
[36mTranspiling from [33mexmo.js[36m[39m [90m(transpileDerivedExchangeFile @ transpile.js:714)[39m
[36mTranspiling from [33mexx.js[36m[39m [90m(transpileDerivedExchangeFile @ transpile.js:714)[39m
[36mTranspiling from [33mfcoin.js[36m[39m [90m(transpileDerivedExchangeFile @ transpile.js:714)[39m
[36mTranspiling from [33mfcoinjp.js[36m[39m [90m(transpileDerivedExchangeFile @ transpile.js:714)[39m
[36mTranspiling from [33mflowbtc.js[36m[39m [90m(transpileDerivedExchangeFile @ transpile.js:714)[39m
[36mTranspiling from [33mfoxbit.js[36m[39m [90m(transpileDerivedExchangeFile @ transpile.js:714)[39m
[36mTranspiling from [33mfybse.js[36m[39m [90m(transpileDerivedExchangeFile @ transpile.js:714)[39m
[36mTranspiling from [33mgateio.js[36m[39m [90m(transpileDerivedExchangeFile @ transpile.js:714)[39m
[36mTranspiling from [33mgdax.js[36m[39m [90m(transpileDerivedExchangeFile @ transpile.js:714)[39m
[36mTranspiling from [33mgemini.js[36m[39m [90m(transpileDerivedExchangeFile @ transpile.js:714)[39m
[36mTranspiling from [33mhitbtc.js[36m[39m [90m(transpileDerivedExchangeFile @ transpile.js:714)[39m
[36mTranspiling from [33mhitbtc2.js[36m[39m [90m(transpileDerivedExchangeFile @ transpile.js:714)[39m
[36mTranspiling from [33mhuobipro.js[36m[39m [90m(transpileDerivedExchangeFile @ transpile.js:714)[39m
[36mTranspiling from [33mhuobiru.js[36m[39m [90m(transpileDerivedExchangeFile @ transpile.js:714)[39m
[36mTranspiling from [33mice3x.js[36m[39m [90m(transpileDerivedExchangeFile @ transpile.js:714)[39m
[36mTranspiling from [33midex.js[36m[39m [90m(transpileDerivedExchangeFile @ transpile.js:714)[39m
[36mTranspiling from [33mindependentreserve.js[36m[39m [90m(transpileDerivedExchangeFile @ transpile.js:714)[39m
[36mTranspiling from [33mindodax.js[36m[39m [90m(transpileDerivedExchangeFile @ transpile.js:714)[39m
[36mTranspiling from [33mitbit.js[36m[39m [90m(transpileDerivedExchangeFile @ transpile.js:714)[39m
[36mTranspiling from [33mkkex.js[36m[39m [90m(transpileDerivedExchangeFile @ transpile.js:714)[39m
[36mTranspiling from [33mkraken.js[36m[39m [90m(transpileDerivedExchangeFile @ transpile.js:714)[39m
[36mTranspiling from [33mkucoin.js[36m[39m [90m(transpileDerivedExchangeFile @ transpile.js:714)[39m
[36mTranspiling from [33mkucoin2.js[36m[39m [90m(transpileDerivedExchangeFile @ transpile.js:714)[39m
[36mTranspiling from [33mkuna.js[36m[39m [90m(transpileDerivedExchangeFile @ transpile.js:714)[39m
[36mTranspiling from [33mlakebtc.js[36m[39m [90m(transpileDerivedExchangeFile @ transpile.js:714)[39m
[36mTranspiling from [33mlatoken.js[36m[39m [90m(transpileDerivedExchangeFile @ transpile.js:714)[39m
[36mTranspiling from [33mlbank.js[36m[39m [90m(transpileDerivedExchangeFile @ transpile.js:714)[39m
[36mTranspiling from [33mliquid.js[36m[39m [90m(transpileDerivedExchangeFile @ transpile.js:714)[39m
[36mTranspiling from [33mlivecoin.js[36m[39m [90m(transpileDerivedExchangeFile @ transpile.js:714)[39m
[36mTranspiling from [33mluno.js[36m[39m [90m(transpileDerivedExchangeFile @ transpile.js:714)[39m
[36mTranspiling from [33mlykke.js[36m[39m [90m(transpileDerivedExchangeFile @ transpile.js:714)[39m
[36mTranspiling from [33mmandala.js[36m[39m [90m(transpileDerivedExchangeFile @ transpile.js:714)[39m
[36mTranspiling from [33mmercado.js[36m[39m [90m(transpileDerivedExchangeFile @ transpile.js:714)[39m
[36mTranspiling from [33mmixcoins.js[36m[39m [90m(transpileDerivedExchangeFile @ transpile.js:714)[39m
[36mTranspiling from [33mnegociecoins.js[36m[39m [90m(transpileDerivedExchangeFile @ transpile.js:714)[39m
[36mTranspiling from [33mnova.js[36m[39m [90m(transpileDerivedExchangeFile @ transpile.js:714)[39m
[36mTranspiling from [33moceanex.js[36m[39m [90m(transpileDerivedExchangeFile @ transpile.js:714)[39m
[36mTranspiling from [33mokcoincny.js[36m[39m [90m(transpileDerivedExchangeFile @ transpile.js:714)[39m
[36mTranspiling from [33mokcoinusd.js[36m[39m [90m(transpileDerivedExchangeFile @ transpile.js:714)[39m
[36mTranspiling from [33mokex.js[36m[39m [90m(transpileDerivedExchangeFile @ transpile.js:714)[39m
[36mTranspiling from [33mokex3.js[36m[39m [90m(transpileDerivedExchangeFile @ transpile.js:714)[39m
[36mTranspiling from [33mpaymium.js[36m[39m [90m(transpileDerivedExchangeFile @ transpile.js:714)[39m
[36mTranspiling from [33mpoloniex.js[36m[39m [90m(transpileDerivedExchangeFile @ transpile.js:714)[39m
[36mTranspiling from [33mrightbtc.js[36m[39m [90m(transpileDerivedExchangeFile @ transpile.js:714)[39m
[36mTranspiling from [33msouthxchange.js[36m[39m [90m(transpileDerivedExchangeFile @ transpile.js:714)[39m
[36mTranspiling from [33mstronghold.js[36m[39m [90m(transpileDerivedExchangeFile @ transpile.js:714)[39m
[36mTranspiling from [33msurbitcoin.js[36m[39m [90m(transpileDerivedExchangeFile @ transpile.js:714)[39m
[36mTranspiling from [33mtheocean.js[36m[39m [90m(transpileDerivedExchangeFile @ transpile.js:714)[39m
[36mTranspiling from [33mtherock.js[36m[39m [90m(transpileDerivedExchangeFile @ transpile.js:714)[39m
[36mTranspiling from [33mtidebit.js[36m[39m [90m(transpileDerivedExchangeFile @ transpile.js:714)[39m
[36mTranspiling from [33mtidex.js[36m[39m [90m(transpileDerivedExchangeFile @ transpile.js:714)[39m
[36mTranspiling from [33mupbit.js[36m[39m [90m(transpileDerivedExchangeFile @ transpile.js:714)[39m
[36mTranspiling from [33mvaultoro.js[36m[39m [90m(transpileDerivedExchangeFile @ transpile.js:714)[39m
[36mTranspiling from [33mvbtc.js[36m[39m [90m(transpileDerivedExchangeFile @ transpile.js:714)[39m
[36mTranspiling from [33mvirwox.js[36m[39m [90m(transpileDerivedExchangeFile @ transpile.js:714)[39m
[36mTranspiling from [33mxbtce.js[36m[39m [90m(transpileDerivedExchangeFile @ transpile.js:714)[39m
[36mTranspiling from [33myobit.js[36m[39m [90m(transpileDerivedExchangeFile @ transpile.js:714)[39m
[36mTranspiling from [33mzaif.js[36m[39m [90m(transpileDerivedExchangeFile @ transpile.js:714)[39m
[36mTranspiling from [33mzb.js[36m[39m [90m(transpileDerivedExchangeFile @ transpile.js:714)[39m
[36m[22m[1mTranspiling error hierachy → [33m./python/ccxt/base/errors.py[36m[22m[39m [90m(logReplaceInFile @ common.js:16)[39m
[36m[22m[1mTranspiling error hierachy → [33m./php/errors.php[36m[22m[39m [90m(logReplaceInFile @ common.js:16)[39m
[35mTranspiling from [33m./js/test/base/functions/test.number.js[35m[39m [90m(transpilePrecisionTests @ transpile.js:890)[39m
[35m→ [33m./python/test/test_decimal_to_precision.py[35m[39m [90m(transpilePrecisionTests @ transpile.js:944)[39m
[35m→ [33m./php/test/decimal_to_precision.php[35m[39m [90m(transpilePrecisionTests @ transpile.js:945)[39m
[35mTranspiling from [33m./js/test/base/functions/test.datetime.js[35m[39m [90m(transpileDateTimeTests @ transpile.js:851)[39m
[35m→ [33m./python/test/test_exchange_datetime_functions.py[35m[39m [90m(transpileDateTimeTests @ transpile.js:875)[39m
[35m→ [33m./php/test/test_exchange_datetime_functions.php[35m[39m [90m(transpileDateTimeTests @ transpile.js:876)[39m
[35mTranspiling from [33m./js/test/base/functions/test.crypto.js[35m[39m [90m(transpileCryptoTests @ transpile.js:958)[39m
[35m→ [33m./python/test/test_crypto.py[35m[39m [90m(transpileCryptoTests @ transpile.js:1006)[39m
[35m→ [33m./php/test/test_crypto.php[35m[39m [90m(transpileCryptoTests @ transpile.js:1007)[39m
[35mTranspiling [33m./python/test/test_async.py[35m → [33m./python/test/test.py[35m[39m [90m(transpilePythonAsyncToSync @ transpile.js:771)[39m
[32m[22m[1mTranspiled successfully.[22m[39m [90m(<anonymous> @ transpile.js:1057)[39m

> ccxt@1.18.1180 qa /ccxt
> npm run check-python-syntax && npm run check-php-syntax


> ccxt@1.18.1180 check-python-syntax /ccxt
> cd python && tox -e qa && cd ..

qa installed: aiodns==1.1.1,aiohttp==3.5.4,async-timeout==3.0.1,attrs==19.1.0,ccxt==1.18.268,certifi==2019.6.16,cffi==1.12.3,chardet==3.0.4,flake8==3.5.0,idna==2.8,idna-ssl==1.1.0,mccabe==0.6.1,multidict==4.5.2,pycares==3.0.0,pycodestyle==2.3.1,pycparser==2.19,pyflakes==1.6.0,requests==2.22.0,typing-extensions==3.7.4,urllib3==1.25.3,yarl==1.1.0
qa run-test-pre: PYTHONHASHSEED='4234688550'
qa run-test: commands[0] | flake8 --exclude static_dependencies,.tox
___________________________________ summary ____________________________________
  qa: commands succeeded
  congratulations :)

> ccxt@1.18.1180 check-php-syntax /ccxt
> php -f php/test/syntax.php

Checking PHP Syntax...

ATTENTION!

If it fails, make sure to clean up the code as outlined in CONTRIBUTING.md document.

Read these rules very carefully and follow them LITERALLY:

- https://github.com/ccxt/ccxt/blob/master/CONTRIBUTING.md#how-to-contribute-code
- https://github.com/ccxt/ccxt/blob/master/CONTRIBUTING.md#derived-exchange-classes

> ccxt@1.18.1180 pandoc-all /ccxt
> npm run pandoc-python-readme && npm run pandoc-doc-readme && npm run pandoc-doc-faq && npm run pandoc-doc-manual && npm run pandoc-doc-install && npm run pandoc-doc-exchanges && npm run pandoc-doc-exchanges-by-country


> ccxt@1.18.1180 pandoc-python-readme /ccxt
> pandoc --wrap=preserve --columns=10000 --from=markdown --to=rst --output=python/README.rst README.md


> ccxt@1.18.1180 pandoc-doc-readme /ccxt
> pandoc --wrap=preserve --columns=10000 --from=markdown --to=rst --output=doc/README.rst README.md


> ccxt@1.18.1180 pandoc-doc-faq /ccxt
> pandoc --wrap=preserve --columns=10000 --from=markdown --to=rst --output=doc/FAQ.rst wiki/FAQ.md


> ccxt@1.18.1180 pandoc-doc-manual /ccxt
> pandoc --wrap=preserve --columns=10000 --from=markdown --to=rst --output=doc/manual.rst wiki/Manual.md


> ccxt@1.18.1180 pandoc-doc-install /ccxt
> pandoc --wrap=preserve --columns=10000 --from=markdown --to=rst --output=doc/install.rst wiki/Install.md


> ccxt@1.18.1180 pandoc-doc-exchanges /ccxt
> pandoc --wrap=preserve --columns=10000 --from=markdown --to=rst --output=doc/exchanges.rst wiki/Exchange-Markets.md


> ccxt@1.18.1180 pandoc-doc-exchanges-by-country /ccxt
> pandoc --wrap=preserve --columns=10000 --from=markdown --to=rst --output=doc/exchanges-by-country.rst wiki/Exchange-Markets-By-Country.md


> ccxt@1.18.1180 update-badges /ccxt
> node build/update-badges

[36m[22m[1mPreparing for PyPI → [33m./python/README.rst[36m[22m[39m [90m(<anonymous> @ update-badges.js:18)[39m
[36m[22m[1mUpdating exchange count → [33m./README.md[36m[22m[39m [90m(updateExchangeCount @ update-badges.js:65)[39m
[36m[22m[1mUpdating exchange count → [33m./python/README.rst[36m[22m[39m [90m(updateExchangeCount @ update-badges.js:65)[39m
[32m[22m[1mBadges updated successfully.[22m[39m [90m(<anonymous> @ update-badges.js:80)[39m
[35m[22m[1m[97mTesting[35m { exchanges: <array[128]>, symbol: "all", keys: { '--js': false, '--php': false, '--python': false, '--python2': false, '--python3': false }, maxConcurrency: 5 }[22m[39m [90m(run-tests.js:252)[39m
[22m[1m[22m[2m[1%][22m[1m Testing [36mallcoin[39m [33m[Exchange Not Available][39m[22m [90m(testExchange @ run-tests.js:169)[39m
[22m[1m[22m[2m[2%][22m[1m Testing [36madara[39m [31mFAIL[39m[22m [90m(testExchange @ run-tests.js:169)[39m
[22m[1m[22m[2m[2%][22m[1m Testing [36manxpro[39m [32mOK[39m[22m [90m(testExchange @ run-tests.js:169)[39m
[22m[1m[22m[2m[3%][22m[1m Testing [36macx[39m [32mOK[39m[22m [90m(testExchange @ run-tests.js:169)[39m
[22m[1m[22m[2m[4%][22m[1m Testing [36mbcex[39m [33m[DDoS Protection Error][39m[22m [90m(testExchange @ run-tests.js:169)[39m
[22m[1m[22m[2m[5%][22m[1m Testing [36m_1btcxe[39m [32mOK[39m[22m [90m(testExchange @ run-tests.js:169)[39m
[22m[1m[22m[2m[5%][22m[1m Testing [36mbibox[39m [33m[Authentication Error][39m[22m [90m(testExchange @ run-tests.js:169)[39m
[22m[1m[22m[2m[6%][22m[1m Testing [36mbinance[39m [33mWARN[39m[22m [90m(testExchange @ run-tests.js:169)[39m
[22m[1m[22m[2m[7%][22m[1m Testing [36mbigone[39m [33mWARN[39m[22m [90m(testExchange @ run-tests.js:169)[39m
[22m[1m[22m[2m[8%][22m[1m Testing [36mbequant[39m [31mFAIL[39m[22m [90m(testExchange @ run-tests.js:169)[39m
[22m[1m[22m[2m[9%][22m[1m Testing [36mbinanceus[39m [31mFAIL[39m[22m [90m(testExchange @ run-tests.js:169)[39m
[22m[1m[22m[2m[9%][22m[1m Testing [36mbinanceje[39m [31mFAIL[39m[22m [90m(testExchange @ run-tests.js:169)[39m
[22m[1m[22m[2m[10%][22m[1m Testing [36mbit2c[39m [33mWARN[39m[22m [90m(testExchange @ run-tests.js:169)[39m
[22m[1m[22m[2m[11%][22m[1m Testing [36mbitbay[39m [33mWARN[39m[22m [90m(testExchange @ run-tests.js:169)[39m
[22m[1m[22m[2m[12%][22m[1m Testing [36mbitforex[39m [33mWARN[39m[22m [90m(testExchange @ run-tests.js:169)[39m
[22m[1m[22m[2m[13%][22m[1m Testing [36mbitfinex2[39m [32mOK[39m[22m [90m(testExchange @ run-tests.js:169)[39m
[22m[1m[22m[2m[13%][22m[1m Testing [36mbitfinex[39m [32mOK[39m[22m [90m(testExchange @ run-tests.js:169)[39m
[22m[1m[22m[2m[14%][22m[1m Testing [36mbitflyer[39m [31mFAIL[39m[22m [90m(testExchange @ run-tests.js:169)[39m
[22m[1m[22m[2m[15%][22m[1m Testing [36mbithumb[39m [33mWARN[39m[22m [90m(testExchange @ run-tests.js:169)[39m
[22m[1m[22m[2m[16%][22m[1m Testing [36mbitbank[39m [33m[ExchangeNotAvailable] [ExchangeNotAvailable][39m[22m [90m(testExchange @ run-tests.js:169)[39m
[22m[1m[22m[2m[16%][22m[1m Testing [36mbitkk[39m [33mWARN[39m[22m [90m(testExchange @ run-tests.js:169)[39m
[22m[1m[22m[2m[17%][22m[1m Testing [36mbitlish[39m [33mWARN[39m[22m [90m(testExchange @ run-tests.js:169)[39m
[22m[1m[22m[2m[18%][22m[1m Testing [36mbitmart[39m [31mFAIL[39m[22m [90m(testExchange @ run-tests.js:169)[39m
[22m[1m[22m[2m[19%][22m[1m Testing [36mbitso[39m [33mWARN[39m[22m [90m(testExchange @ run-tests.js:169)[39m
[22m[1m[22m[2m[20%][22m[1m Testing [36mbitopro[39m [31mFAIL[39m[22m [90m(testExchange @ run-tests.js:169)[39m
[22m[1m[22m[2m[20%][22m[1m Testing [36mbittrex[39m [33mWARN[39m[22m [90m(testExchange @ run-tests.js:169)[39m
[22m[1m[22m[2m[21%][22m[1m Testing [36mbitmex[39m [32mOK[39m[22m [90m(testExchange @ run-tests.js:169)[39m
[22m[1m[22m[2m[22%][22m[1m Testing [36mbitstamp[39m [31mFAIL[39m[22m [90m(testExchange @ run-tests.js:169)[39m
[22m[1m[22m[2m[23%][22m[1m Testing [36mbitz[39m [33mWARN[39m[22m [90m(testExchange @ run-tests.js:169)[39m
[22m[1m[22m[2m[23%][22m[1m Testing [36mbl3p[39m [33mWARN[39m[22m [90m(testExchange @ run-tests.js:169)[39m
[22m[1m[22m[2m[24%][22m[1m Testing [36mbitstamp1[39m [31mFAIL[39m[22m [90m(testExchange @ run-tests.js:169)[39m
[22m[1m[22m[2m[25%][22m[1m Testing [36mbleutrade[39m [33m[Exchange Error][39m[22m [90m(testExchange @ run-tests.js:169)[39m
[22m[1m[22m[2m[26%][22m[1m Testing [36mbraziliex[39m [33mWARN[39m[22m [90m(testExchange @ run-tests.js:169)[39m
[22m[1m[22m[2m[27%][22m[1m Testing [36mbtcmarkets[39m [33mWARN[39m[22m [90m(testExchange @ run-tests.js:169)[39m
[22m[1m[22m[2m[27%][22m[1m Testing [36mbtcchina[39m [33m[Exchange Not Available][39m[22m [90m(testExchange @ run-tests.js:169)[39m
[22m[1m[22m[2m[28%][22m[1m Testing [36mbtctradeim[39m [33m[Exchange Not Available][39m[22m [90m(testExchange @ run-tests.js:169)[39m
[22m[1m[22m[2m[29%][22m[1m Testing [36mbtcbox[39m [31mFAIL[39m[22m [90m(testExchange @ run-tests.js:169)[39m
[22m[1m[22m[2m[30%][22m[1m Testing [36mbtcalpha[39m [33m[Not Supported][39m[22m [90m(testExchange @ run-tests.js:169)[39m
[22m[1m[22m[2m[30%][22m[1m Testing [36mbtcturk[39m [33mWARN[39m[22m [90m(testExchange @ run-tests.js:169)[39m
[22m[1m[22m[2m[31%][22m[1m Testing [36mbxinth[39m [33mWARN[39m[22m [90m(testExchange @ run-tests.js:169)[39m
[22m[1m[22m[2m[32%][22m[1m Testing [36mbtctradeua[39m [33m[Timeout Error][39m[22m [90m(testExchange @ run-tests.js:169)[39m
[22m[1m[22m[2m[33%][22m[1m Testing [36mcobinhood[39m [33mWARN[39m[22m [90m(testExchange @ run-tests.js:169)[39m
[22m[1m[22m[2m[34%][22m[1m Testing [36mchilebit[39m [33mWARN[39m[22m [90m(testExchange @ run-tests.js:169)[39m
[22m[1m[22m[2m[34%][22m[1m Testing [36mbuda[39m [32mOK[39m[22m [90m(testExchange @ run-tests.js:169)[39m
[22m[1m[22m[2m[35%][22m[1m Testing [36mcoinbase[39m [33m[Timeout Error][39m[22m [90m(testExchange @ run-tests.js:169)[39m
[22m[1m[22m[2m[36%][22m[1m Testing [36mcoinbaseprime[39m [33m[RequestTimeout] [Timeout Error][39m[22m [90m(testExchange @ run-tests.js:169)[39m
[22m[1m[22m[2m[37%][22m[1m Testing [36mcoinegg[39m [33m[Timeout Error][39m[22m [90m(testExchange @ run-tests.js:169)[39m
[22m[1m[22m[2m[38%][22m[1m Testing [36mcoinbasepro[39m [33m[RequestTimeout][39m[22m [90m(testExchange @ run-tests.js:169)[39m
[22m[1m[22m[2m[38%][22m[1m Testing [36mcoinex[39m [33mWARN[39m[22m [90m(testExchange @ run-tests.js:169)[39m
[22m[1m[22m[2m[39%][22m[1m Testing [36mcex[39m [33m[Request Timeout] [ExchangeNotAvailable] [Timeout Error][39m[22m [90m(testExchange @ run-tests.js:169)[39m
[22m[1m[22m[2m[40%][22m[1m Testing [36mcoinfalcon[39m [33mWARN[39m[22m [90m(testExchange @ run-tests.js:169)[39m
[22m[1m[22m[2m[41%][22m[1m Testing [36mcoincheck[39m [31mFAIL[39m[22m [90m(testExchange @ run-tests.js:169)[39m
[22m[1m[22m[2m[41%][22m[1m Testing [36mcoinmate[39m [33mWARN[39m[22m [90m(testExchange @ run-tests.js:169)[39m
[22m[1m[22m[2m[42%][22m[1m Testing [36mcoingi[39m [33m[DDoS Protection Error][39m[22m [90m(testExchange @ run-tests.js:169)[39m
[22m[1m[22m[2m[43%][22m[1m Testing [36mcoinmarketcap[39m [33m[Exchange Error][39m[22m [90m(testExchange @ run-tests.js:169)[39m
[22m[1m[22m[2m[44%][22m[1m Testing [36mcoinspot[39m [33m[AuthenticationError] [AuthenticationError] [AuthenticationError] [Authentication Error][39m[22m [90m(testExchange @ run-tests.js:169)[39m
[22m[1m[22m[2m[45%][22m[1m Testing [36mcoinexchange[39m [33m[Exchange Not Available][39m[22m [90m(testExchange @ run-tests.js:169)[39m
[22m[1m[22m[2m[45%][22m[1m Testing [36mcointiger[39m [33m[AuthenticationError] [AuthenticationError] [AuthenticationError] [Authentication Error][39m[22m [90m(testExchange @ run-tests.js:169)[39m
[22m[1m[22m[2m[46%][22m[1m Testing [36mcoinone[39m [31mFAIL[39m[22m [90m(testExchange @ run-tests.js:169)[39m
[22m[1m[22m[2m[47%][22m[1m Testing [36mcoinfloor[39m [31mFAIL[39m[22m [90m(testExchange @ run-tests.js:169)[39m
[22m[1m[22m[2m[48%][22m[1m Testing [36mcoolcoin[39m [33m[Exchange Not Available][39m[22m [90m(testExchange @ run-tests.js:169)[39m
[22m[1m[22m[2m[48%][22m[1m Testing [36mcrypton[39m [33m[Not Supported][39m[22m [90m(testExchange @ run-tests.js:169)[39m
[22m[1m[22m[2m[49%][22m[1m Testing [36mdsx[39m [33mWARN[39m[22m [90m(testExchange @ run-tests.js:169)[39m
[22m[1m[22m[2m[50%][22m[1m Testing [36mcrex24[39m [32mOK[39m[22m [90m(testExchange @ run-tests.js:169)[39m
[22m[1m[22m[2m[51%][22m[1m Testing [36mcoss[39m [32mOK[39m[22m [90m(testExchange @ run-tests.js:169)[39m
[22m[1m[22m[2m[52%][22m[1m Testing [36mdigifinex[39m [31mFAIL[39m[22m [90m(testExchange @ run-tests.js:169)[39m
[22m[1m[22m[2m[52%][22m[1m Testing [36mexx[39m [33mWARN[39m[22m [90m(testExchange @ run-tests.js:169)[39m
[22m[1m[22m[2m[53%][22m[1m Testing [36mexmo[39m [33mWARN[39m[22m [90m(testExchange @ run-tests.js:169)[39m
[22m[1m[22m[2m[54%][22m[1m Testing [36methfinex[39m [33m[Exchange Error][39m[22m [90m(testExchange @ run-tests.js:169)[39m
[22m[1m[22m[2m[55%][22m[1m Testing [36mdx[39m [31mFAIL[39m[22m [90m(testExchange @ run-tests.js:169)[39m
[22m[1m[22m[2m[55%][22m[1m Testing [36mflowbtc[39m [33m[Exchange Not Available][39m[22m [90m(testExchange @ run-tests.js:169)[39m
[22m[1m[22m[2m[56%][22m[1m Testing [36mfoxbit[39m [33mWARN[39m[22m [90m(testExchange @ run-tests.js:169)[39m
[22m[1m[22m[2m[57%][22m[1m Testing [36mfcoin[39m [33mWARN[39m[22m [90m(testExchange @ run-tests.js:169)[39m
[22m[1m[22m[2m[58%][22m[1m Testing [36mderibit[39m [33m[DDoSProtection][39m[22m [90m(testExchange @ run-tests.js:169)[39m
[22m[1m[22m[2m[59%][22m[1m Testing [36mgateio[39m [33mWARN[39m[22m [90m(testExchange @ run-tests.js:169)[39m
[22m[1m[22m[2m[59%][22m[1m Testing [36mfybse[39m [33m[Exchange Not Available][39m[22m [90m(testExchange @ run-tests.js:169)[39m
[22m[1m[22m[2m[60%][22m[1m Testing [36mgemini[39m [33m[Exchange Not Available][39m[22m [90m(testExchange @ run-tests.js:169)[39m
[22m[1m[22m[2m[61%][22m[1m Testing [36mfcoinjp[39m [31mFAIL[39m[22m [90m(testExchange @ run-tests.js:169)[39m
[22m[1m[22m[2m[62%][22m[1m Testing [36mhitbtc2[39m [33mWARN[39m[22m [90m(testExchange @ run-tests.js:169)[39m
[22m[1m[22m[2m[63%][22m[1m Testing [36mhitbtc[39m [33m[Timeout Error][39m[22m [90m(testExchange @ run-tests.js:169)[39m
[22m[1m[22m[2m[63%][22m[1m Testing [36mgdax[39m [33m[Exchange Error][39m[22m [90m(testExchange @ run-tests.js:169)[39m
[22m[1m[22m[2m[64%][22m[1m Testing [36mice3x[39m [33mWARN[39m[22m [90m(testExchange @ run-tests.js:169)[39m
[22m[1m[22m[2m[65%][22m[1m Testing [36mindodax[39m [33mWARN[39m[22m [90m(testExchange @ run-tests.js:169)[39m
[22m[1m[22m[2m[66%][22m[1m Testing [36midex[39m [31mFAIL[39m[22m [90m(testExchange @ run-tests.js:169)[39m
[22m[1m[22m[2m[66%][22m[1m Testing [36mindependentreserve[39m [31mFAIL[39m[22m [90m(testExchange @ run-tests.js:169)[39m
[22m[1m[22m[2m[67%][22m[1m Testing [36mhuobiru[39m [33m[DDoSProtection][39m[22m [90m(testExchange @ run-tests.js:169)[39m
[22m[1m[22m[2m[68%][22m[1m Testing [36mkucoin[39m [33mWARN[39m[22m [90m(testExchange @ run-tests.js:169)[39m
[22m[1m[22m[2m[69%][22m[1m Testing [36mitbit[39m [31mFAIL[39m[22m [90m(testExchange @ run-tests.js:169)[39m
[22m[1m[22m[2m[70%][22m[1m Testing [36mhuobipro[39m [33m[Exchange Not Available][39m[22m [90m(testExchange @ run-tests.js:169)[39m
[22m[1m[22m[2m[70%][22m[1m Testing [36mkuna[39m [33m[Exchange Not Available][39m[22m [90m(testExchange @ run-tests.js:169)[39m
[22m[1m[22m[2m[71%][22m[1m Testing [36mkkex[39m [33m[ExchangeError] [ExchangeError] [ExchangeNotAvailable][39m[22m [90m(testExchange @ run-tests.js:169)[39m
[22m[1m[22m[2m[72%][22m[1m Testing [36mkucoin2[39m [33m[ExchangeError] [ExchangeError] [ExchangeNotAvailable][39m[22m [90m(testExchange @ run-tests.js:169)[39m
[22m[1m[22m[2m[73%][22m[1m Testing [36mlakebtc[39m [33mWARN[39m[22m [90m(testExchange @ run-tests.js:169)[39m
[22m[1m[22m[2m[73%][22m[1m Testing [36mlatoken[39m [31mFAIL[39m[22m [90m(testExchange @ run-tests.js:169)[39m
[22m[1m[22m[2m[74%][22m[1m Testing [36mlbank[39m [33mWARN[39m[22m [90m(testExchange @ run-tests.js:169)[39m
[22m[1m[22m[2m[75%][22m[1m Testing [36mlivecoin[39m [33mWARN[39m[22m [90m(testExchange @ run-tests.js:169)[39m
[22m[1m[22m[2m[76%][22m[1m Testing [36mluno[39m [33mWARN[39m[22m [90m(testExchange @ run-tests.js:169)[39m
[22m[1m[22m[2m[77%][22m[1m Testing [36mmandala[39m [31mFAIL[39m[22m [90m(testExchange @ run-tests.js:169)[39m
[22m[1m[22m[2m[77%][22m[1m Testing [36mliquid[39m [31mFAIL[39m[22m [90m(testExchange @ run-tests.js:169)[39m
[22m[1m[22m[2m[78%][22m[1m Testing [36mkraken[39m [33m[Request Timeout][39m[22m [90m(testExchange @ run-tests.js:169)[39m
[22m[1m[22m[2m[79%][22m[1m Testing [36mmixcoins[39m [33mWARN[39m[22m [90m(testExchange @ run-tests.js:169)[39m
[22m[1m[22m[2m[80%][22m[1m Testing [36mlykke[39m [32mOK[39m[22m [90m(testExchange @ run-tests.js:169)[39m
[22m[1m[22m[2m[80%][22m[1m Testing [36mmercado[39m [31mFAIL[39m[22m [90m(testExchange @ run-tests.js:169)[39m
[22m[1m[22m[2m[81%][22m[1m Testing [36mnova[39m [33mWARN[39m[22m [90m(testExchange @ run-tests.js:169)[39m
[22m[1m[22m[2m[82%][22m[1m Testing [36mokcoincny[39m [33m[Exchange Not Available][39m[22m [90m(testExchange @ run-tests.js:169)[39m
[22m[1m[22m[2m[83%][22m[1m Testing [36mokcoinusd[39m [33mWARN[39m[22m [90m(testExchange @ run-tests.js:169)[39m
[22m[1m[22m[2m[84%][22m[1m Testing [36mnegociecoins[39m [31mFAIL[39m[22m [90m(testExchange @ run-tests.js:169)[39m
[22m[1m[22m[2m[84%][22m[1m Testing [36mokex3[39m [31mFAIL[39m[22m [90m(testExchange @ run-tests.js:169)[39m
[22m[1m[22m[2m[85%][22m[1m Testing [36mpoloniex[39m [33mWARN[39m[22m [90m(testExchange @ run-tests.js:169)[39m
[22m[1m[22m[2m[86%][22m[1m Testing [36mokex[39m [32mOK[39m[22m [90m(testExchange @ run-tests.js:169)[39m
[22m[1m[22m[2m[87%][22m[1m Testing [36mpaymium[39m [33mWARN[39m[22m [90m(testExchange @ run-tests.js:169)[39m
[22m[1m[22m[2m[88%][22m[1m Testing [36mrightbtc[39m [33m[Exchange Not Available][39m[22m [90m(testExchange @ run-tests.js:169)[39m
[22m[1m[22m[2m[88%][22m[1m Testing [36msouthxchange[39m [33mWARN[39m[22m [90m(testExchange @ run-tests.js:169)[39m
[22m[1m[22m[2m[89%][22m[1m Testing [36mstronghold[39m [31mFAIL[39m[22m [90m(testExchange @ run-tests.js:169)[39m
[22m[1m[22m[2m[90%][22m[1m Testing [36msurbitcoin[39m [33mWARN[39m[22m [90m(testExchange @ run-tests.js:169)[39m
[22m[1m[22m[2m[91%][22m[1m Testing [36mtheocean[39m [31mFAIL[39m[22m [90m(testExchange @ run-tests.js:169)[39m
[22m[1m[22m[2m[91%][22m[1m Testing [36mtherock[39m [33mWARN[39m[22m [90m(testExchange @ run-tests.js:169)[39m
[22m[1m[22m[2m[92%][22m[1m Testing [36moceanex[39m [31mFAIL[39m[22m [90m(testExchange @ run-tests.js:169)[39m
[22m[1m[22m[2m[93%][22m[1m Testing [36mtidebit[39m [33mWARN[39m[22m [90m(testExchange @ run-tests.js:169)[39m
[22m[1m[22m[2m[94%][22m[1m Testing [36mtidex[39m [33mWARN[39m[22m [90m(testExchange @ run-tests.js:169)[39m
[22m[1m[22m[2m[95%][22m[1m Testing [36mupbit[39m [33mWARN[39m[22m [90m(testExchange @ run-tests.js:169)[39m
[22m[1m[22m[2m[95%][22m[1m Testing [36mvaultoro[39m [33m[Not Supported][39m[22m [90m(testExchange @ run-tests.js:169)[39m
[22m[1m[22m[2m[96%][22m[1m Testing [36mvbtc[39m [33mWARN[39m[22m [90m(testExchange @ run-tests.js:169)[39m
[22m[1m[22m[2m[97%][22m[1m Testing [36mxbtce[39m [33m[Authentication Error][39m[22m [90m(testExchange @ run-tests.js:169)[39m
[22m[1m[22m[2m[98%][22m[1m Testing [36mzb[39m [33mWARN[39m[22m [90m(testExchange @ run-tests.js:169)[39m
[22m[1m[22m[2m[98%][22m[1m Testing [36mzaif[39m [33mWARN[39m[22m [90m(testExchange @ run-tests.js:169)[39m
[22m[1m[22m[2m[99%][22m[1m Testing [36myobit[39m [33mWARN[39m[22m [90m(testExchange @ run-tests.js:169)[39m
[22m[1m[22m[2m[100%][22m[1m Testing [36mvirwox[39m [31mFAIL[39m[22m [90m(testExchange @ run-tests.js:169)[39m
[22m[1m[7m[33m[39m[27m[22m
[22m[1m[7m[33mWARN[39m[27m [33mallcoin[39m (PHP):[22m [90m(explain @ run-tests.js:188)[39m
[22m[1m[22m
	string(11) "./keys.json"
	EXCHANGE: allcoin
	[Exchange Not Available] https://www.allcoin.com/Home/MarketOverViewDetail/ GET 51 SSL: no alternative certificate subject name matches target host name 'www.allcoin.com' (ignoring)
	[Exchange Not Available] https://cors-anywhere.herokuapp.com/https://www.allcoin.com/Home/MarketOverViewDetail/ GET 404 Not found because of proxy error: Error [ERR_TLS_CERT_ALTNAME_INVALID]: Hostname/IP does not match certificate's altnames: Host: www.allcoin.com. is not in the cert's altnames: DNS:shortener.secureserver.net, DNS:www.shortener.secureserver.net (possible reasons: invalid API keys, bad or old nonce, exchange is down or offline, on maintenance, DDoS protection, rate-limiting in effect) (ignoring) [90m(explain @ run-tests.js:190)[39m
[22m[1m[7m[33m[39m[27m[22m
[22m[1m[7m[33mWARN[39m[27m [33mbcex[39m (PHP):[22m [90m(explain @ run-tests.js:188)[39m
[22m[1m[22m
	string(11) "./keys.json"
	EXCHANGE: bcex
	[DDoS Protection Error] https://www.bcex.top/Api_Market/getPriceList GET 404 <!doctype html>
	<html data-n-head-ssr theme="theme-0" data-n-head="theme">
	  <head data-n-head="">
	    <title data-n-head="true">BCEX Global | 每一个区块都在创造历史</title><meta data-n-head="true" charset="utf-8"/><meta data-n-head="true" name="viewport" content="width=device-width, initial-scale=1"/><meta data-n-head="true" name="format-detection" content="telephone=no"/><meta data-n-head="true" data-hid="description" name="description" content="BCEX Global是交易量排名全球前十的数字货币交易所，注册用户超150万，分布于50多个国家，支持比特币BTC、泰达币USDT、以太坊ETH、HKDT、GUSD、CK.USD等主流数字货币交易，是全球币种最多的稳定币交易中心，想要了解更多信息，欢迎点击BCEX Global官网。"/><meta data-n-head="true" data-hid="keywords" name="keywords" content="比特币,BTC,莱特币,LTC,以太坊,ETH,瑞波币,虚拟货币,数字货币,投资,挖矿,BCEX Global官网,比特币交易平台，数字货币交易平台，区块链技术"/><link data-n-head="true" rel="icon" type="image/x-icon" href="/favicon.ico"/><script data-n-head="true" src="/iconfont.js"></script><script data-n-head="true" src="/kline/charting_library/charting_library.min.20190718.js" defer="defer"></script><script data-n-head="true" data-hid="baidu" src="https://hm.baidu.com/hm.js?f96208a339a37d4da401ccfee451a847"></script><script data-n-head="true" data-hid="google" src="https://www.googletagmanager.com/gtag/js?id=UA-131033788-1" async="true"></script><script data-n-head="true" data-hid="cnzz" src="https://s96.cnzz.com/z_stat.php?id=1275711723&amp;web_id=1275711723" async="true"></script><link rel="preload" href="/_nuxt/bb9596b95e4f1d8c0986.js" as="script"><link rel="preload" href="/_nuxt/e0148bc0b0264333b6f3.js" as="script"><link rel="preload" href="/_nuxt/f09bbf019f39f1fe9fb6.js" as="script"><link rel="preload" href="/_nuxt/883cc57e6cc23ac5464b.js" as="script"><style data-vue-ssr-id="7b429425:0 f65f9ff6:0 b1296f42:0 37a255be:0 52b3cb2c:0 f8e5b2be:0">@font-face{font-family:DINAlternate-Bold;src:url(/font/DIN-Bold.otf)}blockquote,body,button,code,dd,div,dl,dt,fieldset,form,h1,h2,h3,h4,h5,h6,input,legend,li,ol,p,pre,td,textarea,th,ul{margin:0;padding:0}body{background-color:#030e20;color:#fff;font-size:14px;font-family:PingFang SC,Helvetica Neue,Helvetica,Hiragino Sans GB,Microsoft YaHei,Arial,sans-serif;min-width:1250px}[theme=theme-1] body{background-color:#f9fafc;color:#4a5f78}[theme=theme-2] body{background-color:#f7f7f7;color:#333}caption,td,th{font-size:14px}h1,h2,h3,h4,h5,h6{font-weight:400;font-size:100%}address,caption,cite,code,dfn,em,strong,th,var{font-style:normal;font-weight:400}a{color:#fff;outline:none}a,a:hover{text-decoration:none}img{border:none}li,ol,ul{list-style:none}button,input,select,textarea{outline:none;font-size:14px;font-family:PingFangSC-Regular}table{border-collapse:collapse}html{overflow-y:scroll}button,input[type=button],input[type=reset],input[type=submit]{border:none;outline:none;-webkit-appearance:none}.clearfix:after{content:".";display:block;height:0;clear:both;visibility:hidden}.clearfix{*zoom:1}article,aside,details,figcaption,figure,footer,header,hgroup,menu,nav,section{display:block}::-webkit-scrollbar{width:6px;height:8px;background-color:transparent}::-webkit-scrollbar-thumb{width:6px;border-radius:8px;-webkit-box-shadow:inset 0 0 6px rgba(0,0,0,.3);background-color:#94abc0}::-webkit-scrollbar-track{-webkit-box-shadow:inset 0 0 6px rgba(0,0,0,.15)}.fl{float:left}.fr{float:right}.al{text-align:left}.ac{text-align:center}.ar{text-align:right}.hide{display:none}.buy{color:#e04444}.sell{color:#4ac465}.svg_icon{width:12px;height:12px;vertical-align:middle;fill:currentColor;overflow:hidden}input:-webkit-autofill{-webkit-box-shadow:0 0 0 1000px #fff inset}
	.error[data-v-721d3318]{background-color:#030e20}[theme=theme-1] .error[data-v-721d3318],[theme=theme-2] .error[data-v-721d3318]{background-color:#fff}.error .container[data-v-721d3318]{min-height:calc(100vh - 294px)}.error .container .not-found[data-v-721d3318]{padding:150px 0}.error .container .not-found .icon[data-v-721d3318]{display:block;width:322.1px;height:300px;margin:0 auto;background-image:url(/_nuxt/img/46fc912.svg);background-repeat:no-repeat;background-size:100% 100%}.error .container .not-found .message[data-v-721d3318]{text-align:center;font-size:18px;color:#fff;margin-top:60px}[theme=theme-1] .error .container .not-found .message[data-v-721d3318]{color:#4a5f78}[theme=theme-2] .error .container .not-found .message[data-v-721d3318]{color:#333}.error .container .error-message[data-v-721d3318]{padding:150px 0}.error .container .error-message .icon[data-v-721d3318]{display:block;width:494px;height:343px;margin:0 auto;background-image:url(/_nuxt/img/7085ce6.png);background-repeat:no-repeat}.error .container .error-message .message[data-v-721d3318]{text-align:center;font-size:18px;color:#fff;margin-top:60px}.error .container .error-message .message .link[data-v-721d3318]{color:#4980e3;cursor:pointer}[theme=theme-1] .error .container .error-message .message .link[data-v-721d3318]{color:#086e7f}[theme=theme-2] .error .container .error-message .message .link[data-v-721d3318]{color:#ffb933}
	.header_nav[data-v-13d82628]{background-color:#1f293a;height:60px}[theme=theme-2] .header_nav[data-v-13d82628]{background-color:#1a1f26}.header_nav .nav_center[data-v-13d82628]{width:1200px;height:60px;margin:0 auto}.header_nav .nav_left .link[data-v-13d82628]{cursor:pointer}.header_nav .nav_left li[data-v-13d82628]{float:left;height:60px;line-height:60px;margin-left:40px;font-family:PingFangSC-Regular;font-size:14px;color:#fff}.header_nav .nav_left li.logo[data-v-13d82628]{margin-left:0;margin-right:0}.header_nav .nav_left li.logo a[data-v-13d82628]{display:block;width:156px;height:30px;background-image:url(/_nuxt/img/c93118b.svg);background-size:cover;margin-top:15px}.header_nav .nav_left li.logo a.logo-link[data-v-13d82628]{display:block;width:auto;height:30px;background-image:none;line-height:30px;margin-top:15px}.header_nav .nav_left li.logo a.logo-link .logo-img[data-v-13d82628]{height:30px}.header_nav .nav_left li a[data-v-13d82628]:hover{color:#4980e3}[theme=theme-2] .header_nav .nav_left li a[data-v-13d82628]:hover{color:#ffb933}.header_nav .nav_left .activity[data-v-13d82628]{position:relative}.header_nav .nav_left .activity .activity-icon[data-v-13d82628]{display:inline-block;width:18px;height:18px;background-image:url(/_nuxt/img/96cb343.svg);background-repeat:no-repeat;background-size:100% 100%;vertical-align:middle;margin-right:2px;margin-top:-2px}.header_nav .nav_left .activity .activity_content[data-v-13d82628]{background-color:#2b364b;box-shadow:0 10px 10px 0 rgba(16,22,45,.4);position:absolute;top:60px;left:6px;z-index:2}.header_nav .nav_left .activity .activity_content.v-zoom-in-top-enter-active[data-v-13d82628],.header_nav .nav_left .activity .activity_content.v-zoom-in-top-leave-active[data-v-13d82628]{opacity:1;-webkit-transform:scaleY(1);transform:scaleY(1);transition:opacity .3s cubic-bezier(.23,1,.32,1),-webkit-transform .3s cubic-bezier(.23,1,.32,1);transition:transform .3s cubic-bezier(.23,1,.32,1),opacity .3s cubic-bezier(.23,1,.32,1);transition:transform .3s cubic-bezier(.23,1,.32,1),opacity .3s cubic-bezier(.23,1,.32,1),-webkit-transform .3s cubic-bezier(.23,1,.32,1);-webkit-transform-origin:center top;transform-origin:center top}.header_nav .nav_left .activity .activity_content.v-zoom-in-top-enter[data-v-13d82628],.header_nav .nav_left .activity .activity_content.v-zoom-in-top-leave-active[data-v-13d82628]{opacity:0;-webkit-transform:scaleY(0);transform:scaleY(0)}[theme=theme-2] .header_nav .nav_left .activity .activity_content[data-v-13d82628]{background-color:#1a1f26}.header_nav .nav_left .activity .activity_content .link[data-v-13d82628]{display:block;min-width:60px;padding:0 20px;height:40px;line-height:40px;text-align:left;white-space:nowrap}.header_nav .nav_left .activity .activity_content .link[data-v-13d82628]:hover{color:#4980e3;background:#1f293a}[theme=theme-2] .header_nav .nav_left .activity .activity_content .link[data-v-13d82628]:hover{color:#ffb933;background-color:#484c51}.header_nav .nav_right .svg_icon[data-v-13d82628]{width:12px;height:12px;margin-left:4px}.header_nav .nav_right li.item[data-v-13d82628]{float:left;height:60px;line-height:60px;font-family:PingFangSC-Regular;font-size:14px;color:#fff;margin-left:40px}.header_nav .nav_right li.item:first-child a .svg_icon_up[data-v-13d82628]{display:none}.header_nav .nav_right li.item:first-child a:hover .svg_icon_up[data-v-13d82628]{display:inline-block}.header_nav .nav_right li.item:first-child a:hover .svg_icon_down[data-v-13d82628]{display:none}.header_nav .nav_right li.item .app_box[data-v-13d82628]{position:relative}.header_nav .nav_right li.item .app_box .app_bcex[data-v-13d82628]{display:block;width:120px;height:130px;background-color:#2b364b;position:absolute;top:40px;left:-45px;box-shadow:0 10px 10px 0 rgba(16,22,45,.4)}.header_nav .nav_right li.item .app_box .app_bcex.v-zoom-in-top-enter-active[data-v-13d82628],.header_nav .nav_right li.item .app_box .app_bcex.v-zoom-in-top-leave-active[data-v-13d82628]{opacity:1;-webkit-transform:scaleY(1);transform:scaleY(1);transition:opacity .3s cubic-bezier(.23,1,.32,1),-webkit-transform .3s cubic-bezier(.23,1,.32,1);transition:transform .3s cubic-bezier(.23,1,.32,1),opacity .3s cubic-bezier(.23,1,.32,1);transition:transform .3s cubic-bezier(.23,1,.32,1),opacity .3s cubic-bezier(.23,1,.32,1),-webkit-transform .3s cubic-bezier(.23,1,.32,1);-webkit-transform-origin:center top;transform-origin:center top}.header_nav .nav_right li.item .app_box .app_bcex.v-zoom-in-top-enter[data-v-13d82628],.header_nav .nav_right li.item .app_box .app_bcex.v-zoom-in-top-leave-active[data-v-13d82628]{opacity:0;-webkit-transform:scaleY(0);transform:scaleY(0)}[theme=theme-2] .header_nav .nav_right li.item .app_box .app_bcex[data-v-13d82628]{background-color:#1a1f26}.header_nav .nav_right li.item .app_box .app_title[data-v-13d82628]{display:block;font-family:PingFangSC-Thin;font-size:14px;color:#fff;line-height:34px;text-align:center;white-space:nowrap}.header_nav .nav_right li.item .app_box .app_img[data-v-13d82628]{width:80px;height:80px;margin-left:20px}.header_nav .nav_right li.item a[data-v-13d82628]:hover{color:#4980e3}[theme=theme-2] .header_nav .nav_right li.item a[data-v-13d82628]:hover{color:#ffb933}.header_nav .nav_right li.item a.sign[data-v-13d82628]{color:#94abc0}[theme=theme-2] .header_nav .nav_right li.item a.sign[data-v-13d82628]{color:#999}.header_nav .nav_right li.item a.register[data-v-13d82628]{background-color:#4980e3;padding:6px 28px;font-size:12px;border-radius:2px}[theme=theme-2] .header_nav .nav_right li.item a.register[data-v-13d82628]{background-color:#ffb933}.header_nav .nav_right li.item a.register[data-v-13d82628]:hover{color:#fff;background-color:#82a4e1}[theme=theme-2] .header_nav .nav_right li.item a.register[data-v-13d82628]:hover{color:#fff;background-color:#ffc75c}.header_nav .nav_right .order[data-v-13d82628]{position:relative}.header_nav .nav_right .order .order_content[data-v-13d82628]{background-color:#2b364b;box-shadow:0 10px 10px 0 rgba(16,22,45,.4);position:absolute;top:60px;left:-20px;z-index:2}.header_nav .nav_right .order .order_content.v-zoom-in-top-enter-active[data-v-13d82628],.header_nav .nav_right .order .order_content.v-zoom-in-top-leave-active[data-v-13d82628]{opacity:1;-webkit-transform:scaleY(1);transform:scaleY(1);transition:opacity .3s cubic-bezier(.23,1,.32,1),-webkit-transform .3s cubic-bezier(.23,1,.32,1);transition:transform .3s cubic-bezier(.23,1,.32,1),opacity .3s cubic-bezier(.23,1,.32,1);transition:transform .3s cubic-bezier(.23,1,.32,1),opacity .3s cubic-bezier(.23,1,.32,1),-webkit-transform .3s cubic-bezier(.23,1,.32,1);-webkit-transform-origin:center top;transform-origin:center top}.header_nav .nav_right .order .order_content.v-zoom-in-top-enter[data-v-13d82628],.header_nav .nav_right .order .order_content.v-zoom-in-top-leave-active[data-v-13d82628]{opacity:0;-webkit-transform:scaleY(0);transform:scaleY(0)}[theme=theme-2] .header_nav .nav_right .order .order_content[data-v-13d82628]{background-color:#1a1f26}.header_nav .nav_right .order .order_content .link[data-v-13d82628]{display:block;min-width:60px;padding:0 20px;height:40px;line-height:40px;text-align:left;white-space:nowrap}.header_nav .nav_right .order .order_content .link[data-v-13d82628]:hover{color:#4980e3;background-color:#1f293a}[theme=theme-2] .header_nav .nav_right .order .order_content .link[data-v-13d82628]:hover{color:#ffb933;background-color:#484c51}
	.lang[data-v-342d4c67]{text-align:center;cursor:pointer;position:relative}.lang .svg_icon[data-v-342d4c67]{width:10px;height:10px;margin-left:5px}.lang .svg_icon.up[data-v-342d4c67]{color:#4980e3;display:none}[theme=theme-1] .lang .svg_icon.up[data-v-342d4c67]{color:#79cbdb}[theme=theme-2] .lang .svg_icon.up[data-v-342d4c67]{color:#ffb933}.lang .lists[data-v-342d4c67]{background:#2b364b;box-shadow:0 10px 10px 0 rgba(16,22,45,.4);position:absolute;top:60px;left:-20px;z-index:2}.lang .lists.v-zoom-in-top-enter-active[data-v-342d4c67],.lang .lists.v-zoom-in-top-leave-active[data-v-342d4c67]{opacity:1;-webkit-transform:scaleY(1);transform:scaleY(1);transition:opacity .3s cubic-bezier(.23,1,.32,1),-webkit-transform .3s cubic-bezier(.23,1,.32,1);transition:transform .3s cubic-bezier(.23,1,.32,1),opacity .3s cubic-bezier(.23,1,.32,1);transition:transform .3s cubic-bezier(.23,1,.32,1),opacity .3s cubic-bezier(.23,1,.32,1),-webkit-transform .3s cubic-bezier(.23,1,.32,1);-webkit-transform-origin:center top;transform-origin:center top}.lang .lists.v-zoom-in-top-enter[data-v-342d4c67],.lang .lists.v-zoom-in-top-leave-active[data-v-342d4c67]{opacity:0;-webkit-transform:scaleY(0);transform:scaleY(0)}[theme=theme-1] .lang .lists[data-v-342d4c67]{background-color:#fff}[theme=theme-2] .lang .lists[data-v-342d4c67]{background-color:#1a1f26}.lang .lists .item[data-v-342d4c67]{float:none;margin:0;width:100px;height:40px;line-height:40px;text-align:center}.lang .lists .item[data-v-342d4c67]:hover{color:#4980e3;background:#1f293a}[theme=theme-1] .lang .lists .item[data-v-342d4c67]:hover{color:#fff;background-color:#79cbdb}[theme=theme-2] .lang .lists .item[data-v-342d4c67]:hover{color:#ffb933;background-color:#484c51}.lang:hover .cur_lang[data-v-342d4c67]{color:#4980e3}[theme=theme-1] .lang:hover .cur_lang[data-v-342d4c67]{color:#79cbdb}[theme=theme-2] .lang:hover .cur_lang[data-v-342d4c67]{color:#ffb933}.lang:hover .down[data-v-342d4c67]{display:none}.lang:hover .up[data-v-342d4c67]{display:inline-block}
	.qrcode[data-v-d5b455b6]{width:80px;height:80px;margin:0 auto}.qrcode .qrcode-img[data-v-d5b455b6]{width:100%;height:100%}
	.footer_box[data-v-5629e546]{background-color:#2b364b;padding-top:40px}[theme=theme-1] .footer_box[data-v-5629e546]{background-color:#e6ecf2}[theme=theme-2] .footer_box[data-v-5629e546]{background-color:#0e1114}.footer_box .footer_center[data-v-5629e546]{width:1200px;margin:0 auto}.footer_box .link_box[data-v-5629e546]{border-bottom:1px solid #1c233f}[theme=theme-1] .footer_box .link_box[data-v-5629e546]{border-bottom:1px solid #d5dde1}[theme=theme-2] .footer_box .link_box[data-v-5629e546]{border-bottom:1px solid #1a1f26}.footer_box .function_link li[data-v-5629e546]{float:left;margin-right:30px;font-size:12px}[theme=theme-1] .footer_box .function_link li a[data-v-5629e546]{color:#4a5f78}[theme=theme-1] .footer_box .function_link li a[data-v-5629e546]:hover{color:#4980e3}.footer_box .function_link .icon_box[data-v-5629e546]{float:none;margin-top:60px}.footer_box .function_link .icon_box .share_link[data-v-5629e546],.footer_box .function_link .icon_box a[data-v-5629e546]{color:#4a5f78;position:relative}[theme=theme-1] .footer_box .function_link .icon_box .share_link[data-v-5629e546],[theme=theme-1] .footer_box .function_link .icon_box a[data-v-5629e546]{color:#4a5f78}[theme=theme-2] .footer_box .function_link .icon_box .share_link[data-v-5629e546],[theme=theme-2] .footer_box .function_link .icon_box a[data-v-5629e546]{color:#999}.footer_box .function_link .icon_box .share_link[data-v-5629e546]:hover,.footer_box .function_link .icon_box a[data-v-5629e546]:hover,[theme=theme-1] .footer_box .function_link .icon_box .share_link[data-v-5629e546]:hover,[theme=theme-1] .footer_box .function_link .icon_box a[data-v-5629e546]:hover{color:#4980e3}[theme=theme-2] .footer_box .function_link .icon_box .share_link[data-v-5629e546]:hover,[theme=theme-2] .footer_box .function_link .icon_box a[data-v-5629e546]:hover{color:#ffb933}.footer_box .function_link .icon_box a.wechat img[data-v-5629e546]{display:none;width:100px;height:100px;position:absolute;top:-100px;left:-40px;box-shadow:0 0 6px 4px rgba(16,22,45,.1)}.footer_box .function_link .icon_box a.wechat:hover img[data-v-5629e546]{display:block}.footer_box .function_link .icon_box .share_link .share_box[data-v-5629e546]{display:none;background:#fff;box-shadow:0 2px 4px 1px rgba(0,0,0,.1);border-radius:4px;width:270px;height:170px;position:absolute;top:-210px;left:-157px;padding:20px;cursor:default}.footer_box .function_link .icon_box .share_link .share_box .text[data-v-5629e546]{text-align:left;font-family:PingFangSC-Thin;font-size:14px;color:#343d5e;line-height:14px}.footer_box .function_link .icon_box .share_link .share_box .img_box[data-v-5629e546]{display:block}.footer_box .function_link .icon_box .share_link .share_box .img_box .img[data-v-5629e546]{float:left;width:120px;height:120px;margin-left:-10px}.footer_box .function_link .icon_box .share_link .share_box .img_box .right_box[data-v-5629e546]{float:right}.footer_box .function_link .icon_box .share_link .share_box .img_box .right_box a[data-v-5629e546]{display:block;width:138px;height:38px;font-size:12px;color:#4980e3;text-align:center;line-height:38px;margin-top:15px;border:1px solid #4980e3;border-radius:100px}.footer_box .function_link .icon_box .share_link .share_box .img_box .right_box a[data-v-5629e546]:hover{background:#4980e3;color:#fff}.footer_box .function_link .icon_box .share_link:hover .share_box[data-v-5629e546]{display:block}.footer_box .function_link .svg_icon[data-v-5629e546]{width:22px;height:22px;margin-right:20px}.footer_box .friendship_link[data-v-5629e546]{width:460px;margin-bottom:42px}.footer_box .friendship_link li[data-v-5629e546]{float:left;margin-left:20px;line-height:24px}.footer_box .friendship_link li a[data-v-5629e546]{font-family:PingFangSC-Regular;font-size:12px;color:#94abc0}[theme=theme-2] .footer_box .friendship_link li a[data-v-5629e546]{color:#999}.footer_box .friendship_link li a[data-v-5629e546]:hover,[theme=theme-1] .footer_box .friendship_link li a[data-v-5629e546]:hover{color:#4980e3}[theme=theme-2] .footer_box .friendship_link li a[data-v-5629e546]:hover{color:#999}.footer_box .friendship_link p[data-v-5629e546]{margin-left:20px;margin-bottom:17px;font-family:PingFangSC-Regular;font-size:12px;color:#d5dde1}[theme=theme-1] .footer_box .friendship_link p[data-v-5629e546]{color:#4a5f78}[theme=theme-2] .footer_box .friendship_link p[data-v-5629e546]{color:#999}.footer_box .email_box[data-v-5629e546]{height:70px}.footer_box .email_box li[data-v-5629e546]{font-family:PingFangSC-Regular;font-size:12px;color:#94abc0;line-height:70px}[theme=theme-2] .footer_box .email_box li[data-v-5629e546]{color:#999}.footer_box .email_box li span[data-v-5629e546]{font-size:12px;color:#fff;line-height:70px}[theme=theme-1] .footer_box .email_box li span[data-v-5629e546]{color:#94abc0}[theme=theme-2] .footer_box .email_box li span[data-v-5629e546]{color:#999}</style>
	  </head>
	  <body data-n-head="">
	    <div data-server-rendered="true" id="__nuxt"><div id="__layout"><div class="error" data-v-721d3318><header class="header_nav" data-v-13d82628 data-v-721d3318><div class="nav_center" data-v-13d82628><ul class="fl nav_left" data-v-13d82628><li class="logo" data-v-13d82628><a href="/" class="logo-link nuxt-link-active" data-v-13d82628><img src="https://sc.be-app.net/sc.bcex.top/10/cms/20190228/dc6fa5b28acfe6e8ea039e07eb009ac6.png" alt="" class="logo-img" data-v-13d82628></a></li> <li data-v-13d82628><a href="/" class="link nuxt-link-active" data-v-13d82628>币币交易</a></li> <li data-v-13d82628><a href="https://otc.bcex.top" target="_blank" class="link" data-v-13d82628>法币交易</a></li> <li data-v-13d82628><a href="javascript:void(0);" class="link" data-v-13d82628>合约交易</a></li> <li class="activity" data-v-13d82628><a href="javascript:void(0)" data-v-13d82628><i class="activity-icon" data-v-13d82628></i>
	              最新活动
	          </a> <div class="activity_content" style="display:none;" data-v-13d82628 data-v-13d82628><a href="/activity/bit-bill" class="link" data-v-13d82628>赠币宝</a> <a href="/activity/holding-ranking" class="link" data-v-13d82628>持有排行赛</a> <a href="/activity/trade-ranking" class="link" data-v-13d82628>交易排行赛</a></div></li> <li data-v-13d82628><a href="/bdex" class="link" data-v-13d82628>BDEX交易区</a></li> <li data-v-13d82628><a class="link" data-v-13d82628>帮助中心</a></li></ul> <ul class="fr nav_right" data-v-13d82628><li class="item" data-v-13d82628><div class="lang" data-v-342d4c67 data-v-13d82628><span class="cur_lang" data-v-342d4c67>简体中文</span> <svg aria-hidden="true" class="svg_icon down" data-v-342d4c67><use xlink:href="#icon-sanjiao_down" data-v-342d4c67></use></svg> <svg aria-hidden="true" class="svg_icon up" data-v-342d4c67><use xlink:href="#icon-sanjiao_up" data-v-342d4c67></use></svg> <ul class="lists" style="display:none;" data-v-342d4c67 data-v-342d4c67><li class="item" data-v-342d4c67>English</li><li class="item" data-v-342d4c67>简体中文</li></ul></div></li> <li class="item" data-v-13d82628><a href="javascript:void(0);" class="link app_box" data-v-13d82628><span data-v-13d82628>APP</span> <span class="app_bcex" style="display:none;" data-v-13d82628 data-v-13d82628><span class="app_title" data-v-13d82628>扫码下载</span> <div class="qrcode" style="width:80px;height:80px;" data-v-d5b455b6 data-v-13d82628><img src="/_nuxt/img/a98c5d3.png" class="qrcode-img" data-v-d5b455b6></div></span></a></li> <li class="item" data-v-13d82628><a href="/login" class="link sign" data-v-13d82628>登录</a></li> <li class="item" data-v-13d82628><a href="/register" class="link register" data-v-13d82628>注册</a></li> <!----> <!----> <!----></ul></div></header> <div class="container" data-v-721d3318><div class="not-found" data-v-721d3318><div class="icon" data-v-721d3318></div> <div class="message" data-v-721d3318>出错啦！您访问的网页不存在</div></div></div> <div class="footer_box" data-v-5629e546 data-v-721d3318><div class="footer_center" data-v-5629e546><div class="link_box clearfix" data-v-5629e546><ul class="fl function_link" data-v-5629e546><li data-v-5629e546><a href="javascript:void(0);" data-v-5629e546>联系客服</a></li> <li data-v-5629e546><a href="https://github.com/BCEX-TECHNOLOGY-LIMITED/API_Docs/wiki/Interface" target="_blank" data-v-5629e546>API文档</a></li> <li data-v-5629e546><a href="/service" target="_blank" data-v-5629e546>服务协议</a></li> <li data-v-5629e546><a href="/service/privacy" target="_blank" data-v-5629e546>隐私政策</a></li> <li data-v-5629e546><a href="/fees" target="_blank" data-v-5629e546>费率说明</a></li> <li data-v-5629e546><a href="http://bcexglobal.mikecrm.com/gP5peaA" target="_blank" data-v-5629e546>上币申请</a></li> <li class="icon_box" data-v-5629e546><a href="javascript:void(0)" class="wechat" data-v-5629e546><svg aria-hidden="true" class="svg_icon" data-v-5629e546><use xlink:href="#icon-wechat" data-v-5629e546></use></svg> <img src="/_nuxt/img/fd41a1d.jpg" alt data-v-5629e546></a> <a href="https://www.facebook.com/BCEXofficialCanada/?modal=admin_todo_tour" target="_blank" data-v-5629e546><svg aria-hidden="true" class="svg_icon" data-v-5629e546><use xlink:href="#icon-facebook" data-v-5629e546></use></svg></a> <a href="https://twitter.com/BCEXofficial" target="_blank" data-v-5629e546><svg aria-hidden="true" class="svg_icon" data-v-5629e546><use xlink:href="#icon-tuite" data-v-5629e546></use></svg></a> <a href="https://0.plus/#/bcex_official" target="_blank" data-v-5629e546><svg aria-hidden="true" class="svg_icon" data-v-5629e546><use xlink:href="#icon-dianbao" data-v-5629e546></use></svg></a> <span class="share_link" data-v-5629e546><svg aria-hidden="true" class="svg_icon" data-v-5629e546><use xlink:href="#icon-gongxianghuzhao" data-v-5629e546></use></svg> <span class="share_box" data-v-5629e546><span class="text" data-v-5629e546>BCEX Global用户交流群</span> <span class="img_box clearfix" data-v-5629e546><img src="/_nuxt/img/fd41a1d.jpg" alt class="img" data-v-5629e546> <span class="right_box" data-v-5629e546><a href="https://www.pgyer.com/xKfF" target="_blank" data-v-5629e546>ios下载</a> <a href="https://www.pgyer.com/wepass" target="_blank" data-v-5629e546>Android下载</a></span></span> <span class="text" data-v-5629e546>请打开“共享护照”APP，打开“扫一扫”进行扫码</span></span></span></li></ul> <ul class="fr friendship_link" data-v-5629e546><p data-v-5629e546>友情链接</p> <!----> <li data-v-5629e546><a href="https://www.coingogo.com" target="_blank" data-v-5629e546>币源社区</a></li><li data-v-5629e546><a href="http://www.qukuaiwang.com.cn" target="_blank" data-v-5629e546>区块网</a></li><li data-v-5629e546><a href="http://www.bitett.com/portal.php" target="_blank" data-v-5629e546>比特头条</a></li><li data-v-5629e546><a href="http://www.chainfor.com" target="_blank" data-v-5629e546>链向财经</a></li><li data-v-5629e546><a href="http://www.qkzj.com" target="_blank" data-v-5629e546>区块之家</a></li><li data-v-5629e546><a href="https://aicoin.com" target="_blank" data-v-5629e546>AICoin</a></li><li data-v-5629e546><a href="http://bcsky.pro" target="_blank" data-v-5629e546>链天下</a></li></ul></div> <ul class="email_box" data-v-5629e546><li class="fl" data-v-5629e546><span data-v-5629e546>商务邮箱：</span><a href="/cdn-cgi/l/email-protection" class="__cf_email__" data-cfemail="1c7e696f7572796f6f5c7e7f7964326a756c">[email&#160;protected]</a></li> <li class="fl" style="margin-left: 20px;" data-v-5629e546><span data-v-5629e546>客服邮箱：</span><a href="/cdn-cgi/l/email-protection" class="__cf_email__" data-cfemail="55263027233c3630153736302d7b233c25">[email&#160;protected]</a></li> <li class="fr" data-v-5629e546>Copyright © 2019 BCEX.CA All Rights Reserved.</li></ul></div></div></div></div></div><script data-cfasync="false" src="/cdn-cgi/scripts/5c5dd728/cloudflare-static/email-decode.min.js"></script><script>window.__NUXT__=(function(a,b,c,d,e,f,g,h,i,j,k,l,m,n,o,p,q,r,s,t,u,v,w,x,y,z,A,B,C,D,E,F,G,H,I,J,K,L,M,N,O,P,Q,R,S,T,U,V,W,X,Y,Z,_,$,aa,ab,ac,ad,ae,af,ag,ah,ai,aj,ak,al,am,an,ao,ap,aq,ar,as,at,au,av,aw,ax,ay,az,aA,aB,aC,aD,aE,aF,aG,aH,aI,aJ,aK,aL,aM,aN,aO,aP,aQ,aR,aS,aT,aU,aV,aW,aX,aY,aZ,a_,a$,ba,bb,bc,bd,be,bf,bg,bh,bi,bj,bk,bl,bm,bn,bo,bp,bq,br,bs,bt,bu,bv,bw,bx,by,bz,bA,bB,bC,bD,bE,bF,bG,bH,bI,bJ){return {layout:"default",data:[],error:{statusCode:404,path:"\u002FApi_Market\u002FgetPriceList",message:"This page could not be found"},state:{user:a,auth:0,isNovice:false,orgId:10,_otc:"https:\u002F\u002Fotc.bcex.top",_socket:"https:\u002F\u002Fso.bcex.top",_static:"https:\u002F\u002Fsc.be-app.net",_theme:"theme-0",nav:a,tokens:[{token:as,token_as:as,logo_url:"\u002Fsc.bcex.top\u002F0\u002Fcms\u002F20190628\u002F136782c0f98f956ba4d31fde59096f9f.png"},{token:d,token_as:d,logo_url:"\u002Fsc.bcex.top\u002F0\u002Fcms\u002F20181214\u002F98b218551f5f49755aefc761696bbd70.png"},{token:at,token_as:at,logo_url:"\u002Fsc.bcex.top\u002F0\u002Fcms\u002F20181214\u002F2e70699ac10ffa9168e9ff0aefc999f6.png"},{token:e,token_as:e,logo_url:"\u002Fsc.bcex.top\u002F0\u002Fcms\u002F20181214\u002F5f3da6e157c65b1c5353d5ecfd50ec66.png"},{token:f,token_as:f,logo_url:"\u002Fsc.bcex.top\u002F0\u002Fcms\u002F20181214\u002F64ed6db4ed14afaa4f195edccfe9121d.png"},{token:g,token_as:g,logo_url:"\u002Fsc.bcex.top\u002F0\u002Fcms\u002F20181214\u002F600b30b77b2814c1e3992ec9110d3647.png"},{token:h,token_as:h,logo_url:"\u002Fsc.bcex.top\u002F0\u002Fcms\u002F20181214\u002Fd4deb426d4a158df86202598581413bb.png"},{token:i,token_as:i,logo_url:"\u002Fsc.bcex.top\u002F0\u002Fcms\u002F20181214\u002F7ce9f0658bae81676be61c79c26d9ec4.png"},{token:j,token_as:j,logo_url:"\u002Fsc.bcex.top\u002F0\u002Fcms\u002F20181214\u002F5cb90763abd0e07f745dde197ec5e562.png"},{token:k,token_as:k,logo_url:"\u002Fsc.bcex.top\u002F0\u002Fcms\u002F20181214\u002Febc33a3b1cbf5c233c49902603d85a4a.png"},{token:l,token_as:l,logo_url:"\u002Fsc.bcex.top\u002F0\u002Fcms\u002F20181214\u002F097331b64e14ee24814f8f9469e03106.png"},{token:m,token_as:m,logo_url:"\u002Fsc.bcex.top\u002F0\u002Fcms\u002F20181214\u002Fadd0ecd9bfc639a5542838bd089a7f33.png"},{token:n,token_as:n,logo_url:"\u002Fsc.bcex.top\u002F0\u002Fcms\u002F20181214\u002Fe4123278183611a1b846a5e267f897ee.png"},{token:o,token_as:o,logo_url:"\u002Fsc.bcex.top\u002F0\u002Fcms\u002F20181214\u002F6472b827003b537c828df3ab5426ff32.png"},{token:p,token_as:p,logo_url:"\u002Fsc.bcex.top\u002F0\u002Fcms\u002F20181214\u002F3530cecbe69e6d3d6791f48895d5aa6d.png"},{token:q,token_as:q,logo_url:"\u002Fsc.bcex.top\u002F0\u002Fcms\u002F20181214\u002Fb7105685aea7573f1b63cf9234ded225.png"},{token:r,token_as:r,logo_url:"\u002Fsc.bcex.top\u002F0\u002Fcms\u002F20181214\u002F21f3f86919ae0830cf7c2d7b813d829b.png"},{token:"ANS",token_as:"NEO",logo_url:"\u002Fsc.bcex.top\u002F0\u002Fcms\u002F20181214\u002Ff684dd9647e4889d15548052606dcfa6.png"},{token:s,token_as:s,logo_url:"\u002Fsc.bcex.top\u002F0\u002Fcms\u002F20181214\u002F0bbed5dc1a4499c2e5ae3c500ec00d1d.png"},{token:t,token_as:t,logo_url:"\u002Fsc.bcex.top\u002F0\u002Fcms\u002F20181214\u002F9f4f66c801c0ec803e8fca5b53cbb37b.png"},{token:u,token_as:u,logo_url:"\u002Fsc.bcex.top\u002F0\u002Fcms\u002F20190114\u002F4237c7645bb2547ef848ab6e7b5d67c9.jpg"},{token:v,token_as:v,logo_url:"\u002Fsc.bcex.top\u002F0\u002Fcms\u002F20181214\u002Fe5c0ff50e9f65504da5d81ca78fa9616.png"},{token:w,token_as:w,logo_url:"\u002Fsc.bcex.top\u002F0\u002Fcms\u002F20181214\u002F231b77e29bf1eec24ac8f4b67dbeeab8.png"},{token:x,token_as:x,logo_url:"\u002Fsc.bcex.top\u002F0\u002Fcms\u002F20181214\u002Fff182e20e75db7860ef6b45eca876113.png"},{token:y,token_as:y,logo_url:"\u002Fsc.bcex.top\u002F0\u002Fcms\u002F20181214\u002F94e481a214f50a8708df6df4b7d5baa1.png"},{token:z,token_as:z,logo_url:"\u002Fsc.bcex.top\u002F0\u002Fcms\u002F20181214\u002Fef9bdf49b6632d871b533654fb2df1d3.png"},{token:A,token_as:A,logo_url:"\u002Fsc.bcex.top\u002F0\u002Fcms\u002F20181214\u002F54436857c5476017d27500f2e82d9ece.png"},{token:B,token_as:B,logo_url:"\u002Fsc.bcex.top\u002F0\u002Fcms\u002F20181214\u002F3a1bd2decc55c0a70adfe48e0c5b6b94.png"},{token:C,token_as:C,logo_url:"\u002Fsc.bcex.top\u002F0\u002Fcms\u002F20181214\u002Fc0a52f226e28e29373780910797de6b3.png"},{token:D,token_as:D,logo_url:"\u002Fsc.bcex.top\u002F0\u002Fcms\u002F20181214\u002Ff29750ac89730b7b8f5e7ae8ec34e97a.png"},{token:E,token_as:E,logo_url:"\u002Fsc.bcex.top\u002F0\u002Fcms\u002F20181214\u002F577652d5a094572e8528cf1330cc3383.png"},{token:F,token_as:F,logo_url:"\u002Fsc.bcex.top\u002F0\u002Fcms\u002F20181214\u002F0726abb1b4f471808b6181247fa1e2c2.png"},{token:G,token_as:G,logo_url:"\u002Fsc.bcex.top\u002F0\u002Fcms\u002F20181214\u002Fa5c91ae3329e6c8f5b63fa1584f16387.png"},{token:H,token_as:H,logo_url:"\u002Fsc.bcex.top\u002F0\u002Fcms\u002F20181214\u002F70b206e353c84fc524b91d32d3713ddb.png"},{token:"WIC",token_as:"WICC",logo_url:"\u002Fsc.bcex.top\u002F0\u002Fcms\u002F20181214\u002Ff32aee1968404cc2a1c8b877dd2ef583.png"},{token:I,token_as:I,logo_url:"\u002Fsc.bcex.top\u002F0\u002Fcms\u002F20181214\u002Fa5e2d5dd27f4b9c2e3e1e6ae21bb6851.png"},{token:J,token_as:J,logo_url:"\u002Fsc.bcex.top\u002F0\u002Fcms\u002F20181214\u002Fdd796b9c87ab8ea96585b936a935402d.png"},{token:K,token_as:K,logo_url:"\u002Fsc.bcex.top\u002F0\u002Fcms\u002F20181214\u002F2816b9b145875159c52f764234020c7b.png"},{token:L,token_as:L,logo_url:"\u002Fsc.bcex.top\u002F0\u002Fcms\u002F20181214\u002F1b07e5bd022a1b7ff733d1af5ce058d4.png"},{token:M,token_as:M,logo_url:"\u002Fsc.bcex.top\u002F0\u002Fcms\u002F20181214\u002F6e65de7e36d7f335bda523f412eb8007.png"},{token:N,token_as:N,logo_url:"\u002Fsc.bcex.top\u002F0\u002Fcms\u002F20181214\u002Fa0dbb5b16ffdf1a2ca40547e3d262220.png"},{token:O,token_as:O,logo_url:"\u002Fsc.bcex.top\u002F0\u002Fcms\u002F20181214\u002F26d0658d1354b06515e502e2873169c1.png"},{token:P,token_as:P,logo_url:"\u002Fsc.bcex.top\u002F0\u002Fcms\u002F20181214\u002F88adc7c08d8c6e00e07b79c397c357c2.png"},{token:Q,token_as:Q,logo_url:"\u002Fsc.bcex.top\u002F0\u002Fcms\u002F20181214\u002F24add2b9f149e9b4605a7ccc7382ce4f.png"},{token:R,token_as:R,logo_url:"\u002Fsc.bcex.top\u002F0\u002Fcms\u002F20181214\u002Fceeb13ccfe0fc4b950dbf0a7397df0c3.png"},{token:S,token_as:S,logo_url:"\u002Fsc.bcex.top\u002F0\u002Fcms\u002F20181214\u002Ffa371f8188114642a8b30b1454720c09.png"},{token:T,token_as:T,logo_url:"\u002Fsc.bcex.top\u002F0\u002Fcms\u002F20181214\u002F74a22ec64f0b3a7d0c3ff2afa478942d.png"},{token:"BHPC",token_as:"BHP",logo_url:"\u002Fsc.bcex.top\u002F0\u002Fcms\u002F20190114\u002Fe69d65eeb7fde3d2de7f2dec39108b99.png"},{token:U,token_as:U,logo_url:"\u002Fsc.bcex.top\u002F0\u002Fcms\u002F20181214\u002F26acf09a6304b7f5ef0b736e2c42a3c0.png"},{token:V,token_as:V,logo_url:"\u002Fsc.bcex.top\u002F0\u002Fcms\u002F20181214\u002F4f3ace3e2a983d7f04969104db5e0344.png"},{token:W,token_as:W,logo_url:"\u002Fsc.bcex.top\u002F0\u002Fcms\u002F20181214\u002F9ccda32f8a51b963d30604d9c636f18a.png"},{token:X,token_as:X,logo_url:"\u002Fsc.bcex.top\u002F0\u002Fcms\u002F20181214\u002Faa5063c7862eaf216dff53b416a8d011.png"},{token:Y,token_as:Y,logo_url:"\u002Fsc.bcex.top\u002F0\u002Fcms\u002F20181214\u002F17f4fe10ec7dc201251c274a45b241a1.png"},{token:Z,token_as:Z,logo_url:"\u002Fsc.bcex.top\u002F0\u002Fcms\u002F20181214\u002Ff3120209ada0d4290502a877caaf7806.png"},{token:_,token_as:_,logo_url:"\u002Fsc.bcex.top\u002F0\u002Fcms\u002F20181214\u002F918265142bfec749f971e46a76f084af.png"},{token:$,token_as:$,logo_url:"\u002Fsc.bcex.top\u002F0\u002Fcms\u002F20181214\u002F2d34b0d7a50e907c7348480c235cea53.png"},{token:aa,token_as:aa,logo_url:"\u002Fsc.bcex.top\u002F0\u002Fcms\u002F20181214\u002Fb282d55570b092b96b2edd2d6a672619.png"},{token:ab,token_as:ab,logo_url:"\u002Fsc.bcex.top\u002F0\u002Fcms\u002F20181214\u002Ff81bf68ccf29d914f10f885e3ad3a418.png"},{token:ac,token_as:ac,logo_url:"\u002Fsc.bcex.top\u002F0\u002Fcms\u002F20181214\u002F898bef077e439dcc2728394c2bd6a640.png"},{token:ad,token_as:ad,logo_url:"\u002Fsc.bcex.top\u002F0\u002Fcms\u002F20181214\u002Fe61f9363e201a5f542065a6e8d2d7a1a.png"},{token:ae,token_as:ae,logo_url:"\u002Fsc.bcex.top\u002F0\u002Fcms\u002F20181214\u002F6d3b774590259e56891ed58073542cd2.png"},{token:af,token_as:af,logo_url:"\u002Fsc.bcex.top\u002F0\u002Fcms\u002F20181214\u002F96bd8b231fddd298010d1dc959ba47c2.png"},{token:ag,token_as:ag,logo_url:"\u002Fsc.bcex.top\u002F0\u002Fcms\u002F20181214\u002F5e27ca17f10e1176073662bb1b13f1f8.png"},{token:ah,token_as:ah,logo_url:"\u002Fsc.bcex.top\u002F0\u002Fcms\u002F20181214\u002Fad9c8f44718f46c03adef7be7d8df51a.png"},{token:ai,token_as:ai,logo_url:"\u002Fsc.bcex.top\u002F0\u002Fcms\u002F20181214\u002F3f0e120881370df438861aa1f8f7f923.png"},{token:aj,token_as:aj,logo_url:"\u002Fsc.bcex.top\u002F0\u002Fcms\u002F20181214\u002Fdd6ee89971e19833196640067511e0b8.png"},{token:ak,token_as:ak,logo_url:"\u002Fsc.bcex.top\u002F0\u002Fcms\u002F20181214\u002F0409f97f64e0195d46ed687bf1a39b15.png"},{token:al,token_as:al,logo_url:"\u002Fsc.bcex.top\u002F0\u002Fcms\u002F20181214\u002Fd62adedd114834bddc612e52f29bead1.png"},{token:am,token_as:am,logo_url:"\u002Fsc.bcex.top\u002F0\u002Fcms\u002F20181214\u002F2ad58809fe3a06237c8ae74020ebeff3.png"},{token:an,token_as:an,logo_url:"\u002Fsc.bcex.top\u002F0\u002Fcms\u002F20181214\u002Fdbe3597c13bfe258179ad89add496b4f.png"},{token:ao,token_as:ao,logo_url:"\u002Fsc.bcex.top\u002F0\u002Fcms\u002F20190114\u002F5aca6557d34610c12592caee6787310d.png"},{token:ap,token_as:ap,logo_url:"\u002Fsc.bcex.top\u002F0\u002Fcms\u002F20181214\u002Fea1084974a4a3b0a37ef76d8e3ce2d08.png"},{token:aq,token_as:aq,logo_url:"\u002Fsc.bcex.top\u002F0\u002Fcms\u002F20181214\u002F6d4b38f2d65f8594c5934df039890873.png"},{token:ar,token_as:ar,logo_url:"\u002Fsc.bcex.top\u002F0\u002Fcms\u002F20181214\u002F0d1b3e3825df7baf71ac95136d8b0686.png"},{token:bJ,token_as:bJ,logo_url:"\u002Fsc.bcex.top\u002F0\u002Fcms\u002F20181214\u002F43cd4d9307258903f3774a7ae4b03647.png"},{token:c,token_as:c,logo_url:"\u002Fsc.bcex.top\u002F0\u002Fcms\u002F20181214\u002F3810db5daefd43e5673a251a290c2a8c.png"},{token:au,token_as:au,logo_url:"\u002Fsc.bcex.top\u002F0\u002Fcms\u002F20181217\u002F8f7453d0b792a0e375a2f6d37430a6a2.png"},{token:av,token_as:av,logo_url:"\u002Fsc.bcex.top\u002F0\u002Fcms\u002F20181214\u002Ff6c13360291cff088de0b07320d30360.png"},{token:aw,token_as:aw,logo_url:"\u002Fsc.bcex.top\u002F0\u002Fcms\u002F20181214\u002F9691db2bef501220eab364045dc4dda6.png"},{token:ax,token_as:ax,logo_url:"\u002Fsc.bcex.top\u002F0\u002Fcms\u002F20181214\u002F0992c3bec8a19be794b848de2e7b061e.png"},{token:ay,token_as:ay,logo_url:"\u002Fsc.bcex.top\u002F0\u002Fcms\u002F20181214\u002F398ecf3bf573747644dac81e2cff1392.png"},{token:"PVTK",token_as:"OCC",logo_url:"\u002Fsc.bcex.top\u002F0\u002Fcms\u002F20190418\u002Fbe3cce5a93f0f2af5cbd0e2c68bdbbfd.png"},{token:az,token_as:az,logo_url:"\u002Fsc.bcex.top\u002F0\u002Fcms\u002F20181214\u002F1bee8d8621b495dd176a90db94f95761.png"},{token:aA,token_as:aA,logo_url:"\u002Fsc.bcex.top\u002F0\u002Fcms\u002F20181214\u002F95303fff5b4f81facad358389d032a40.png"},{token:aB,token_as:aB,logo_url:"\u002Fsc.bcex.top\u002F0\u002Fcms\u002F20181214\u002Ffeaf5d1e33945812d568871759d127ba.png"},{token:aC,token_as:aC,logo_url:"\u002Fsc.bcex.top\u002F0\u002Fcms\u002F20181214\u002F7f7fff0f2cd3684f80240113c850b7b4.png"},{token:aD,token_as:aD,logo_url:"\u002Fsc.bcex.top\u002F0\u002Fcms\u002F20181214\u002F3d1e788aa10abf938c0cdb8fe365a8dc.png"},{token:aE,token_as:aE,logo_url:"\u002Fsc.bcex.top\u002F0\u002Fcms\u002F20181214\u002F0a0bc81e7495256c02e978239a8c0ca6.png"},{token:aF,token_as:aF,logo_url:"\u002Fsc.bcex.top\u002F0\u002Fcms\u002F20181214\u002Fa06098a25a4951269ba4525c6a024ca0.png"},{token:aG,token_as:aG,logo_url:"\u002Fsc.bcex.top\u002F0\u002Fcms\u002F20181214\u002F2d2621d2f61fc7fff042ffc9de18be94.png"},{token:"CKUSD",token_as:"CK.USD",logo_url:"\u002Fsc.bcex.top\u002F0\u002Fcms\u002F20181214\u002F58d914bb1e7f247a7f6fbf2918b9681c.png"},{token:aH,token_as:aH,logo_url:"\u002Fsc.bcex.top\u002F0\u002Fcms\u002F20181217\u002Ffbe43240f0d3ebdcad992feb46f6c6e5.png"},{token:aI,token_as:aI,logo_url:"\u002Fsc.bcex.top\u002F0\u002Fcms\u002F20181216\u002Ffa3aeb1050e1d87169b57e498c46976c.png"},{token:aJ,token_as:aJ,logo_url:"\u002Fsc.bcex.top\u002F0\u002Fcms\u002F20181214\u002Fe1c51e213bdae34135bd29fa7073e3c0.png"},{token:aK,token_as:aK,logo_url:"\u002Fsc.bcex.top\u002F0\u002Fcms\u002F20181214\u002F13f7d46e305b2c87c2cc9c16230c007b.png"},{token:aL,token_as:aL,logo_url:"\u002Fsc.bcex.top\u002F0\u002Fcms\u002F20181214\u002Ff9ec0c9fe05689a229b527f90c5b25dd.png"},{token:aM,token_as:aM,logo_url:"\u002Fsc.bcex.top\u002F0\u002Fcms\u002F20181214\u002F90c8784d9b84fb45691ac6546561d43e.png"},{token:aN,token_as:aN,logo_url:"\u002Fsc.bcex.top\u002F0\u002Fcms\u002F20181214\u002F12a6d21b65aa2649f99c2e13992f9322.png"},{token:aO,token_as:aO,logo_url:"\u002Fsc.bcex.top\u002F0\u002Fcms\u002F20181214\u002F6326c6dc6c1e4d45fbeaa7421d54db90.png"},{token:aP,token_as:aP,logo_url:"\u002Fsc.bcex.top\u002F0\u002Fcms\u002F20181221\u002Fc359ff50c26369090c11c46c8aa89049.png"},{token:aQ,token_as:aQ,logo_url:"\u002Fsc.bcex.top\u002F0\u002Fcms\u002F20181225\u002Fd8f056b8ab5b52f3aabe16e5f39e87d6.jpg"},{token:aR,token_as:aR,logo_url:"\u002Fsc.bcex.top\u002F0\u002Fcms\u002F20181227\u002F43ea8398536e598d6f3fb9b84a62af61.png"},{token:aS,token_as:aS,logo_url:"\u002Fsc.bcex.top\u002F0\u002Fcms\u002F20190110\u002F1d9155565747b62c25f881af1c3b86b0.png"},{token:aT,token_as:aT,logo_url:"\u002Fsc.bcex.top\u002F0\u002Fcms\u002F20190111\u002Fc74ca85261ca21129f1d24857e6efeb1.png"},{token:aU,token_as:aU,logo_url:"\u002Fsc.bcex.top\u002F0\u002Fcms\u002F20190115\u002F96c13b6d664b4482c17dd34b9a7e96f1.png"},{token:aV,token_as:aV,logo_url:"\u002Fsc.bcex.top\u002F0\u002Fcms\u002F20190121\u002F0d27442ed2a1cbed0e159e972f966050.png"},{token:aW,token_as:aW,logo_url:"\u002Fsc.bcex.top\u002F0\u002Fcms\u002F20190124\u002F88cf8602ce7bb283a9e39400b5864894.png"},{token:aX,token_as:aX,logo_url:"\u002Fsc.bcex.top\u002F0\u002Fcms\u002F20190221\u002F913c961e6e7a719a302928d240ad22d3.png"},{token:aY,token_as:aY,logo_url:"\u002Fsc.bcex.top\u002F0\u002Fcms\u002F20190228\u002F28067b876b829697ce7eda957ac0c5d1.png"},{token:aZ,token_as:aZ,logo_url:"\u002Fsc.bcex.top\u002F0\u002Fcms\u002F20190306\u002Fe0748fb6e64b1afc46cef7f73a37f830.png"},{token:a_,token_as:a_,logo_url:"\u002Fsc.bcex.top\u002F0\u002Fcms\u002F20190306\u002F6aa8b10765a80440ff3a5d5e8f08ea08.png"},{token:a$,token_as:a$,logo_url:"\u002Fsc.bcex.top\u002F0\u002Fcms\u002F20190306\u002Fcfc03543fa784e477ef13ab406c0bd5c.png"},{token:ba,token_as:ba,logo_url:"\u002Fsc.bcex.top\u002F0\u002Fcms\u002F20190306\u002F69a41a3aa734c8cb7cc7ac1cad97490b.png"},{token:bb,token_as:bb,logo_url:"\u002Fsc.bcex.top\u002F0\u002Fcms\u002F20190306\u002F67c01ae963eb482ecf0c1555c20401c7.png"},{token:bc,token_as:bc,logo_url:"\u002Fsc.bcex.top\u002F0\u002Fcms\u002F20190306\u002F1382b4995cc594af8048b831dc70f32d.png"},{token:bd,token_as:bd,logo_url:"\u002Fsc.bcex.top\u002F0\u002Fcms\u002F20190306\u002F0aeec6ef0c08e22b0bc6472b0b2ef358.png"},{token:be,token_as:be,logo_url:"\u002Fsc.bcex.top\u002F0\u002Fcms\u002F20190306\u002Fbfade5602c5bb10bdaff7d973a2143fd.png"},{token:bf,token_as:bf,logo_url:"\u002Fsc.bcex.top\u002F0\u002Fcms\u002F20190306\u002F3457eec7b34a0ade36e325f14f9a21e3.png"},{token:bg,token_as:bg,logo_url:"\u002Fsc.bcex.top\u002F0\u002Fcms\u002F20190306\u002F184efea203b29a958c6a2815c150a61b.png"},{token:bh,token_as:bh,logo_url:"\u002Fsc.bcex.top\u002F0\u002Fcms\u002F20190306\u002F6e7a4739755e50a04cede90ae72333b1.png"},{token:bi,token_as:bi,logo_url:"\u002Fsc.bcex.top\u002F0\u002Fcms\u002F20190306\u002F8c0f6863019d880c6680a5c489a424ee.png"},{token:bj,token_as:bj,logo_url:"\u002Fsc.bcex.top\u002F0\u002Fcms\u002F20190306\u002Feea0a58873a6147b24c125daf867e5a1.png"},{token:bk,token_as:bk,logo_url:"\u002Fsc.bcex.top\u002F0\u002Fcms\u002F20190319\u002Fa979ef49ada30768235d0623548c2c71.png"},{token:bl,token_as:bl,logo_url:"\u002Fsc.bcex.top\u002F0\u002Fcms\u002F20190322\u002Fa33f3b9c7900f037ada363f9b19e32f2.png"},{token:bm,token_as:bm,logo_url:"\u002Fsc.bcex.top\u002F0\u002Fcms\u002F20190418\u002F8692accf123eb17be1fd042484a22061.png"},{token:bn,token_as:bn,logo_url:"\u002Fsc.bcex.top\u002F0\u002Fcms\u002F20190408\u002F2780fa4b90922d552b4c197af364afbe.png"},{token:bo,token_as:bo,logo_url:"\u002Fsc.bcex.top\u002F0\u002Fcms\u002F20190417\u002Fbb3bc108e71da644ff4cadbf390c5605.png"},{token:bp,token_as:bp,logo_url:"\u002Fsc.bcex.top\u002F0\u002Fcms\u002F20190515\u002F224386958f98b04585b40c4f9050c4d5.png"},{token:bq,token_as:bq,logo_url:"\u002Fsc.bcex.top\u002F0\u002Fcms\u002F20190521\u002F7433f1ede9091e5c1a206e0b839c4542.png"},{token:br,token_as:br,logo_url:"\u002Fsc.bcex.top\u002F0\u002Fcms\u002F20190603\u002Fb27584c79cd2a7db054c038529f3578e.png"},{token:bs,token_as:bs,logo_url:"\u002Fsc.bcex.top\u002F0\u002Fcms\u002F20190603\u002F0c0230cd34e806b4be14bfefaf3a2a78.jpg"},{token:bt,token_as:bt,logo_url:"\u002Fsc.bcex.top\u002F0\u002Fcms\u002F20190603\u002F4abdddbf387614e9f3b05e2cb6665923.jpg"},{token:bu,token_as:bu,logo_url:"\u002Fsc.bcex.top\u002F0\u002Fcms\u002F20190603\u002Fcd0e0f270af0274e22edee73fc094481.png"},{token:bv,token_as:bv,logo_url:"\u002Fsc.bcex.top\u002F0\u002Fcms\u002F20190603\u002F9daab85186a235fa488437ef56fe57c5.png"},{token:bw,token_as:bw,logo_url:"\u002Fsc.bcex.top\u002F0\u002Fcms\u002F20190604\u002F121708b486c53904b1336eac638e0f11.png"},{token:bx,token_as:bx,logo_url:"\u002Fsc.bcex.top\u002F0\u002Fcms\u002F20190605\u002F6de00507602bde2541f3dede5a8890d8.png"},{token:by,token_as:by,logo_url:"\u002Fsc.bcex.top\u002F0\u002Fcms\u002F20190614\u002F9186dd05d0720cbcd273639b2bfad6b1.jpg"},{token:bz,token_as:bz,logo_url:"\u002Fsc.bcex.top\u002F0\u002Fcms\u002F20190626\u002Fc3c001bec6a3c4e5a6dcfa889ffec4f1.png"},{token:bA,token_as:bA,logo_url:"\u002Fsc.bcex.top\u002F0\u002Fcms\u002F20190627\u002F0943ea7c48b62cb09e94c249eed2ab5f.png"},{token:bB,token_as:bB,logo_url:"\u002Fsc.bcex.top\u002F0\u002Fcms\u002F20190704\u002Fd74755a1b123d8e0da4e7ca6ddb84826.png"},{token:bC,token_as:bC,logo_url:"\u002Fsc.bcex.top\u002F0\u002Fcms\u002F20190711\u002Fb9e6774e8ceceeba3fa5a9e4a051b3fa.png"},{token:bD,token_as:bD,logo_url:"\u002Fsc.bcex.top\u002F0\u002Fcms\u002F20190716\u002F08d93063a62c6a42fb913971766623f4.png"},{token:bE,token_as:bE,logo_url:"\u002Fsc.bcex.top\u002F0\u002Fcms\u002F20190716\u002Fcdfa1bd6473e8a15dd099de3f8536fad.jpg"},{token:bF,token_as:bF,logo_url:"\u002Fsc.bcex.top\u002F0\u002Fcms\u002F20190718\u002F0aa2ab931e13d35ebae89465b1ac57f1.png"},{token:bG,token_as:bG,logo_url:"\u002Fsc.bcex.top\u002F0\u002Fcms\u002F20190812\u002Fb631770204effb4ed737259d1203be10.png"},{token:bH,token_as:bH,logo_url:"\u002Fsc.bcex.top\u002F0\u002Fcms\u002F20190821\u002F543316be6cb54fbfbf028ab9e6537b61.jpeg"},{token:bI,token_as:bI,logo_url:"\u002Fsc.bcex.top\u002F0\u002Fcms\u002F20190827\u002Fc93c480863647763192cde0e9637034f.png"}],locales:["en","zh-CN"],name:"BCEX Global",country:"CN",logo:"\u002Fsc.bcex.top\u002F10\u002Fcms\u002F20190228\u002Fdc6fa5b28acfe6e8ea039e07eb009ac6.png",favicon:a,wechat:a,facebook:a,twitter:a,telegraph:a,isWechat:b,isFacebook:b,isTwitter:b,isTelegraph:b,apiDocument:"https:\u002F\u002Fgithub.com\u002FBCEX-TECHNOLOGY-LIMITED\u002FAPI_Docs\u002Fwiki\u002FInterface",seviceAgreement:a,privacyPolicy:a,zendesk:"https:\u002F\u002Fbcexglobal.zendesk.com",history:"https:\u002F\u002Fold.bcex.vip\u002F",email:a,ownership:a,friendLink:a},serverRendered:b}}(void 0,true,"PONY","ETH","DOGE","ONT","QTUM","ETC","ZEC","AXF","XLM","YBCT","LTC","LMC","DCT","GOOC","LEC","MXI","MCC","UDB","XRP","EOS","BASH","SIGMA","ETF","NAS","CNET","LBTC","ELF","CMT","BCD","FOODPT","SLTC","NAI","WAVES","IIC","AIDOC","DCON","UC","AIT","CZR","SHE","SDD","ELA","IFISH","IMOS","BOPO","WDNA","AFC","LKY","MT","CNMC","DAX","EOSDAC","CIT","PNT","CTC","TKT","TAC","NEWOS","VSC","RATING","BU","NKN","SOP","VAAC","TIP","PST","PTT","TLC","HSC","UIC","BTC","USDT","EON","MOC","GUSD","AGRS","MGO","GAT","HKDT","PAX","AION","SPG","BCAC","MATO","BRN","KING","PINMO","YBY","DRCT","JC","NTK","SMC","TNC","MBS","EMC2","EPR","SMEX","BXA","ARN","TWDT","BBUSD1906","TRX","SEED","OMG","IOST","PAY","RDN","ZIL","UNC","SCEC","USE","CUSE","FCC","SNT","X","DAPP","VOLLAR","EVS","FRECNX","OKU","AMS","BFC","B91","IPWT","ETT","UNI","BDE","GT","IFOOD","USS","BAR","FOFB","YTA","XMALL","GBX","BQQQ","GEC","CXC","HDC","UID","BCS","MIT"));</script><script src="/_nuxt/bb9596b95e4f1d8c0986.js" defer></script><script src="/_nuxt/e0148bc0b0264333b6f3.js" defer></script><script src="/_nuxt/f09bbf019f39f1fe9fb6.js" defer></script><script src="/_nuxt/883cc57e6cc23ac5464b.js" defer></script>
	  </body>
	</html>
	 (ignoring)
	[DDoS Protection Error] https://cors-anywhere.herokuapp.com/https://www.bcex.top/Api_Market/getPriceList GET 404 <!doctype html>
	<html data-n-head-ssr theme="theme-0" data-n-head="theme">
	  <head data-n-head="">
	    <title data-n-head="true">BCEX Global | 每一个区块都在创造历史</title><meta data-n-head="true" charset="utf-8"/><meta data-n-head="true" name="viewport" content="width=device-width, initial-scale=1"/><meta data-n-head="true" name="format-detection" content="telephone=no"/><meta data-n-head="true" data-hid="description" name="description" content="BCEX Global是交易量排名全球前十的数字货币交易所，注册用户超150万，分布于50多个国家，支持比特币BTC、泰达币USDT、以太坊ETH、HKDT、GUSD、CK.USD等主流数字货币交易，是全球币种最多的稳定币交易中心，想要了解更多信息，欢迎点击BCEX Global官网。"/><meta data-n-head="true" data-hid="keywords" name="keywords" content="比特币,BTC,莱特币,LTC,以太坊,ETH,瑞波币,虚拟货币,数字货币,投资,挖矿,BCEX Global官网,比特币交易平台，数字货币交易平台，区块链技术"/><link data-n-head="true" rel="icon" type="image/x-icon" href="/favicon.ico"/><script data-n-head="true" src="/iconfont.js"></script><script data-n-head="true" src="/kline/charting_library/charting_library.min.20190718.js" defer="defer"></script><script data-n-head="true" data-hid="baidu" src="https://hm.baidu.com/hm.js?f96208a339a37d4da401ccfee451a847"></script><script data-n-head="true" data-hid="google" src="https://www.googletagmanager.com/gtag/js?id=UA-131033788-1" async="true"></script><script data-n-head="true" data-hid="cnzz" src="https://s96.cnzz.com/z_stat.php?id=1275711723&amp;web_id=1275711723" async="true"></script><link rel="preload" href="/_nuxt/bb9596b95e4f1d8c0986.js" as="script"><link rel="preload" href="/_nuxt/e0148bc0b0264333b6f3.js" as="script"><link rel="preload" href="/_nuxt/f09bbf019f39f1fe9fb6.js" as="script"><link rel="preload" href="/_nuxt/883cc57e6cc23ac5464b.js" as="script"><style data-vue-ssr-id="7b429425:0 f65f9ff6:0 b1296f42:0 37a255be:0 52b3cb2c:0 f8e5b2be:0">@font-face{font-family:DINAlternate-Bold;src:url(/font/DIN-Bold.otf)}blockquote,body,button,code,dd,div,dl,dt,fieldset,form,h1,h2,h3,h4,h5,h6,input,legend,li,ol,p,pre,td,textarea,th,ul{margin:0;padding:0}body{background-color:#030e20;color:#fff;font-size:14px;font-family:PingFang SC,Helvetica Neue,Helvetica,Hiragino Sans GB,Microsoft YaHei,Arial,sans-serif;min-width:1250px}[theme=theme-1] body{background-color:#f9fafc;color:#4a5f78}[theme=theme-2] body{background-color:#f7f7f7;color:#333}caption,td,th{font-size:14px}h1,h2,h3,h4,h5,h6{font-weight:400;font-size:100%}address,caption,cite,code,dfn,em,strong,th,var{font-style:normal;font-weight:400}a{color:#fff;outline:none}a,a:hover{text-decoration:none}img{border:none}li,ol,ul{list-style:none}button,input,select,textarea{outline:none;font-size:14px;font-family:PingFangSC-Regular}table{border-collapse:collapse}html{overflow-y:scroll}button,input[type=button],input[type=reset],input[type=submit]{border:none;outline:none;-webkit-appearance:none}.clearfix:after{content:".";display:block;height:0;clear:both;visibility:hidden}.clearfix{*zoom:1}article,aside,details,figcaption,figure,footer,header,hgroup,menu,nav,section{display:block}::-webkit-scrollbar{width:6px;height:8px;background-color:transparent}::-webkit-scrollbar-thumb{width:6px;border-radius:8px;-webkit-box-shadow:inset 0 0 6px rgba(0,0,0,.3);background-color:#94abc0}::-webkit-scrollbar-track{-webkit-box-shadow:inset 0 0 6px rgba(0,0,0,.15)}.fl{float:left}.fr{float:right}.al{text-align:left}.ac{text-align:center}.ar{text-align:right}.hide{display:none}.buy{color:#e04444}.sell{color:#4ac465}.svg_icon{width:12px;height:12px;vertical-align:middle;fill:currentColor;overflow:hidden}input:-webkit-autofill{-webkit-box-shadow:0 0 0 1000px #fff inset}
	.error[data-v-721d3318]{background-color:#030e20}[theme=theme-1] .error[data-v-721d3318],[theme=theme-2] .error[data-v-721d3318]{background-color:#fff}.error .container[data-v-721d3318]{min-height:calc(100vh - 294px)}.error .container .not-found[data-v-721d3318]{padding:150px 0}.error .container .not-found .icon[data-v-721d3318]{display:block;width:322.1px;height:300px;margin:0 auto;background-image:url(/_nuxt/img/46fc912.svg);background-repeat:no-repeat;background-size:100% 100%}.error .container .not-found .message[data-v-721d3318]{text-align:center;font-size:18px;color:#fff;margin-top:60px}[theme=theme-1] .error .container .not-found .message[data-v-721d3318]{color:#4a5f78}[theme=theme-2] .error .container .not-found .message[data-v-721d3318]{color:#333}.error .container .error-message[data-v-721d3318]{padding:150px 0}.error .container .error-message .icon[data-v-721d3318]{display:block;width:494px;height:343px;margin:0 auto;background-image:url(/_nuxt/img/7085ce6.png);background-repeat:no-repeat}.error .container .error-message .message[data-v-721d3318]{text-align:center;font-size:18px;color:#fff;margin-top:60px}.error .container .error-message .message .link[data-v-721d3318]{color:#4980e3;cursor:pointer}[theme=theme-1] .error .container .error-message .message .link[data-v-721d3318]{color:#086e7f}[theme=theme-2] .error .container .error-message .message .link[data-v-721d3318]{color:#ffb933}
	.header_nav[data-v-13d82628]{background-color:#1f293a;height:60px}[theme=theme-2] .header_nav[data-v-13d82628]{background-color:#1a1f26}.header_nav .nav_center[data-v-13d82628]{width:1200px;height:60px;margin:0 auto}.header_nav .nav_left .link[data-v-13d82628]{cursor:pointer}.header_nav .nav_left li[data-v-13d82628]{float:left;height:60px;line-height:60px;margin-left:40px;font-family:PingFangSC-Regular;font-size:14px;color:#fff}.header_nav .nav_left li.logo[data-v-13d82628]{margin-left:0;margin-right:0}.header_nav .nav_left li.logo a[data-v-13d82628]{display:block;width:156px;height:30px;background-image:url(/_nuxt/img/c93118b.svg);background-size:cover;margin-top:15px}.header_nav .nav_left li.logo a.logo-link[data-v-13d82628]{display:block;width:auto;height:30px;background-image:none;line-height:30px;margin-top:15px}.header_nav .nav_left li.logo a.logo-link .logo-img[data-v-13d82628]{height:30px}.header_nav .nav_left li a[data-v-13d82628]:hover{color:#4980e3}[theme=theme-2] .header_nav .nav_left li a[data-v-13d82628]:hover{color:#ffb933}.header_nav .nav_left .activity[data-v-13d82628]{position:relative}.header_nav .nav_left .activity .activity-icon[data-v-13d82628]{display:inline-block;width:18px;height:18px;background-image:url(/_nuxt/img/96cb343.svg);background-repeat:no-repeat;background-size:100% 100%;vertical-align:middle;margin-right:2px;margin-top:-2px}.header_nav .nav_left .activity .activity_content[data-v-13d82628]{background-color:#2b364b;box-shadow:0 10px 10px 0 rgba(16,22,45,.4);position:absolute;top:60px;left:6px;z-index:2}.header_nav .nav_left .activity .activity_content.v-zoom-in-top-enter-active[data-v-13d82628],.header_nav .nav_left .activity .activity_content.v-zoom-in-top-leave-active[data-v-13d82628]{opacity:1;-webkit-transform:scaleY(1);transform:scaleY(1);transition:opacity .3s cubic-bezier(.23,1,.32,1),-webkit-transform .3s cubic-bezier(.23,1,.32,1);transition:transform .3s cubic-bezier(.23,1,.32,1),opacity .3s cubic-bezier(.23,1,.32,1);transition:transform .3s cubic-bezier(.23,1,.32,1),opacity .3s cubic-bezier(.23,1,.32,1),-webkit-transform .3s cubic-bezier(.23,1,.32,1);-webkit-transform-origin:center top;transform-origin:center top}.header_nav .nav_left .activity .activity_content.v-zoom-in-top-enter[data-v-13d82628],.header_nav .nav_left .activity .activity_content.v-zoom-in-top-leave-active[data-v-13d82628]{opacity:0;-webkit-transform:scaleY(0);transform:scaleY(0)}[theme=theme-2] .header_nav .nav_left .activity .activity_content[data-v-13d82628]{background-color:#1a1f26}.header_nav .nav_left .activity .activity_content .link[data-v-13d82628]{display:block;min-width:60px;padding:0 20px;height:40px;line-height:40px;text-align:left;white-space:nowrap}.header_nav .nav_left .activity .activity_content .link[data-v-13d82628]:hover{color:#4980e3;background:#1f293a}[theme=theme-2] .header_nav .nav_left .activity .activity_content .link[data-v-13d82628]:hover{color:#ffb933;background-color:#484c51}.header_nav .nav_right .svg_icon[data-v-13d82628]{width:12px;height:12px;margin-left:4px}.header_nav .nav_right li.item[data-v-13d82628]{float:left;height:60px;line-height:60px;font-family:PingFangSC-Regular;font-size:14px;color:#fff;margin-left:40px}.header_nav .nav_right li.item:first-child a .svg_icon_up[data-v-13d82628]{display:none}.header_nav .nav_right li.item:first-child a:hover .svg_icon_up[data-v-13d82628]{display:inline-block}.header_nav .nav_right li.item:first-child a:hover .svg_icon_down[data-v-13d82628]{display:none}.header_nav .nav_right li.item .app_box[data-v-13d82628]{position:relative}.header_nav .nav_right li.item .app_box .app_bcex[data-v-13d82628]{display:block;width:120px;height:130px;background-color:#2b364b;position:absolute;top:40px;left:-45px;box-shadow:0 10px 10px 0 rgba(16,22,45,.4)}.header_nav .nav_right li.item .app_box .app_bcex.v-zoom-in-top-enter-active[data-v-13d82628],.header_nav .nav_right li.item .app_box .app_bcex.v-zoom-in-top-leave-active[data-v-13d82628]{opacity:1;-webkit-transform:scaleY(1);transform:scaleY(1);transition:opacity .3s cubic-bezier(.23,1,.32,1),-webkit-transform .3s cubic-bezier(.23,1,.32,1);transition:transform .3s cubic-bezier(.23,1,.32,1),opacity .3s cubic-bezier(.23,1,.32,1);transition:transform .3s cubic-bezier(.23,1,.32,1),opacity .3s cubic-bezier(.23,1,.32,1),-webkit-transform .3s cubic-bezier(.23,1,.32,1);-webkit-transform-origin:center top;transform-origin:center top}.header_nav .nav_right li.item .app_box .app_bcex.v-zoom-in-top-enter[data-v-13d82628],.header_nav .nav_right li.item .app_box .app_bcex.v-zoom-in-top-leave-active[data-v-13d82628]{opacity:0;-webkit-transform:scaleY(0);transform:scaleY(0)}[theme=theme-2] .header_nav .nav_right li.item .app_box .app_bcex[data-v-13d82628]{background-color:#1a1f26}.header_nav .nav_right li.item .app_box .app_title[data-v-13d82628]{display:block;font-family:PingFangSC-Thin;font-size:14px;color:#fff;line-height:34px;text-align:center;white-space:nowrap}.header_nav .nav_right li.item .app_box .app_img[data-v-13d82628]{width:80px;height:80px;margin-left:20px}.header_nav .nav_right li.item a[data-v-13d82628]:hover{color:#4980e3}[theme=theme-2] .header_nav .nav_right li.item a[data-v-13d82628]:hover{color:#ffb933}.header_nav .nav_right li.item a.sign[data-v-13d82628]{color:#94abc0}[theme=theme-2] .header_nav .nav_right li.item a.sign[data-v-13d82628]{color:#999}.header_nav .nav_right li.item a.register[data-v-13d82628]{background-color:#4980e3;padding:6px 28px;font-size:12px;border-radius:2px}[theme=theme-2] .header_nav .nav_right li.item a.register[data-v-13d82628]{background-color:#ffb933}.header_nav .nav_right li.item a.register[data-v-13d82628]:hover{color:#fff;background-color:#82a4e1}[theme=theme-2] .header_nav .nav_right li.item a.register[data-v-13d82628]:hover{color:#fff;background-color:#ffc75c}.header_nav .nav_right .order[data-v-13d82628]{position:relative}.header_nav .nav_right .order .order_content[data-v-13d82628]{background-color:#2b364b;box-shadow:0 10px 10px 0 rgba(16,22,45,.4);position:absolute;top:60px;left:-20px;z-index:2}.header_nav .nav_right .order .order_content.v-zoom-in-top-enter-active[data-v-13d82628],.header_nav .nav_right .order .order_content.v-zoom-in-top-leave-active[data-v-13d82628]{opacity:1;-webkit-transform:scaleY(1);transform:scaleY(1);transition:opacity .3s cubic-bezier(.23,1,.32,1),-webkit-transform .3s cubic-bezier(.23,1,.32,1);transition:transform .3s cubic-bezier(.23,1,.32,1),opacity .3s cubic-bezier(.23,1,.32,1);transition:transform .3s cubic-bezier(.23,1,.32,1),opacity .3s cubic-bezier(.23,1,.32,1),-webkit-transform .3s cubic-bezier(.23,1,.32,1);-webkit-transform-origin:center top;transform-origin:center top}.header_nav .nav_right .order .order_content.v-zoom-in-top-enter[data-v-13d82628],.header_nav .nav_right .order .order_content.v-zoom-in-top-leave-active[data-v-13d82628]{opacity:0;-webkit-transform:scaleY(0);transform:scaleY(0)}[theme=theme-2] .header_nav .nav_right .order .order_content[data-v-13d82628]{background-color:#1a1f26}.header_nav .nav_right .order .order_content .link[data-v-13d82628]{display:block;min-width:60px;padding:0 20px;height:40px;line-height:40px;text-align:left;white-space:nowrap}.header_nav .nav_right .order .order_content .link[data-v-13d82628]:hover{color:#4980e3;background-color:#1f293a}[theme=theme-2] .header_nav .nav_right .order .order_content .link[data-v-13d82628]:hover{color:#ffb933;background-color:#484c51}
	.lang[data-v-342d4c67]{text-align:center;cursor:pointer;position:relative}.lang .svg_icon[data-v-342d4c67]{width:10px;height:10px;margin-left:5px}.lang .svg_icon.up[data-v-342d4c67]{color:#4980e3;display:none}[theme=theme-1] .lang .svg_icon.up[data-v-342d4c67]{color:#79cbdb}[theme=theme-2] .lang .svg_icon.up[data-v-342d4c67]{color:#ffb933}.lang .lists[data-v-342d4c67]{background:#2b364b;box-shadow:0 10px 10px 0 rgba(16,22,45,.4);position:absolute;top:60px;left:-20px;z-index:2}.lang .lists.v-zoom-in-top-enter-active[data-v-342d4c67],.lang .lists.v-zoom-in-top-leave-active[data-v-342d4c67]{opacity:1;-webkit-transform:scaleY(1);transform:scaleY(1);transition:opacity .3s cubic-bezier(.23,1,.32,1),-webkit-transform .3s cubic-bezier(.23,1,.32,1);transition:transform .3s cubic-bezier(.23,1,.32,1),opacity .3s cubic-bezier(.23,1,.32,1);transition:transform .3s cubic-bezier(.23,1,.32,1),opacity .3s cubic-bezier(.23,1,.32,1),-webkit-transform .3s cubic-bezier(.23,1,.32,1);-webkit-transform-origin:center top;transform-origin:center top}.lang .lists.v-zoom-in-top-enter[data-v-342d4c67],.lang .lists.v-zoom-in-top-leave-active[data-v-342d4c67]{opacity:0;-webkit-transform:scaleY(0);transform:scaleY(0)}[theme=theme-1] .lang .lists[data-v-342d4c67]{background-color:#fff}[theme=theme-2] .lang .lists[data-v-342d4c67]{background-color:#1a1f26}.lang .lists .item[data-v-342d4c67]{float:none;margin:0;width:100px;height:40px;line-height:40px;text-align:center}.lang .lists .item[data-v-342d4c67]:hover{color:#4980e3;background:#1f293a}[theme=theme-1] .lang .lists .item[data-v-342d4c67]:hover{color:#fff;background-color:#79cbdb}[theme=theme-2] .lang .lists .item[data-v-342d4c67]:hover{color:#ffb933;background-color:#484c51}.lang:hover .cur_lang[data-v-342d4c67]{color:#4980e3}[theme=theme-1] .lang:hover .cur_lang[data-v-342d4c67]{color:#79cbdb}[theme=theme-2] .lang:hover .cur_lang[data-v-342d4c67]{color:#ffb933}.lang:hover .down[data-v-342d4c67]{display:none}.lang:hover .up[data-v-342d4c67]{display:inline-block}
	.qrcode[data-v-d5b455b6]{width:80px;height:80px;margin:0 auto}.qrcode .qrcode-img[data-v-d5b455b6]{width:100%;height:100%}
	.footer_box[data-v-5629e546]{background-color:#2b364b;padding-top:40px}[theme=theme-1] .footer_box[data-v-5629e546]{background-color:#e6ecf2}[theme=theme-2] .footer_box[data-v-5629e546]{background-color:#0e1114}.footer_box .footer_center[data-v-5629e546]{width:1200px;margin:0 auto}.footer_box .link_box[data-v-5629e546]{border-bottom:1px solid #1c233f}[theme=theme-1] .footer_box .link_box[data-v-5629e546]{border-bottom:1px solid #d5dde1}[theme=theme-2] .footer_box .link_box[data-v-5629e546]{border-bottom:1px solid #1a1f26}.footer_box .function_link li[data-v-5629e546]{float:left;margin-right:30px;font-size:12px}[theme=theme-1] .footer_box .function_link li a[data-v-5629e546]{color:#4a5f78}[theme=theme-1] .footer_box .function_link li a[data-v-5629e546]:hover{color:#4980e3}.footer_box .function_link .icon_box[data-v-5629e546]{float:none;margin-top:60px}.footer_box .function_link .icon_box .share_link[data-v-5629e546],.footer_box .function_link .icon_box a[data-v-5629e546]{color:#4a5f78;position:relative}[theme=theme-1] .footer_box .function_link .icon_box .share_link[data-v-5629e546],[theme=theme-1] .footer_box .function_link .icon_box a[data-v-5629e546]{color:#4a5f78}[theme=theme-2] .footer_box .function_link .icon_box .share_link[data-v-5629e546],[theme=theme-2] .footer_box .function_link .icon_box a[data-v-5629e546]{color:#999}.footer_box .function_link .icon_box .share_link[data-v-5629e546]:hover,.footer_box .function_link .icon_box a[data-v-5629e546]:hover,[theme=theme-1] .footer_box .function_link .icon_box .share_link[data-v-5629e546]:hover,[theme=theme-1] .footer_box .function_link .icon_box a[data-v-5629e546]:hover{color:#4980e3}[theme=theme-2] .footer_box .function_link .icon_box .share_link[data-v-5629e546]:hover,[theme=theme-2] .footer_box .function_link .icon_box a[data-v-5629e546]:hover{color:#ffb933}.footer_box .function_link .icon_box a.wechat img[data-v-5629e546]{display:none;width:100px;height:100px;position:absolute;top:-100px;left:-40px;box-shadow:0 0 6px 4px rgba(16,22,45,.1)}.footer_box .function_link .icon_box a.wechat:hover img[data-v-5629e546]{display:block}.footer_box .function_link .icon_box .share_link .share_box[data-v-5629e546]{display:none;background:#fff;box-shadow:0 2px 4px 1px rgba(0,0,0,.1);border-radius:4px;width:270px;height:170px;position:absolute;top:-210px;left:-157px;padding:20px;cursor:default}.footer_box .function_link .icon_box .share_link .share_box .text[data-v-5629e546]{text-align:left;font-family:PingFangSC-Thin;font-size:14px;color:#343d5e;line-height:14px}.footer_box .function_link .icon_box .share_link .share_box .img_box[data-v-5629e546]{display:block}.footer_box .function_link .icon_box .share_link .share_box .img_box .img[data-v-5629e546]{float:left;width:120px;height:120px;margin-left:-10px}.footer_box .function_link .icon_box .share_link .share_box .img_box .right_box[data-v-5629e546]{float:right}.footer_box .function_link .icon_box .share_link .share_box .img_box .right_box a[data-v-5629e546]{display:block;width:138px;height:38px;font-size:12px;color:#4980e3;text-align:center;line-height:38px;margin-top:15px;border:1px solid #4980e3;border-radius:100px}.footer_box .function_link .icon_box .share_link .share_box .img_box .right_box a[data-v-5629e546]:hover{background:#4980e3;color:#fff}.footer_box .function_link .icon_box .share_link:hover .share_box[data-v-5629e546]{display:block}.footer_box .function_link .svg_icon[data-v-5629e546]{width:22px;height:22px;margin-right:20px}.footer_box .friendship_link[data-v-5629e546]{width:460px;margin-bottom:42px}.footer_box .friendship_link li[data-v-5629e546]{float:left;margin-left:20px;line-height:24px}.footer_box .friendship_link li a[data-v-5629e546]{font-family:PingFangSC-Regular;font-size:12px;color:#94abc0}[theme=theme-2] .footer_box .friendship_link li a[data-v-5629e546]{color:#999}.footer_box .friendship_link li a[data-v-5629e546]:hover,[theme=theme-1] .footer_box .friendship_link li a[data-v-5629e546]:hover{color:#4980e3}[theme=theme-2] .footer_box .friendship_link li a[data-v-5629e546]:hover{color:#999}.footer_box .friendship_link p[data-v-5629e546]{margin-left:20px;margin-bottom:17px;font-family:PingFangSC-Regular;font-size:12px;color:#d5dde1}[theme=theme-1] .footer_box .friendship_link p[data-v-5629e546]{color:#4a5f78}[theme=theme-2] .footer_box .friendship_link p[data-v-5629e546]{color:#999}.footer_box .email_box[data-v-5629e546]{height:70px}.footer_box .email_box li[data-v-5629e546]{font-family:PingFangSC-Regular;font-size:12px;color:#94abc0;line-height:70px}[theme=theme-2] .footer_box .email_box li[data-v-5629e546]{color:#999}.footer_box .email_box li span[data-v-5629e546]{font-size:12px;color:#fff;line-height:70px}[theme=theme-1] .footer_box .email_box li span[data-v-5629e546]{color:#94abc0}[theme=theme-2] .footer_box .email_box li span[data-v-5629e546]{color:#999}</style>
	  </head>
	  <body data-n-head="">
	    <div data-server-rendered="true" id="__nuxt"><div id="__layout"><div class="error" data-v-721d3318><header class="header_nav" data-v-13d82628 data-v-721d3318><div class="nav_center" data-v-13d82628><ul class="fl nav_left" data-v-13d82628><li class="logo" data-v-13d82628><a href="/" class="logo-link nuxt-link-active" data-v-13d82628><img src="https://sc.be-app.net/sc.bcex.top/10/cms/20190228/dc6fa5b28acfe6e8ea039e07eb009ac6.png" alt="" class="logo-img" data-v-13d82628></a></li> <li data-v-13d82628><a href="/" class="link nuxt-link-active" data-v-13d82628>币币交易</a></li> <li data-v-13d82628><a href="https://otc.bcex.top" target="_blank" class="link" data-v-13d82628>法币交易</a></li> <li data-v-13d82628><a href="javascript:void(0);" class="link" data-v-13d82628>合约交易</a></li> <li class="activity" data-v-13d82628><a href="javascript:void(0)" data-v-13d82628><i class="activity-icon" data-v-13d82628></i>
	              最新活动
	          </a> <div class="activity_content" style="display:none;" data-v-13d82628 data-v-13d82628><a href="/activity/bit-bill" class="link" data-v-13d82628>赠币宝</a> <a href="/activity/holding-ranking" class="link" data-v-13d82628>持有排行赛</a> <a href="/activity/trade-ranking" class="link" data-v-13d82628>交易排行赛</a></div></li> <li data-v-13d82628><a href="/bdex" class="link" data-v-13d82628>BDEX交易区</a></li> <li data-v-13d82628><a class="link" data-v-13d82628>帮助中心</a></li></ul> <ul class="fr nav_right" data-v-13d82628><li class="item" data-v-13d82628><div class="lang" data-v-342d4c67 data-v-13d82628><span class="cur_lang" data-v-342d4c67>简体中文</span> <svg aria-hidden="true" class="svg_icon down" data-v-342d4c67><use xlink:href="#icon-sanjiao_down" data-v-342d4c67></use></svg> <svg aria-hidden="true" class="svg_icon up" data-v-342d4c67><use xlink:href="#icon-sanjiao_up" data-v-342d4c67></use></svg> <ul class="lists" style="display:none;" data-v-342d4c67 data-v-342d4c67><li class="item" data-v-342d4c67>English</li><li class="item" data-v-342d4c67>简体中文</li></ul></div></li> <li class="item" data-v-13d82628><a href="javascript:void(0);" class="link app_box" data-v-13d82628><span data-v-13d82628>APP</span> <span class="app_bcex" style="display:none;" data-v-13d82628 data-v-13d82628><span class="app_title" data-v-13d82628>扫码下载</span> <div class="qrcode" style="width:80px;height:80px;" data-v-d5b455b6 data-v-13d82628><img src="/_nuxt/img/a98c5d3.png" class="qrcode-img" data-v-d5b455b6></div></span></a></li> <li class="item" data-v-13d82628><a href="/login" class="link sign" data-v-13d82628>登录</a></li> <li class="item" data-v-13d82628><a href="/register" class="link register" data-v-13d82628>注册</a></li> <!----> <!----> <!----></ul></div></header> <div class="container" data-v-721d3318><div class="not-found" data-v-721d3318><div class="icon" data-v-721d3318></div> <div class="message" data-v-721d3318>出错啦！您访问的网页不存在</div></div></div> <div class="footer_box" data-v-5629e546 data-v-721d3318><div class="footer_center" data-v-5629e546><div class="link_box clearfix" data-v-5629e546><ul class="fl function_link" data-v-5629e546><li data-v-5629e546><a href="javascript:void(0);" data-v-5629e546>联系客服</a></li> <li data-v-5629e546><a href="https://github.com/BCEX-TECHNOLOGY-LIMITED/API_Docs/wiki/Interface" target="_blank" data-v-5629e546>API文档</a></li> <li data-v-5629e546><a href="/service" target="_blank" data-v-5629e546>服务协议</a></li> <li data-v-5629e546><a href="/service/privacy" target="_blank" data-v-5629e546>隐私政策</a></li> <li data-v-5629e546><a href="/fees" target="_blank" data-v-5629e546>费率说明</a></li> <li data-v-5629e546><a href="http://bcexglobal.mikecrm.com/gP5peaA" target="_blank" data-v-5629e546>上币申请</a></li> <li class="icon_box" data-v-5629e546><a href="javascript:void(0)" class="wechat" data-v-5629e546><svg aria-hidden="true" class="svg_icon" data-v-5629e546><use xlink:href="#icon-wechat" data-v-5629e546></use></svg> <img src="/_nuxt/img/fd41a1d.jpg" alt data-v-5629e546></a> <a href="https://www.facebook.com/BCEXofficialCanada/?modal=admin_todo_tour" target="_blank" data-v-5629e546><svg aria-hidden="true" class="svg_icon" data-v-5629e546><use xlink:href="#icon-facebook" data-v-5629e546></use></svg></a> <a href="https://twitter.com/BCEXofficial" target="_blank" data-v-5629e546><svg aria-hidden="true" class="svg_icon" data-v-5629e546><use xlink:href="#icon-tuite" data-v-5629e546></use></svg></a> <a href="https://0.plus/#/bcex_official" target="_blank" data-v-5629e546><svg aria-hidden="true" class="svg_icon" data-v-5629e546><use xlink:href="#icon-dianbao" data-v-5629e546></use></svg></a> <span class="share_link" data-v-5629e546><svg aria-hidden="true" class="svg_icon" data-v-5629e546><use xlink:href="#icon-gongxianghuzhao" data-v-5629e546></use></svg> <span class="share_box" data-v-5629e546><span class="text" data-v-5629e546>BCEX Global用户交流群</span> <span class="img_box clearfix" data-v-5629e546><img src="/_nuxt/img/fd41a1d.jpg" alt class="img" data-v-5629e546> <span class="right_box" data-v-5629e546><a href="https://www.pgyer.com/xKfF" target="_blank" data-v-5629e546>ios下载</a> <a href="https://www.pgyer.com/wepass" target="_blank" data-v-5629e546>Android下载</a></span></span> <span class="text" data-v-5629e546>请打开“共享护照”APP，打开“扫一扫”进行扫码</span></span></span></li></ul> <ul class="fr friendship_link" data-v-5629e546><p data-v-5629e546>友情链接</p> <!----> <li data-v-5629e546><a href="https://www.coingogo.com" target="_blank" data-v-5629e546>币源社区</a></li><li data-v-5629e546><a href="http://www.qukuaiwang.com.cn" target="_blank" data-v-5629e546>区块网</a></li><li data-v-5629e546><a href="http://www.bitett.com/portal.php" target="_blank" data-v-5629e546>比特头条</a></li><li data-v-5629e546><a href="http://www.chainfor.com" target="_blank" data-v-5629e546>链向财经</a></li><li data-v-5629e546><a href="http://www.qkzj.com" target="_blank" data-v-5629e546>区块之家</a></li><li data-v-5629e546><a href="https://aicoin.com" target="_blank" data-v-5629e546>AICoin</a></li><li data-v-5629e546><a href="http://bcsky.pro" target="_blank" data-v-5629e546>链天下</a></li></ul></div> <ul class="email_box" data-v-5629e546><li class="fl" data-v-5629e546><span data-v-5629e546>商务邮箱：</span><a href="/cdn-cgi/l/email-protection" class="__cf_email__" data-cfemail="375542445e59524444775554524f19415e47">[email&#160;protected]</a></li> <li class="fl" style="margin-left: 20px;" data-v-5629e546><span data-v-5629e546>客服邮箱：</span><a href="/cdn-cgi/l/email-protection" class="__cf_email__" data-cfemail="116274636778727451737274693f677861">[email&#160;protected]</a></li> <li class="fr" data-v-5629e546>Copyright © 2019 BCEX.CA All Rights Reserved.</li></ul></div></div></div></div></div><script data-cfasync="false" src="/cdn-cgi/scripts/5c5dd728/cloudflare-static/email-decode.min.js"></script><script>window.__NUXT__=(function(a,b,c,d,e,f,g,h,i,j,k,l,m,n,o,p,q,r,s,t,u,v,w,x,y,z,A,B,C,D,E,F,G,H,I,J,K,L,M,N,O,P,Q,R,S,T,U,V,W,X,Y,Z,_,$,aa,ab,ac,ad,ae,af,ag,ah,ai,aj,ak,al,am,an,ao,ap,aq,ar,as,at,au,av,aw,ax,ay,az,aA,aB,aC,aD,aE,aF,aG,aH,aI,aJ,aK,aL,aM,aN,aO,aP,aQ,aR,aS,aT,aU,aV,aW,aX,aY,aZ,a_,a$,ba,bb,bc,bd,be,bf,bg,bh,bi,bj,bk,bl,bm,bn,bo,bp,bq,br,bs,bt,bu,bv,bw,bx,by,bz,bA,bB,bC,bD,bE,bF,bG,bH,bI,bJ){return {layout:"default",data:[],error:{statusCode:404,path:"\u002FApi_Market\u002FgetPriceList",message:"This page could not be found"},state:{user:a,auth:0,isNovice:false,orgId:10,_otc:"https:\u002F\u002Fotc.bcex.top",_socket:"https:\u002F\u002Fso.bcex.top",_static:"https:\u002F\u002Fsc.be-app.net",_theme:"theme-0",nav:a,tokens:[{token:as,token_as:as,logo_url:"\u002Fsc.bcex.top\u002F0\u002Fcms\u002F20190628\u002F136782c0f98f956ba4d31fde59096f9f.png"},{token:d,token_as:d,logo_url:"\u002Fsc.bcex.top\u002F0\u002Fcms\u002F20181214\u002F98b218551f5f49755aefc761696bbd70.png"},{token:at,token_as:at,logo_url:"\u002Fsc.bcex.top\u002F0\u002Fcms\u002F20181214\u002F2e70699ac10ffa9168e9ff0aefc999f6.png"},{token:e,token_as:e,logo_url:"\u002Fsc.bcex.top\u002F0\u002Fcms\u002F20181214\u002F5f3da6e157c65b1c5353d5ecfd50ec66.png"},{token:f,token_as:f,logo_url:"\u002Fsc.bcex.top\u002F0\u002Fcms\u002F20181214\u002F64ed6db4ed14afaa4f195edccfe9121d.png"},{token:g,token_as:g,logo_url:"\u002Fsc.bcex.top\u002F0\u002Fcms\u002F20181214\u002F600b30b77b2814c1e3992ec9110d3647.png"},{token:h,token_as:h,logo_url:"\u002Fsc.bcex.top\u002F0\u002Fcms\u002F20181214\u002Fd4deb426d4a158df86202598581413bb.png"},{token:i,token_as:i,logo_url:"\u002Fsc.bcex.top\u002F0\u002Fcms\u002F20181214\u002F7ce9f0658bae81676be61c79c26d9ec4.png"},{token:j,token_as:j,logo_url:"\u002Fsc.bcex.top\u002F0\u002Fcms\u002F20181214\u002F5cb90763abd0e07f745dde197ec5e562.png"},{token:k,token_as:k,logo_url:"\u002Fsc.bcex.top\u002F0\u002Fcms\u002F20181214\u002Febc33a3b1cbf5c233c49902603d85a4a.png"},{token:l,token_as:l,logo_url:"\u002Fsc.bcex.top\u002F0\u002Fcms\u002F20181214\u002F097331b64e14ee24814f8f9469e03106.png"},{token:m,token_as:m,logo_url:"\u002Fsc.bcex.top\u002F0\u002Fcms\u002F20181214\u002Fadd0ecd9bfc639a5542838bd089a7f33.png"},{token:n,token_as:n,logo_url:"\u002Fsc.bcex.top\u002F0\u002Fcms\u002F20181214\u002Fe4123278183611a1b846a5e267f897ee.png"},{token:o,token_as:o,logo_url:"\u002Fsc.bcex.top\u002F0\u002Fcms\u002F20181214\u002F6472b827003b537c828df3ab5426ff32.png"},{token:p,token_as:p,logo_url:"\u002Fsc.bcex.top\u002F0\u002Fcms\u002F20181214\u002F3530cecbe69e6d3d6791f48895d5aa6d.png"},{token:q,token_as:q,logo_url:"\u002Fsc.bcex.top\u002F0\u002Fcms\u002F20181214\u002Fb7105685aea7573f1b63cf9234ded225.png"},{token:r,token_as:r,logo_url:"\u002Fsc.bcex.top\u002F0\u002Fcms\u002F20181214\u002F21f3f86919ae0830cf7c2d7b813d829b.png"},{token:"ANS",token_as:"NEO",logo_url:"\u002Fsc.bcex.top\u002F0\u002Fcms\u002F20181214\u002Ff684dd9647e4889d15548052606dcfa6.png"},{token:s,token_as:s,logo_url:"\u002Fsc.bcex.top\u002F0\u002Fcms\u002F20181214\u002F0bbed5dc1a4499c2e5ae3c500ec00d1d.png"},{token:t,token_as:t,logo_url:"\u002Fsc.bcex.top\u002F0\u002Fcms\u002F20181214\u002F9f4f66c801c0ec803e8fca5b53cbb37b.png"},{token:u,token_as:u,logo_url:"\u002Fsc.bcex.top\u002F0\u002Fcms\u002F20190114\u002F4237c7645bb2547ef848ab6e7b5d67c9.jpg"},{token:v,token_as:v,logo_url:"\u002Fsc.bcex.top\u002F0\u002Fcms\u002F20181214\u002Fe5c0ff50e9f65504da5d81ca78fa9616.png"},{token:w,token_as:w,logo_url:"\u002Fsc.bcex.top\u002F0\u002Fcms\u002F20181214\u002F231b77e29bf1eec24ac8f4b67dbeeab8.png"},{token:x,token_as:x,logo_url:"\u002Fsc.bcex.top\u002F0\u002Fcms\u002F20181214\u002Fff182e20e75db7860ef6b45eca876113.png"},{token:y,token_as:y,logo_url:"\u002Fsc.bcex.top\u002F0\u002Fcms\u002F20181214\u002F94e481a214f50a8708df6df4b7d5baa1.png"},{token:z,token_as:z,logo_url:"\u002Fsc.bcex.top\u002F0\u002Fcms\u002F20181214\u002Fef9bdf49b6632d871b533654fb2df1d3.png"},{token:A,token_as:A,logo_url:"\u002Fsc.bcex.top\u002F0\u002Fcms\u002F20181214\u002F54436857c5476017d27500f2e82d9ece.png"},{token:B,token_as:B,logo_url:"\u002Fsc.bcex.top\u002F0\u002Fcms\u002F20181214\u002F3a1bd2decc55c0a70adfe48e0c5b6b94.png"},{token:C,token_as:C,logo_url:"\u002Fsc.bcex.top\u002F0\u002Fcms\u002F20181214\u002Fc0a52f226e28e29373780910797de6b3.png"},{token:D,token_as:D,logo_url:"\u002Fsc.bcex.top\u002F0\u002Fcms\u002F20181214\u002Ff29750ac89730b7b8f5e7ae8ec34e97a.png"},{token:E,token_as:E,logo_url:"\u002Fsc.bcex.top\u002F0\u002Fcms\u002F20181214\u002F577652d5a094572e8528cf1330cc3383.png"},{token:F,token_as:F,logo_url:"\u002Fsc.bcex.top\u002F0\u002Fcms\u002F20181214\u002F0726abb1b4f471808b6181247fa1e2c2.png"},{token:G,token_as:G,logo_url:"\u002Fsc.bcex.top\u002F0\u002Fcms\u002F20181214\u002Fa5c91ae3329e6c8f5b63fa1584f16387.png"},{token:H,token_as:H,logo_url:"\u002Fsc.bcex.top\u002F0\u002Fcms\u002F20181214\u002F70b206e353c84fc524b91d32d3713ddb.png"},{token:"WIC",token_as:"WICC",logo_url:"\u002Fsc.bcex.top\u002F0\u002Fcms\u002F20181214\u002Ff32aee1968404cc2a1c8b877dd2ef583.png"},{token:I,token_as:I,logo_url:"\u002Fsc.bcex.top\u002F0\u002Fcms\u002F20181214\u002Fa5e2d5dd27f4b9c2e3e1e6ae21bb6851.png"},{token:J,token_as:J,logo_url:"\u002Fsc.bcex.top\u002F0\u002Fcms\u002F20181214\u002Fdd796b9c87ab8ea96585b936a935402d.png"},{token:K,token_as:K,logo_url:"\u002Fsc.bcex.top\u002F0\u002Fcms\u002F20181214\u002F2816b9b145875159c52f764234020c7b.png"},{token:L,token_as:L,logo_url:"\u002Fsc.bcex.top\u002F0\u002Fcms\u002F20181214\u002F1b07e5bd022a1b7ff733d1af5ce058d4.png"},{token:M,token_as:M,logo_url:"\u002Fsc.bcex.top\u002F0\u002Fcms\u002F20181214\u002F6e65de7e36d7f335bda523f412eb8007.png"},{token:N,token_as:N,logo_url:"\u002Fsc.bcex.top\u002F0\u002Fcms\u002F20181214\u002Fa0dbb5b16ffdf1a2ca40547e3d262220.png"},{token:O,token_as:O,logo_url:"\u002Fsc.bcex.top\u002F0\u002Fcms\u002F20181214\u002F26d0658d1354b06515e502e2873169c1.png"},{token:P,token_as:P,logo_url:"\u002Fsc.bcex.top\u002F0\u002Fcms\u002F20181214\u002F88adc7c08d8c6e00e07b79c397c357c2.png"},{token:Q,token_as:Q,logo_url:"\u002Fsc.bcex.top\u002F0\u002Fcms\u002F20181214\u002F24add2b9f149e9b4605a7ccc7382ce4f.png"},{token:R,token_as:R,logo_url:"\u002Fsc.bcex.top\u002F0\u002Fcms\u002F20181214\u002Fceeb13ccfe0fc4b950dbf0a7397df0c3.png"},{token:S,token_as:S,logo_url:"\u002Fsc.bcex.top\u002F0\u002Fcms\u002F20181214\u002Ffa371f8188114642a8b30b1454720c09.png"},{token:T,token_as:T,logo_url:"\u002Fsc.bcex.top\u002F0\u002Fcms\u002F20181214\u002F74a22ec64f0b3a7d0c3ff2afa478942d.png"},{token:"BHPC",token_as:"BHP",logo_url:"\u002Fsc.bcex.top\u002F0\u002Fcms\u002F20190114\u002Fe69d65eeb7fde3d2de7f2dec39108b99.png"},{token:U,token_as:U,logo_url:"\u002Fsc.bcex.top\u002F0\u002Fcms\u002F20181214\u002F26acf09a6304b7f5ef0b736e2c42a3c0.png"},{token:V,token_as:V,logo_url:"\u002Fsc.bcex.top\u002F0\u002Fcms\u002F20181214\u002F4f3ace3e2a983d7f04969104db5e0344.png"},{token:W,token_as:W,logo_url:"\u002Fsc.bcex.top\u002F0\u002Fcms\u002F20181214\u002F9ccda32f8a51b963d30604d9c636f18a.png"},{token:X,token_as:X,logo_url:"\u002Fsc.bcex.top\u002F0\u002Fcms\u002F20181214\u002Faa5063c7862eaf216dff53b416a8d011.png"},{token:Y,token_as:Y,logo_url:"\u002Fsc.bcex.top\u002F0\u002Fcms\u002F20181214\u002F17f4fe10ec7dc201251c274a45b241a1.png"},{token:Z,token_as:Z,logo_url:"\u002Fsc.bcex.top\u002F0\u002Fcms\u002F20181214\u002Ff3120209ada0d4290502a877caaf7806.png"},{token:_,token_as:_,logo_url:"\u002Fsc.bcex.top\u002F0\u002Fcms\u002F20181214\u002F918265142bfec749f971e46a76f084af.png"},{token:$,token_as:$,logo_url:"\u002Fsc.bcex.top\u002F0\u002Fcms\u002F20181214\u002F2d34b0d7a50e907c7348480c235cea53.png"},{token:aa,token_as:aa,logo_url:"\u002Fsc.bcex.top\u002F0\u002Fcms\u002F20181214\u002Fb282d55570b092b96b2edd2d6a672619.png"},{token:ab,token_as:ab,logo_url:"\u002Fsc.bcex.top\u002F0\u002Fcms\u002F20181214\u002Ff81bf68ccf29d914f10f885e3ad3a418.png"},{token:ac,token_as:ac,logo_url:"\u002Fsc.bcex.top\u002F0\u002Fcms\u002F20181214\u002F898bef077e439dcc2728394c2bd6a640.png"},{token:ad,token_as:ad,logo_url:"\u002Fsc.bcex.top\u002F0\u002Fcms\u002F20181214\u002Fe61f9363e201a5f542065a6e8d2d7a1a.png"},{token:ae,token_as:ae,logo_url:"\u002Fsc.bcex.top\u002F0\u002Fcms\u002F20181214\u002F6d3b774590259e56891ed58073542cd2.png"},{token:af,token_as:af,logo_url:"\u002Fsc.bcex.top\u002F0\u002Fcms\u002F20181214\u002F96bd8b231fddd298010d1dc959ba47c2.png"},{token:ag,token_as:ag,logo_url:"\u002Fsc.bcex.top\u002F0\u002Fcms\u002F20181214\u002F5e27ca17f10e1176073662bb1b13f1f8.png"},{token:ah,token_as:ah,logo_url:"\u002Fsc.bcex.top\u002F0\u002Fcms\u002F20181214\u002Fad9c8f44718f46c03adef7be7d8df51a.png"},{token:ai,token_as:ai,logo_url:"\u002Fsc.bcex.top\u002F0\u002Fcms\u002F20181214\u002F3f0e120881370df438861aa1f8f7f923.png"},{token:aj,token_as:aj,logo_url:"\u002Fsc.bcex.top\u002F0\u002Fcms\u002F20181214\u002Fdd6ee89971e19833196640067511e0b8.png"},{token:ak,token_as:ak,logo_url:"\u002Fsc.bcex.top\u002F0\u002Fcms\u002F20181214\u002F0409f97f64e0195d46ed687bf1a39b15.png"},{token:al,token_as:al,logo_url:"\u002Fsc.bcex.top\u002F0\u002Fcms\u002F20181214\u002Fd62adedd114834bddc612e52f29bead1.png"},{token:am,token_as:am,logo_url:"\u002Fsc.bcex.top\u002F0\u002Fcms\u002F20181214\u002F2ad58809fe3a06237c8ae74020ebeff3.png"},{token:an,token_as:an,logo_url:"\u002Fsc.bcex.top\u002F0\u002Fcms\u002F20181214\u002Fdbe3597c13bfe258179ad89add496b4f.png"},{token:ao,token_as:ao,logo_url:"\u002Fsc.bcex.top\u002F0\u002Fcms\u002F20190114\u002F5aca6557d34610c12592caee6787310d.png"},{token:ap,token_as:ap,logo_url:"\u002Fsc.bcex.top\u002F0\u002Fcms\u002F20181214\u002Fea1084974a4a3b0a37ef76d8e3ce2d08.png"},{token:aq,token_as:aq,logo_url:"\u002Fsc.bcex.top\u002F0\u002Fcms\u002F20181214\u002F6d4b38f2d65f8594c5934df039890873.png"},{token:ar,token_as:ar,logo_url:"\u002Fsc.bcex.top\u002F0\u002Fcms\u002F20181214\u002F0d1b3e3825df7baf71ac95136d8b0686.png"},{token:bJ,token_as:bJ,logo_url:"\u002Fsc.bcex.top\u002F0\u002Fcms\u002F20181214\u002F43cd4d9307258903f3774a7ae4b03647.png"},{token:c,token_as:c,logo_url:"\u002Fsc.bcex.top\u002F0\u002Fcms\u002F20181214\u002F3810db5daefd43e5673a251a290c2a8c.png"},{token:au,token_as:au,logo_url:"\u002Fsc.bcex.top\u002F0\u002Fcms\u002F20181217\u002F8f7453d0b792a0e375a2f6d37430a6a2.png"},{token:av,token_as:av,logo_url:"\u002Fsc.bcex.top\u002F0\u002Fcms\u002F20181214\u002Ff6c13360291cff088de0b07320d30360.png"},{token:aw,token_as:aw,logo_url:"\u002Fsc.bcex.top\u002F0\u002Fcms\u002F20181214\u002F9691db2bef501220eab364045dc4dda6.png"},{token:ax,token_as:ax,logo_url:"\u002Fsc.bcex.top\u002F0\u002Fcms\u002F20181214\u002F0992c3bec8a19be794b848de2e7b061e.png"},{token:ay,token_as:ay,logo_url:"\u002Fsc.bcex.top\u002F0\u002Fcms\u002F20181214\u002F398ecf3bf573747644dac81e2cff1392.png"},{token:"PVTK",token_as:"OCC",logo_url:"\u002Fsc.bcex.top\u002F0\u002Fcms\u002F20190418\u002Fbe3cce5a93f0f2af5cbd0e2c68bdbbfd.png"},{token:az,token_as:az,logo_url:"\u002Fsc.bcex.top\u002F0\u002Fcms\u002F20181214\u002F1bee8d8621b495dd176a90db94f95761.png"},{token:aA,token_as:aA,logo_url:"\u002Fsc.bcex.top\u002F0\u002Fcms\u002F20181214\u002F95303fff5b4f81facad358389d032a40.png"},{token:aB,token_as:aB,logo_url:"\u002Fsc.bcex.top\u002F0\u002Fcms\u002F20181214\u002Ffeaf5d1e33945812d568871759d127ba.png"},{token:aC,token_as:aC,logo_url:"\u002Fsc.bcex.top\u002F0\u002Fcms\u002F20181214\u002F7f7fff0f2cd3684f80240113c850b7b4.png"},{token:aD,token_as:aD,logo_url:"\u002Fsc.bcex.top\u002F0\u002Fcms\u002F20181214\u002F3d1e788aa10abf938c0cdb8fe365a8dc.png"},{token:aE,token_as:aE,logo_url:"\u002Fsc.bcex.top\u002F0\u002Fcms\u002F20181214\u002F0a0bc81e7495256c02e978239a8c0ca6.png"},{token:aF,token_as:aF,logo_url:"\u002Fsc.bcex.top\u002F0\u002Fcms\u002F20181214\u002Fa06098a25a4951269ba4525c6a024ca0.png"},{token:aG,token_as:aG,logo_url:"\u002Fsc.bcex.top\u002F0\u002Fcms\u002F20181214\u002F2d2621d2f61fc7fff042ffc9de18be94.png"},{token:"CKUSD",token_as:"CK.USD",logo_url:"\u002Fsc.bcex.top\u002F0\u002Fcms\u002F20181214\u002F58d914bb1e7f247a7f6fbf2918b9681c.png"},{token:aH,token_as:aH,logo_url:"\u002Fsc.bcex.top\u002F0\u002Fcms\u002F20181217\u002Ffbe43240f0d3ebdcad992feb46f6c6e5.png"},{token:aI,token_as:aI,logo_url:"\u002Fsc.bcex.top\u002F0\u002Fcms\u002F20181216\u002Ffa3aeb1050e1d87169b57e498c46976c.png"},{token:aJ,token_as:aJ,logo_url:"\u002Fsc.bcex.top\u002F0\u002Fcms\u002F20181214\u002Fe1c51e213bdae34135bd29fa7073e3c0.png"},{token:aK,token_as:aK,logo_url:"\u002Fsc.bcex.top\u002F0\u002Fcms\u002F20181214\u002F13f7d46e305b2c87c2cc9c16230c007b.png"},{token:aL,token_as:aL,logo_url:"\u002Fsc.bcex.top\u002F0\u002Fcms\u002F20181214\u002Ff9ec0c9fe05689a229b527f90c5b25dd.png"},{token:aM,token_as:aM,logo_url:"\u002Fsc.bcex.top\u002F0\u002Fcms\u002F20181214\u002F90c8784d9b84fb45691ac6546561d43e.png"},{token:aN,token_as:aN,logo_url:"\u002Fsc.bcex.top\u002F0\u002Fcms\u002F20181214\u002F12a6d21b65aa2649f99c2e13992f9322.png"},{token:aO,token_as:aO,logo_url:"\u002Fsc.bcex.top\u002F0\u002Fcms\u002F20181214\u002F6326c6dc6c1e4d45fbeaa7421d54db90.png"},{token:aP,token_as:aP,logo_url:"\u002Fsc.bcex.top\u002F0\u002Fcms\u002F20181221\u002Fc359ff50c26369090c11c46c8aa89049.png"},{token:aQ,token_as:aQ,logo_url:"\u002Fsc.bcex.top\u002F0\u002Fcms\u002F20181225\u002Fd8f056b8ab5b52f3aabe16e5f39e87d6.jpg"},{token:aR,token_as:aR,logo_url:"\u002Fsc.bcex.top\u002F0\u002Fcms\u002F20181227\u002F43ea8398536e598d6f3fb9b84a62af61.png"},{token:aS,token_as:aS,logo_url:"\u002Fsc.bcex.top\u002F0\u002Fcms\u002F20190110\u002F1d9155565747b62c25f881af1c3b86b0.png"},{token:aT,token_as:aT,logo_url:"\u002Fsc.bcex.top\u002F0\u002Fcms\u002F20190111\u002Fc74ca85261ca21129f1d24857e6efeb1.png"},{token:aU,token_as:aU,logo_url:"\u002Fsc.bcex.top\u002F0\u002Fcms\u002F20190115\u002F96c13b6d664b4482c17dd34b9a7e96f1.png"},{token:aV,token_as:aV,logo_url:"\u002Fsc.bcex.top\u002F0\u002Fcms\u002F20190121\u002F0d27442ed2a1cbed0e159e972f966050.png"},{token:aW,token_as:aW,logo_url:"\u002Fsc.bcex.top\u002F0\u002Fcms\u002F20190124\u002F88cf8602ce7bb283a9e39400b5864894.png"},{token:aX,token_as:aX,logo_url:"\u002Fsc.bcex.top\u002F0\u002Fcms\u002F20190221\u002F913c961e6e7a719a302928d240ad22d3.png"},{token:aY,token_as:aY,logo_url:"\u002Fsc.bcex.top\u002F0\u002Fcms\u002F20190228\u002F28067b876b829697ce7eda957ac0c5d1.png"},{token:aZ,token_as:aZ,logo_url:"\u002Fsc.bcex.top\u002F0\u002Fcms\u002F20190306\u002Fe0748fb6e64b1afc46cef7f73a37f830.png"},{token:a_,token_as:a_,logo_url:"\u002Fsc.bcex.top\u002F0\u002Fcms\u002F20190306\u002F6aa8b10765a80440ff3a5d5e8f08ea08.png"},{token:a$,token_as:a$,logo_url:"\u002Fsc.bcex.top\u002F0\u002Fcms\u002F20190306\u002Fcfc03543fa784e477ef13ab406c0bd5c.png"},{token:ba,token_as:ba,logo_url:"\u002Fsc.bcex.top\u002F0\u002Fcms\u002F20190306\u002F69a41a3aa734c8cb7cc7ac1cad97490b.png"},{token:bb,token_as:bb,logo_url:"\u002Fsc.bcex.top\u002F0\u002Fcms\u002F20190306\u002F67c01ae963eb482ecf0c1555c20401c7.png"},{token:bc,token_as:bc,logo_url:"\u002Fsc.bcex.top\u002F0\u002Fcms\u002F20190306\u002F1382b4995cc594af8048b831dc70f32d.png"},{token:bd,token_as:bd,logo_url:"\u002Fsc.bcex.top\u002F0\u002Fcms\u002F20190306\u002F0aeec6ef0c08e22b0bc6472b0b2ef358.png"},{token:be,token_as:be,logo_url:"\u002Fsc.bcex.top\u002F0\u002Fcms\u002F20190306\u002Fbfade5602c5bb10bdaff7d973a2143fd.png"},{token:bf,token_as:bf,logo_url:"\u002Fsc.bcex.top\u002F0\u002Fcms\u002F20190306\u002F3457eec7b34a0ade36e325f14f9a21e3.png"},{token:bg,token_as:bg,logo_url:"\u002Fsc.bcex.top\u002F0\u002Fcms\u002F20190306\u002F184efea203b29a958c6a2815c150a61b.png"},{token:bh,token_as:bh,logo_url:"\u002Fsc.bcex.top\u002F0\u002Fcms\u002F20190306\u002F6e7a4739755e50a04cede90ae72333b1.png"},{token:bi,token_as:bi,logo_url:"\u002Fsc.bcex.top\u002F0\u002Fcms\u002F20190306\u002F8c0f6863019d880c6680a5c489a424ee.png"},{token:bj,token_as:bj,logo_url:"\u002Fsc.bcex.top\u002F0\u002Fcms\u002F20190306\u002Feea0a58873a6147b24c125daf867e5a1.png"},{token:bk,token_as:bk,logo_url:"\u002Fsc.bcex.top\u002F0\u002Fcms\u002F20190319\u002Fa979ef49ada30768235d0623548c2c71.png"},{token:bl,token_as:bl,logo_url:"\u002Fsc.bcex.top\u002F0\u002Fcms\u002F20190322\u002Fa33f3b9c7900f037ada363f9b19e32f2.png"},{token:bm,token_as:bm,logo_url:"\u002Fsc.bcex.top\u002F0\u002Fcms\u002F20190418\u002F8692accf123eb17be1fd042484a22061.png"},{token:bn,token_as:bn,logo_url:"\u002Fsc.bcex.top\u002F0\u002Fcms\u002F20190408\u002F2780fa4b90922d552b4c197af364afbe.png"},{token:bo,token_as:bo,logo_url:"\u002Fsc.bcex.top\u002F0\u002Fcms\u002F20190417\u002Fbb3bc108e71da644ff4cadbf390c5605.png"},{token:bp,token_as:bp,logo_url:"\u002Fsc.bcex.top\u002F0\u002Fcms\u002F20190515\u002F224386958f98b04585b40c4f9050c4d5.png"},{token:bq,token_as:bq,logo_url:"\u002Fsc.bcex.top\u002F0\u002Fcms\u002F20190521\u002F7433f1ede9091e5c1a206e0b839c4542.png"},{token:br,token_as:br,logo_url:"\u002Fsc.bcex.top\u002F0\u002Fcms\u002F20190603\u002Fb27584c79cd2a7db054c038529f3578e.png"},{token:bs,token_as:bs,logo_url:"\u002Fsc.bcex.top\u002F0\u002Fcms\u002F20190603\u002F0c0230cd34e806b4be14bfefaf3a2a78.jpg"},{token:bt,token_as:bt,logo_url:"\u002Fsc.bcex.top\u002F0\u002Fcms\u002F20190603\u002F4abdddbf387614e9f3b05e2cb6665923.jpg"},{token:bu,token_as:bu,logo_url:"\u002Fsc.bcex.top\u002F0\u002Fcms\u002F20190603\u002Fcd0e0f270af0274e22edee73fc094481.png"},{token:bv,token_as:bv,logo_url:"\u002Fsc.bcex.top\u002F0\u002Fcms\u002F20190603\u002F9daab85186a235fa488437ef56fe57c5.png"},{token:bw,token_as:bw,logo_url:"\u002Fsc.bcex.top\u002F0\u002Fcms\u002F20190604\u002F121708b486c53904b1336eac638e0f11.png"},{token:bx,token_as:bx,logo_url:"\u002Fsc.bcex.top\u002F0\u002Fcms\u002F20190605\u002F6de00507602bde2541f3dede5a8890d8.png"},{token:by,token_as:by,logo_url:"\u002Fsc.bcex.top\u002F0\u002Fcms\u002F20190614\u002F9186dd05d0720cbcd273639b2bfad6b1.jpg"},{token:bz,token_as:bz,logo_url:"\u002Fsc.bcex.top\u002F0\u002Fcms\u002F20190626\u002Fc3c001bec6a3c4e5a6dcfa889ffec4f1.png"},{token:bA,token_as:bA,logo_url:"\u002Fsc.bcex.top\u002F0\u002Fcms\u002F20190627\u002F0943ea7c48b62cb09e94c249eed2ab5f.png"},{token:bB,token_as:bB,logo_url:"\u002Fsc.bcex.top\u002F0\u002Fcms\u002F20190704\u002Fd74755a1b123d8e0da4e7ca6ddb84826.png"},{token:bC,token_as:bC,logo_url:"\u002Fsc.bcex.top\u002F0\u002Fcms\u002F20190711\u002Fb9e6774e8ceceeba3fa5a9e4a051b3fa.png"},{token:bD,token_as:bD,logo_url:"\u002Fsc.bcex.top\u002F0\u002Fcms\u002F20190716\u002F08d93063a62c6a42fb913971766623f4.png"},{token:bE,token_as:bE,logo_url:"\u002Fsc.bcex.top\u002F0\u002Fcms\u002F20190716\u002Fcdfa1bd6473e8a15dd099de3f8536fad.jpg"},{token:bF,token_as:bF,logo_url:"\u002Fsc.bcex.top\u002F0\u002Fcms\u002F20190718\u002F0aa2ab931e13d35ebae89465b1ac57f1.png"},{token:bG,token_as:bG,logo_url:"\u002Fsc.bcex.top\u002F0\u002Fcms\u002F20190812\u002Fb631770204effb4ed737259d1203be10.png"},{token:bH,token_as:bH,logo_url:"\u002Fsc.bcex.top\u002F0\u002Fcms\u002F20190821\u002F543316be6cb54fbfbf028ab9e6537b61.jpeg"},{token:bI,token_as:bI,logo_url:"\u002Fsc.bcex.top\u002F0\u002Fcms\u002F20190827\u002Fc93c480863647763192cde0e9637034f.png"}],locales:["en","zh-CN"],name:"BCEX Global",country:"CN",logo:"\u002Fsc.bcex.top\u002F10\u002Fcms\u002F20190228\u002Fdc6fa5b28acfe6e8ea039e07eb009ac6.png",favicon:a,wechat:a,facebook:a,twitter:a,telegraph:a,isWechat:b,isFacebook:b,isTwitter:b,isTelegraph:b,apiDocument:"https:\u002F\u002Fgithub.com\u002FBCEX-TECHNOLOGY-LIMITED\u002FAPI_Docs\u002Fwiki\u002FInterface",seviceAgreement:a,privacyPolicy:a,zendesk:"https:\u002F\u002Fbcexglobal.zendesk.com",history:"https:\u002F\u002Fold.bcex.vip\u002F",email:a,ownership:a,friendLink:a},serverRendered:b}}(void 0,true,"PONY","ETH","DOGE","ONT","QTUM","ETC","ZEC","AXF","XLM","YBCT","LTC","LMC","DCT","GOOC","LEC","MXI","MCC","UDB","XRP","EOS","BASH","SIGMA","ETF","NAS","CNET","LBTC","ELF","CMT","BCD","FOODPT","SLTC","NAI","WAVES","IIC","AIDOC","DCON","UC","AIT","CZR","SHE","SDD","ELA","IFISH","IMOS","BOPO","WDNA","AFC","LKY","MT","CNMC","DAX","EOSDAC","CIT","PNT","CTC","TKT","TAC","NEWOS","VSC","RATING","BU","NKN","SOP","VAAC","TIP","PST","PTT","TLC","HSC","UIC","BTC","USDT","EON","MOC","GUSD","AGRS","MGO","GAT","HKDT","PAX","AION","SPG","BCAC","MATO","BRN","KING","PINMO","YBY","DRCT","JC","NTK","SMC","TNC","MBS","EMC2","EPR","SMEX","BXA","ARN","TWDT","BBUSD1906","TRX","SEED","OMG","IOST","PAY","RDN","ZIL","UNC","SCEC","USE","CUSE","FCC","SNT","X","DAPP","VOLLAR","EVS","FRECNX","OKU","AMS","BFC","B91","IPWT","ETT","UNI","BDE","GT","IFOOD","USS","BAR","FOFB","YTA","XMALL","GBX","BQQQ","GEC","CXC","HDC","UID","BCS","MIT"));</script><script src="/_nuxt/bb9596b95e4f1d8c0986.js" defer></script><script src="/_nuxt/e0148bc0b0264333b6f3.js" defer></script><script src="/_nuxt/f09bbf019f39f1fe9fb6.js" defer></script><script src="/_nuxt/883cc57e6cc23ac5464b.js" defer></script>
	  </body>
	</html>
	 (ignoring) [90m(explain @ run-tests.js:190)[39m
[22m[1m[7m[33m[39m[27m[22m
[22m[1m[7m[33mWARN[39m[27m [33mbibox[39m (PHP):[22m [90m(explain @ run-tests.js:188)[39m
[22m[1m[22m
	string(11) "./keys.json"
	EXCHANGE: bibox
	PHP Notice:  Undefined variable: currency in /ccxt/php/bibox.php on line 386
	[Authentication Error] bibox fetchCurrencies is an authenticated endpoint, therefore it requires 'apiKey' and 'secret' credentials. If you don't need  details, set exchange.has['fetchCurrencies'] = false before calling its methods. (ignoring)
	PHP Notice:  Undefined variable: currency in /ccxt/php/bibox.php on line 386
	[Authentication Error] bibox fetchCurrencies is an authenticated endpoint, therefore it requires 'apiKey' and 'secret' credentials. If you don't need  details, set exchange.has['fetchCurrencies'] = false before calling its methods. (ignoring) [90m(explain @ run-tests.js:190)[39m
[22m[1m[7m[33m[39m[27m[22m
[22m[1m[7m[33mWARN[39m[27m [33mbitbank[39m (Python):[22m [90m(explain @ run-tests.js:188)[39m
[22m[1m[22m
	[ExchangeNotAvailable] GET https://cors-anywhere.herokuapp.com/https://public.bitbank.cc/eth_btc/candlestick/8hour/20190923 404 Not Found {"success":0,"data":{"code":10000}}
	bitbank using proxy ``
	EXCHANGE: bitbank
	SYMBOL: ETH/BTC
	bitbank ETH/BTC ticker 2019-09-23T10:12:09.390Z high: 0.02120474 low: 0.020665 bid: 0.02111201 ask: 0.02113645 volume: None
	bitbank ETH/BTC order book 2019-09-23T10:12:40.161Z bid: 0.02111201 bidVolume: 0.3241 ask: 0.02113645 askVolume: 0.9
	bitbank ETH/BTC fetched 60 trades
	({'num_retries': 0, 'max_retries': 2, 'type': 'ExchangeNotAvailable'}, 'GET https://public.bitbank.cc/eth_btc/candlestick/8hour/20190923 404 Not Found {"success":0,"data":{"code":10000}}')
	bitbank using proxy `https://cors-anywhere.herokuapp.com/`
	EXCHANGE: bitbank
	SYMBOL: ETH/BTC
	bitbank ETH/BTC ticker 2019-09-23T10:12:09.390Z high: 0.02120474 low: 0.020665 bid: 0.02111201 ask: 0.02113645 volume: None
	bitbank ETH/BTC order book 2019-09-23T10:12:55.313Z bid: 0.02111201 bidVolume: 0.3241 ask: 0.02113645 askVolume: 0.9
	bitbank ETH/BTC fetched 60 trades
	({'num_retries': 1, 'max_retries': 2, 'type': 'ExchangeNotAvailable'}, 'GET https://cors-anywhere.herokuapp.com/https://public.bitbank.cc/eth_btc/candlestick/8hour/20190923 404 Not Found {"success":0,"data":{"code":10000}}')
	[ExchangeNotAvailable] GET https://cors-anywhere.herokuapp.com/https://public.bitbank.cc/eth_btc/candlestick/8hour/20190923 404 Not Found {"success":0,"data":{"code":10000}} [90m(explain @ run-tests.js:190)[39m
[22m[1m[7m[33m[39m[27m[22m
[22m[1m[7m[33mWARN[39m[27m [33mbitbank[39m (Python 2):[22m [90m(explain @ run-tests.js:188)[39m
[22m[1m[22m
	[ExchangeNotAvailable] GET https://cors-anywhere.herokuapp.com/https://public.bitbank.cc/eth_btc/candlestick/8hour/20190923 404 Not Found {"success":0,"data":{"code":10000}}
	bitbank using proxy ``
	EXCHANGE: bitbank
	SYMBOL: ETH/BTC
	bitbank ETH/BTC ticker 2019-09-23T10:12:09.390Z high: 0.02120474 low: 0.020665 bid: 0.02111201 ask: 0.02113645 volume: None
	bitbank ETH/BTC order book 2019-09-23T10:13:15.308Z bid: 0.02111201 bidVolume: 0.3241 ask: 0.02113645 askVolume: 0.9
	bitbank ETH/BTC fetched 60 trades
	({'num_retries': 0, 'max_retries': 2, 'type': 'ExchangeNotAvailable'}, 'GET https://public.bitbank.cc/eth_btc/candlestick/8hour/20190923 404 Not Found {"success":0,"data":{"code":10000}}')
	bitbank using proxy `https://cors-anywhere.herokuapp.com/`
	EXCHANGE: bitbank
	SYMBOL: ETH/BTC
	bitbank ETH/BTC ticker 2019-09-23T10:12:09.390Z high: 0.02120474 low: 0.020665 bid: 0.02111201 ask: 0.02113645 volume: None
	bitbank ETH/BTC order book 2019-09-23T10:13:27.308Z bid: 0.02111201 bidVolume: 0.3241 ask: 0.02113645 askVolume: 0.9
	bitbank ETH/BTC fetched 60 trades
	({'num_retries': 1, 'max_retries': 2, 'type': 'ExchangeNotAvailable'}, 'GET https://cors-anywhere.herokuapp.com/https://public.bitbank.cc/eth_btc/candlestick/8hour/20190923 404 Not Found {"success":0,"data":{"code":10000}}')
	[ExchangeNotAvailable] GET https://cors-anywhere.herokuapp.com/https://public.bitbank.cc/eth_btc/candlestick/8hour/20190923 404 Not Found {"success":0,"data":{"code":10000}} [90m(explain @ run-tests.js:190)[39m
[22m[1m[7m[33m[39m[27m[22m
[22m[1m[7m[33mWARN[39m[27m [33mbleutrade[39m (PHP):[22m [90m(explain @ run-tests.js:188)[39m
[22m[1m[22m
	string(11) "./keys.json"
	EXCHANGE: bleutrade
	bleutrade 18 symbols: BCH/BTC, DASH/BTC, ETH/BTC, LTC/BTC, NBC/BTC, NFXC/BTC, XBANC/BTC, BCH/ETH, DASH/ETH, Epacoin/ETH, NBC/ETH, BTC/EUR, BCH/USDT, BTC/USDT, DASH/USDT, ETH/USDT, LTC/USDT, NBC/USDT
	SYMBOL: BTC/EUR
	bleutrade BTC/EUR fetching ticker...
	bleutrade BTC/EUR ticker: 2019-09-23T10:15:10.000Z high: 0 low: 0 bid: 0 ask: 0 volume: 0
	bleutrade BTC/EUR fetching order book...
	bleutrade BTC/EUR order book:  bid:  bidVolume:  ask: 9665.4154578 askVolume: 0.00085547
	BTC/EUR fetching trades...
	[Exchange Error] bleutrade fetchTrades() returned null response (ignoring)
	bleutrade 18 symbols: BCH/BTC, DASH/BTC, ETH/BTC, LTC/BTC, NBC/BTC, NFXC/BTC, XBANC/BTC, BCH/ETH, DASH/ETH, Epacoin/ETH, NBC/ETH, BTC/EUR, BCH/USDT, BTC/USDT, DASH/USDT, ETH/USDT, LTC/USDT, NBC/USDT
	SYMBOL: BTC/EUR
	bleutrade BTC/EUR fetching ticker...
	bleutrade BTC/EUR ticker: 2019-09-23T10:15:10.000Z high: 0 low: 0 bid: 0 ask: 0 volume: 0
	bleutrade BTC/EUR fetching order book...
	bleutrade BTC/EUR order book:  bid:  bidVolume:  ask: 9665.4154578 askVolume: 0.00085547
	BTC/EUR fetching trades...
	[Exchange Error] bleutrade fetchTrades() returned null response (ignoring) [90m(explain @ run-tests.js:190)[39m
[22m[1m[7m[33m[39m[27m[22m
[22m[1m[7m[33mWARN[39m[27m [33mbtcchina[39m (PHP):[22m [90m(explain @ run-tests.js:188)[39m
[22m[1m[22m
	string(11) "./keys.json"
	EXCHANGE: btcchina
	btcchina 5 symbols: BTC/CNY, LTC/CNY, LTC/BTC, BCH/CNY, ETH/CNY
	SYMBOL: BTC/CNY
	btcchina BTC/CNY fetching ticker...
	[Exchange Not Available] https://data.btcchina.com/data/ticker?market=btccny GET 6 Could not resolve host: data.btcchina.com (ignoring)
	btcchina 5 symbols: BTC/CNY, LTC/CNY, LTC/BTC, BCH/CNY, ETH/CNY
	SYMBOL: BTC/CNY
	btcchina BTC/CNY fetching ticker...
	[Exchange Not Available] https://cors-anywhere.herokuapp.com/https://data.btcchina.com/data/ticker?market=btccny GET 404 Not found because of proxy error: Error: getaddrinfo ENOTFOUND data.btcchina.com (possible reasons: invalid API keys, bad or old nonce, exchange is down or offline, on maintenance, DDoS protection, rate-limiting in effect) (ignoring) [90m(explain @ run-tests.js:190)[39m
[22m[1m[7m[33m[39m[27m[22m
[22m[1m[7m[33mWARN[39m[27m [33mbtctradeim[39m (PHP):[22m [90m(explain @ run-tests.js:188)[39m
[22m[1m[22m
	string(11) "./keys.json"
	EXCHANGE: btctradeim
	[Exchange Not Available] https://api.btctrade.im/coin/symbol/ticker?right_coin=btc GET 500  (possible reasons: invalid API keys, bad or old nonce, exchange is down or offline, on maintenance, DDoS protection, rate-limiting in effect) (ignoring)
	[Exchange Not Available] https://cors-anywhere.herokuapp.com/https://api.btctrade.im/coin/symbol/ticker?right_coin=btc GET 500  (possible reasons: invalid API keys, bad or old nonce, exchange is down or offline, on maintenance, DDoS protection, rate-limiting in effect) (ignoring) [90m(explain @ run-tests.js:190)[39m
[22m[1m[7m[33m[39m[27m[22m
[22m[1m[7m[33mWARN[39m[27m [33mbtcalpha[39m (PHP):[22m [90m(explain @ run-tests.js:188)[39m
[22m[1m[22m
	string(11) "./keys.json"
	EXCHANGE: btcalpha
	btcalpha 182 symbols: AC3/BTC, AC3/ETH, AC3/USD, ACT/BTC, ACT/USD, AGLT/BTC, AGLT/USD, AKN/BTC, AKN/USD, ALE/BTC, ALE/ETH, ALE/USD, ALE/USDT, ARCEE/BTC, ATB/BTC, AUNIT/BTC, AUNIT/ETH, AUNIT/USD, BAC/USD, BBR/BTC, BCH/BTC, BDX/BTC, BDX/USDT, BRIA/BTC, BRIA/ETH, BRIA/USD, BST/BTC, BST/ETH, BTC/USD, BTC/USDQ, BTC/USDT, BTCZ/BTC, BTCZ/ETH, BTCZ/USD, BTS/BTC, BTS/ETH, BTS/USD, BUZ/BTC, CARE/BTC, Cashbery/BTC, Cashbery/USD, CCRB/BTC, CDY/BTC, CDY/USDT, CSCJ/BTC, CSCJ/ETH, CTG/USD, CVN/BTC, CVN/USD, DASH/BTC, DASH/USDT, DCY/BTC, DEEX/BTC, DEEX/USD, DIM/BTC, DIM/USD, DOGE/BTC, DOGE/USDT, EOS/BTC, EOS/USDT, ETC/BTC, ETH/BTC, ETH/USD, ETH/USDQ, ETH/USDT, ETZ/BTC, ETZ/ETH, EVN/BTC, GENE/BTC, GENE/ETH, GENE/USD, GPC/BTC, GPC/USD, GRN/BTC, GRN/ETH, GRN/USD, HQX/BTC, HQX/ETH, HWC/BTC, HWC/USD, ICX/BTC, JWL/BTC, JWL/ETH, JWL/USD, JWL/USDT, KZC/BTC, KZC/USD, LTC/BTC, LTC/USD, MIN/BTC, MLC/BTC, MLC/ETH, MNC/BTC, MNC/ETH, MNC/USD, MNC/USDT, MRK/BTC, MRK/ETH, MRX/BTC, MRX/USD, NIM/BTC, NIM/ETH, NIM/USD, NOAH/BTC, NOAH/ETH, NOAH/USD, NPC/BTC, NSD/BTC, NSD/ETH, NSD/USDT, NVB/BTC, NVB/USD, OHC/BTC, OPTI/BTC, OURO/BTC, OURO/USD, PCT/BTC, PCT/ETH, PCT/USD, PGC/BTC, PIRL/BTC, PIRL/ETH, PIRL/USD, POMZ/BTC, PTI/BTC, PTI/USD, PTI/USDT, PZM/BTC, PZM/USD, QBIC/BTC, QBIC/USD, QDAO/BTC, QDAO/ETH, QDAO/USDQ, QDAO/USDT, R/BTC, REM/BTC, REM/USDT, R/USDT, RWC/BTC, SLD/BTC, SMS/BTC, SPA/BTC, SPA/USD, SPD/BTC, SPD/ETH, SPD/USD, SUP/BTC, TFT/BTC, TFT/USD, TLC/BTC, TLC/ETH, TLC/USD, TRF/BTC, TRF/ETH, TRF/USD, TRX/BTC, TRX/USD, UBEX/BTC, UBEX/ETH, UBEX/USDT, UCASH/BTC, UCASH/ETH, UCASH/USD, USDT/USDQ, USD/USDT, VEST/BTC, VEX/BTC, VEX/USD, VOLLAR/BTC, WIX/BTC, WIX/ETH, WIZ/BTC, WIZ/USD, XBV/BTC, XBV/ETH, XBV/USD, XCG/BTC, XEM/BTC, XRP/BTC, XRP/USD, ZEC/BTC
	SYMBOL: BTC/USD
	btcalpha BTC/USD fetching ticker...
	[Not Supported] btcalpha fetchTicker not supported yet (ignoring)
	btcalpha 182 symbols: AC3/BTC, AC3/ETH, AC3/USD, ACT/BTC, ACT/USD, AGLT/BTC, AGLT/USD, AKN/BTC, AKN/USD, ALE/BTC, ALE/ETH, ALE/USD, ALE/USDT, ARCEE/BTC, ATB/BTC, AUNIT/BTC, AUNIT/ETH, AUNIT/USD, BAC/USD, BBR/BTC, BCH/BTC, BDX/BTC, BDX/USDT, BRIA/BTC, BRIA/ETH, BRIA/USD, BST/BTC, BST/ETH, BTC/USD, BTC/USDQ, BTC/USDT, BTCZ/BTC, BTCZ/ETH, BTCZ/USD, BTS/BTC, BTS/ETH, BTS/USD, BUZ/BTC, CARE/BTC, Cashbery/BTC, Cashbery/USD, CCRB/BTC, CDY/BTC, CDY/USDT, CSCJ/BTC, CSCJ/ETH, CTG/USD, CVN/BTC, CVN/USD, DASH/BTC, DASH/USDT, DCY/BTC, DEEX/BTC, DEEX/USD, DIM/BTC, DIM/USD, DOGE/BTC, DOGE/USDT, EOS/BTC, EOS/USDT, ETC/BTC, ETH/BTC, ETH/USD, ETH/USDQ, ETH/USDT, ETZ/BTC, ETZ/ETH, EVN/BTC, GENE/BTC, GENE/ETH, GENE/USD, GPC/BTC, GPC/USD, GRN/BTC, GRN/ETH, GRN/USD, HQX/BTC, HQX/ETH, HWC/BTC, HWC/USD, ICX/BTC, JWL/BTC, JWL/ETH, JWL/USD, JWL/USDT, KZC/BTC, KZC/USD, LTC/BTC, LTC/USD, MIN/BTC, MLC/BTC, MLC/ETH, MNC/BTC, MNC/ETH, MNC/USD, MNC/USDT, MRK/BTC, MRK/ETH, MRX/BTC, MRX/USD, NIM/BTC, NIM/ETH, NIM/USD, NOAH/BTC, NOAH/ETH, NOAH/USD, NPC/BTC, NSD/BTC, NSD/ETH, NSD/USDT, NVB/BTC, NVB/USD, OHC/BTC, OPTI/BTC, OURO/BTC, OURO/USD, PCT/BTC, PCT/ETH, PCT/USD, PGC/BTC, PIRL/BTC, PIRL/ETH, PIRL/USD, POMZ/BTC, PTI/BTC, PTI/USD, PTI/USDT, PZM/BTC, PZM/USD, QBIC/BTC, QBIC/USD, QDAO/BTC, QDAO/ETH, QDAO/USDQ, QDAO/USDT, R/BTC, REM/BTC, REM/USDT, R/USDT, RWC/BTC, SLD/BTC, SMS/BTC, SPA/BTC, SPA/USD, SPD/BTC, SPD/ETH, SPD/USD, SUP/BTC, TFT/BTC, TFT/USD, TLC/BTC, TLC/ETH, TLC/USD, TRF/BTC, TRF/ETH, TRF/USD, TRX/BTC, TRX/USD, UBEX/BTC, UBEX/ETH, UBEX/USDT, UCASH/BTC, UCASH/ETH, UCASH/USD, USDT/USDQ, USD/USDT, VEST/BTC, VEX/BTC, VEX/USD, VOLLAR/BTC, WIX/BTC, WIX/ETH, WIZ/BTC, WIZ/USD, XBV/BTC, XBV/ETH, XBV/USD, XCG/BTC, XEM/BTC, XRP/BTC, XRP/USD, ZEC/BTC
	SYMBOL: BTC/USD
	btcalpha BTC/USD fetching ticker...
	[Not Supported] btcalpha fetchTicker not supported yet (ignoring) [90m(explain @ run-tests.js:190)[39m
[22m[1m[7m[33m[39m[27m[22m
[22m[1m[7m[33mWARN[39m[27m [33mbtctradeua[39m (PHP):[22m [90m(explain @ run-tests.js:188)[39m
[22m[1m[22m
	string(11) "./keys.json"
	EXCHANGE: btctradeua
	btctradeua 17 symbols: BCH/UAH, BTC/UAH, DASH/BTC, DASH/UAH, DOGE/BTC, DOGE/UAH, ETH/UAH, ITI/UAH, KRB/UAH, LTC/BTC, LTC/UAH, NVC/BTC, NVC/UAH, PPC/BTC, SIB/UAH, XMR/UAH, ZEC/UAH
	SYMBOL: LTC/BTC
	btctradeua LTC/BTC fetching ticker...
	btctradeua LTC/BTC ticker: 2019-09-23T10:16:16.074Z high: 0.005585 low: 0.005574 bid:  ask:  volume: 
	btctradeua LTC/BTC fetching order book...
	btctradeua LTC/BTC order book:  bid: 0.005588 bidVolume: 1.8236954 ask: 0.0077777 askVolume: 0.059945
	LTC/BTC fetching trades...
	[Exchange Not Available] https://btc-trade.com.ua/api/deals/ltc_btc GET 502 {"status":"wait","timeout":1000} (possible reasons: invalid API keys, bad or old nonce, exchange is down or offline, on maintenance, DDoS protection, rate-limiting in effect) (ignoring)
	btctradeua 17 symbols: BCH/UAH, BTC/UAH, DASH/BTC, DASH/UAH, DOGE/BTC, DOGE/UAH, ETH/UAH, ITI/UAH, KRB/UAH, LTC/BTC, LTC/UAH, NVC/BTC, NVC/UAH, PPC/BTC, SIB/UAH, XMR/UAH, ZEC/UAH
	SYMBOL: LTC/BTC
	btctradeua LTC/BTC fetching ticker...
	[Timeout Error] https://cors-anywhere.herokuapp.com/https://btc-trade.com.ua/api/japan_stat/high/ltc_btc GET 28 Operation timed out after 10000 milliseconds with 0 bytes received (ignoring) [90m(explain @ run-tests.js:190)[39m
[22m[1m[7m[33m[39m[27m[22m
[22m[1m[7m[33mWARN[39m[27m [33mcoinbase[39m (PHP):[22m [90m(explain @ run-tests.js:188)[39m
[22m[1m[22m
	string(11) "./keys.json"
	EXCHANGE: coinbase
	coinbase 12 symbols: BTC/USD, LTC/USD, ETH/USD, BCH/USD, BTC/EUR, LTC/EUR, ETH/EUR, BCH/EUR, BTC/GBP, LTC/GBP, ETH/GBP, BCH/GBP
	SYMBOL: BTC/USD
	coinbase BTC/USD fetching ticker...
	coinbase BTC/USD ticker: 1970-01-19T03:53:55.020Z high:  low:  bid: 9867.24 ask: 9969.02 volume: 
	coinbase BTC/USD fetching order book...
	[Exchange Error] fetch_order_book method not found, try underscore_notation instead of camelCase for the method being called (ignoring)
	coinbase 12 symbols: BTC/USD, LTC/USD, ETH/USD, BCH/USD, BTC/EUR, LTC/EUR, ETH/EUR, BCH/EUR, BTC/GBP, LTC/GBP, ETH/GBP, BCH/GBP
	SYMBOL: BTC/USD
	coinbase BTC/USD fetching ticker...
	[Timeout Error] https://cors-anywhere.herokuapp.com/https://api.coinbase.com/v2/prices/btc-usd/buy GET 28 Operation timed out after 10000 milliseconds with 0 bytes received (ignoring) [90m(explain @ run-tests.js:190)[39m
[22m[1m[7m[33m[39m[27m[22m
[22m[1m[7m[33mWARN[39m[27m [33mcoinbaseprime[39m (Python 2):[22m [90m(explain @ run-tests.js:188)[39m
[22m[1m[22m
	[RequestTimeout] GET https://cors-anywhere.herokuapp.com/https://api.prime.coinbase.com/products
	coinbaseprime using proxy ``
	({'num_retries': 0, 'max_retries': 2, 'type': 'RequestTimeout'}, 'GET https://api.prime.coinbase.com/products')
	coinbaseprime using proxy `https://cors-anywhere.herokuapp.com/`
	({'num_retries': 1, 'max_retries': 2, 'type': 'RequestTimeout'}, 'GET https://cors-anywhere.herokuapp.com/https://api.prime.coinbase.com/products')
	[RequestTimeout] GET https://cors-anywhere.herokuapp.com/https://api.prime.coinbase.com/products [90m(explain @ run-tests.js:190)[39m
[22m[1m[7m[33m[39m[27m[22m
[22m[1m[7m[33mWARN[39m[27m [33mcoinbaseprime[39m (PHP):[22m [90m(explain @ run-tests.js:188)[39m
[22m[1m[22m
	string(11) "./keys.json"
	EXCHANGE: coinbaseprime
	coinbaseprime 53 symbols: DNT/USDC, ETC/USD, ETC/BTC, CVC/USDC, LTC/USD, BTC/USDC, XRP/EUR, LTC/EUR, DAI/USDC, ETC/EUR, BTC/USD, XRP/BTC, ZEC/BTC, BTC/GBP, GNT/USDC, EOS/BTC, LINK/USD, REP/USD, ZEC/USDC, EOS/USD, ALGO/USD, REP/BTC, XTZ/USD, XLM/USD, ETH/USD, BCH/EUR, ETH/DAI, ETH/EUR, ETH/BTC, XTZ/BTC, BAT/ETH, EOS/EUR, LINK/ETH, BCH/GBP, DASH/BTC, ZRX/EUR, ETH/GBP, MANA/USDC, ZRX/USD, BTC/EUR, DASH/USD, ETH/USDC, ETC/GBP, BCH/USD, LTC/BTC, BAT/USDC, XLM/BTC, LOOM/USDC, LTC/GBP, BCH/BTC, XRP/USD, XLM/EUR, ZRX/BTC
	SYMBOL: BTC/USD
	coinbaseprime BTC/USD fetching ticker...
	[Timeout Error] https://api.prime.coinbase.com/products/BTC-USD/ticker GET 28 Operation timed out after 10001 milliseconds with 0 bytes received (ignoring)
	coinbaseprime 53 symbols: DNT/USDC, ETC/USD, ETC/BTC, CVC/USDC, LTC/USD, BTC/USDC, XRP/EUR, LTC/EUR, DAI/USDC, ETC/EUR, BTC/USD, XRP/BTC, ZEC/BTC, BTC/GBP, GNT/USDC, EOS/BTC, LINK/USD, REP/USD, ZEC/USDC, EOS/USD, ALGO/USD, REP/BTC, XTZ/USD, XLM/USD, ETH/USD, BCH/EUR, ETH/DAI, ETH/EUR, ETH/BTC, XTZ/BTC, BAT/ETH, EOS/EUR, LINK/ETH, BCH/GBP, DASH/BTC, ZRX/EUR, ETH/GBP, MANA/USDC, ZRX/USD, BTC/EUR, DASH/USD, ETH/USDC, ETC/GBP, BCH/USD, LTC/BTC, BAT/USDC, XLM/BTC, LOOM/USDC, LTC/GBP, BCH/BTC, XRP/USD, XLM/EUR, ZRX/BTC
	SYMBOL: BTC/USD
	coinbaseprime BTC/USD fetching ticker...
	[Timeout Error] https://cors-anywhere.herokuapp.com/https://api.prime.coinbase.com/products/BTC-USD/ticker GET 28 Operation timed out after 10004 milliseconds with 0 bytes received (ignoring) [90m(explain @ run-tests.js:190)[39m
[22m[1m[7m[33m[39m[27m[22m
[22m[1m[7m[33mWARN[39m[27m [33mcoinegg[39m (PHP):[22m [90m(explain @ run-tests.js:188)[39m
[22m[1m[22m
	string(11) "./keys.json"
	EXCHANGE: coinegg
	coinegg 148 symbols: ETH/BTC, LTC/BTC, ETC/BTC, EOS/BTC, XRP/BTC, XLM/BTC, GRIN/BTC, TRX/BTC, BTS/BTC, DOGE/BTC, INT/BTC, NEO/BTC, ONT/BTC, QTUM/BTC, BTM/BTC, ELA/BTC, LSK/BTC, MUSK/BTC, WICC/BTC, BCD/BTC, BTT/BTC, VTC/BTC, ACT/BTC, RUFF/BTC, SSP/BTC, MEET/BTC, AIDOC/BTC, XAS/BTC, BCH/BTC, MAN/BTC, AOA/BTC, GAC/BTC, FOTA/BTC, OSA/BTC, HLC/BTC, SAFE/BTC, LBTC/BTC, AAC/BTC, CNET/BTC, UIP/BTC, HART/BTC, MVC/BTC, INK/BTC, NXT/BTC, HOTC/BTC, IPC/BTC, PPC/BTC, TGC/BTC, FZ/BTC, TFC/BTC, VRC/BTC, ZCC/BTC, ZET/BTC, BLK/BTC, GOOC/BTC, EAC/BTC, FTI/BTC, GAME/BTC, SBTC/BTC, TV/BTC, XPM/BTC, BCX/BTC, IFC/BTC, ZAT/BTC, UBTC/BTC, OC/BTC, BTP/BTC, SPC/BTC, LKC/BTC, SKT/BTC, CNMC/BTC, PLC/BTC, AIT/BTC, BMB/BTC, CAF/BTC, CFUN/BTC, KTC/BTC, PGC/BTC, QBT/BTC, RIO/BTC, RSS/BTC, TSL/BTC, YTC/BTC, BTW/BTC, JubaoCoin/BTC, KMC/BTC, MCC/BTC, QBTC/BTC, READ/BTC, ETF/BTC, FBTC/BTC, MET/BTC, MRYC/BTC, IPT/BTC, MTC/BTC, AIF/BTC, FREC/BTC, IDC/BTC, QEC/BTC, LTC/ETH, XRP/ETH, NEO/ETH, QTUM/ETH, ONT/ETH, ELA/ETH, MUSK/ETH, ADE/ETH, BECC/ETH, BTO/ETH, MAN/ETH, AOA/ETH, TBCOIN/ETH, OSA/ETH, FTI/ETH, KMC/ETH, OLC/ETH, ETH/USDT, BTC/USDT, LTC/USDT, ETC/USDT, ET/USDT, EOS/USDT, RTT/USDT, SAFE/USDT, APT/USDT, CXC/USDT, ALGO/USDT, VDS/USDT, BTT/USDT, DOGE/USDT, TRX/USDT, GRIN/USDT, NEO/USDT, ONT/USDT, QTUM/USDT, SERO/USDT, XRP/USDT, BIUT/USDT, NNS/USDT, FIII/USDT, ALLWIN/USDT, AT/USDT, XGAME/USDT, MRO/USDT, AOA/USDT, GAC/USDT, GGD/USDT, TGC/USDT
	SYMBOL: ETH/BTC
	coinegg ETH/BTC fetching ticker...
	coinegg ETH/BTC ticker: 2019-09-23T11:12:48.510Z high: 0.02122836 low: 0.02063219 bid: 0.02107431 ask: 0.02115 volume: 
	coinegg ETH/BTC fetching order book...
	coinegg ETH/BTC order book:  bid: 0.02105 bidVolume: 53 ask: 0.02115 askVolume: 0.5
	ETH/BTC fetching trades...
	[Timeout Error] https://api.coinegg.com/api/v1/orders/region/btc?coin=eth GET 28 Operation timed out after 10002 milliseconds with 0 bytes received (ignoring)
	coinegg 148 symbols: ETH/BTC, LTC/BTC, ETC/BTC, EOS/BTC, XRP/BTC, XLM/BTC, GRIN/BTC, TRX/BTC, BTS/BTC, DOGE/BTC, INT/BTC, NEO/BTC, ONT/BTC, QTUM/BTC, BTM/BTC, ELA/BTC, LSK/BTC, MUSK/BTC, WICC/BTC, BCD/BTC, BTT/BTC, VTC/BTC, ACT/BTC, RUFF/BTC, SSP/BTC, MEET/BTC, AIDOC/BTC, XAS/BTC, BCH/BTC, MAN/BTC, AOA/BTC, GAC/BTC, FOTA/BTC, OSA/BTC, HLC/BTC, SAFE/BTC, LBTC/BTC, AAC/BTC, CNET/BTC, UIP/BTC, HART/BTC, MVC/BTC, INK/BTC, NXT/BTC, HOTC/BTC, IPC/BTC, PPC/BTC, TGC/BTC, FZ/BTC, TFC/BTC, VRC/BTC, ZCC/BTC, ZET/BTC, BLK/BTC, GOOC/BTC, EAC/BTC, FTI/BTC, GAME/BTC, SBTC/BTC, TV/BTC, XPM/BTC, BCX/BTC, IFC/BTC, ZAT/BTC, UBTC/BTC, OC/BTC, BTP/BTC, SPC/BTC, LKC/BTC, SKT/BTC, CNMC/BTC, PLC/BTC, AIT/BTC, BMB/BTC, CAF/BTC, CFUN/BTC, KTC/BTC, PGC/BTC, QBT/BTC, RIO/BTC, RSS/BTC, TSL/BTC, YTC/BTC, BTW/BTC, JubaoCoin/BTC, KMC/BTC, MCC/BTC, QBTC/BTC, READ/BTC, ETF/BTC, FBTC/BTC, MET/BTC, MRYC/BTC, IPT/BTC, MTC/BTC, AIF/BTC, FREC/BTC, IDC/BTC, QEC/BTC, LTC/ETH, XRP/ETH, NEO/ETH, QTUM/ETH, ONT/ETH, ELA/ETH, MUSK/ETH, ADE/ETH, BECC/ETH, BTO/ETH, MAN/ETH, AOA/ETH, TBCOIN/ETH, OSA/ETH, FTI/ETH, KMC/ETH, OLC/ETH, ETH/USDT, BTC/USDT, LTC/USDT, ETC/USDT, ET/USDT, EOS/USDT, RTT/USDT, SAFE/USDT, APT/USDT, CXC/USDT, ALGO/USDT, VDS/USDT, BTT/USDT, DOGE/USDT, TRX/USDT, GRIN/USDT, NEO/USDT, ONT/USDT, QTUM/USDT, SERO/USDT, XRP/USDT, BIUT/USDT, NNS/USDT, FIII/USDT, ALLWIN/USDT, AT/USDT, XGAME/USDT, MRO/USDT, AOA/USDT, GAC/USDT, GGD/USDT, TGC/USDT
	SYMBOL: ETH/BTC
	coinegg ETH/BTC fetching ticker...
	[Timeout Error] https://cors-anywhere.herokuapp.com/https://api.coinegg.com/api/v1/ticker/region/btc?coin=eth GET 28 Operation timed out after 10001 milliseconds with 0 bytes received (ignoring) [90m(explain @ run-tests.js:190)[39m
[22m[1m[7m[33m[39m[27m[22m
[22m[1m[7m[33mWARN[39m[27m [33mcoinbasepro[39m (Python):[22m [90m(explain @ run-tests.js:188)[39m
[22m[1m[22m
	[RequestTimeout] GET https://cors-anywhere.herokuapp.com/https://api.pro.coinbase.com/products/BTC-USD/ticker
	coinbasepro using proxy ``
	EXCHANGE: coinbasepro
	SYMBOL: BTC/USD
	coinbasepro BTC/USD ticker 2019-09-23T10:37:07.572Z high: None low: None bid: 9919.41 ask: 9919.42 volume: None
	coinbasepro BTC/USD order book None bid: 9919.41 bidVolume: 0.27110987 ask: 9919.42 askVolume: 10.23901341
	({'num_retries': 0, 'max_retries': 2, 'type': 'RequestTimeout'}, 'GET https://api.pro.coinbase.com/products/BTC-USD/trades')
	coinbasepro using proxy `https://cors-anywhere.herokuapp.com/`
	EXCHANGE: coinbasepro
	SYMBOL: BTC/USD
	({'num_retries': 1, 'max_retries': 2, 'type': 'RequestTimeout'}, 'GET https://cors-anywhere.herokuapp.com/https://api.pro.coinbase.com/products/BTC-USD/ticker')
	[RequestTimeout] GET https://cors-anywhere.herokuapp.com/https://api.pro.coinbase.com/products/BTC-USD/ticker [90m(explain @ run-tests.js:190)[39m
[22m[1m[7m[33m[39m[27m[22m
[22m[1m[7m[33mWARN[39m[27m [33mcex[39m (JavaScript):[22m [90m(explain @ run-tests.js:188)[39m
[22m[1m[22m
	
	TESTING { exchange: "cex", symbol: "all" }  (<anonymous> @ test.js:33)
	
	52 symbols BTC/EUR, BTC/RUB, BTC/USD, DASH/BTC, ETH/BTC, ETH/EUR, LTC/BTC + more... (loadExchange @ test.js:186)
	SYMBOL: BTC/USD (testExchange @ test.js:262)
	BTC/USD fetchTicker 2019-09-23T10:16:29.000Z bid: 9940.1 ask: 9955.6 (printTickerOneLiner @ test.fetchTicker.js:16)
	fetched all 52 tickers (exports [as fetchTickers] @ test.fetchTickers.js:36)
	cex found in ignored exchanges, skipping fetchOHLCV... (exports [as fetchOHLCV] @ test.fetchOHLCV.js:25)
	BTC/USD fetched 1000 trades (exports [as fetchTrades] @ test.fetchTrades.js:31)
	[Request Timeout] cex GET https://cex.io/api/order_book/BTC/USD/ request timed out (20000 ms) (tryAllProxies @ test.js:392)
	52 symbols BTC/EUR, BTC/RUB, BTC/USD, DASH/BTC, ETH/BTC, ETH/EUR, LTC/BTC + more... (loadExchange @ test.js:186)
	SYMBOL: BTC/USD (testExchange @ test.js:262)
	[Request Timeout] cex GET https://cors-anywhere.herokuapp.com/https://cex.io/api/currency_profile request timed out (20000 ms) (tryAllProxies @ test.js:392) [90m(explain @ run-tests.js:190)[39m
[22m[1m[7m[33m[39m[27m[22m
[22m[1m[7m[33mWARN[39m[27m [33mcex[39m (Python 2):[22m [90m(explain @ run-tests.js:188)[39m
[22m[1m[22m
	[ExchangeNotAvailable] GET https://cors-anywhere.herokuapp.com/https://cex.io/api/ticker/BTC/USD/ 503 Service Unavailable <!DOCTYPE html>
		<html>
		  <head>
			<meta name="viewport" content="width=device-width, initial-scale=
	cex using proxy ``
	EXCHANGE: cex
	SYMBOL: BTC/USD
	cex BTC/USD ticker 2019-09-23T11:12:49.000Z high: 10095.0 low: 9900.2 bid: 9940.0 ask: 9953.1 volume: None
	cex BTC/USD order book 2019-09-23T11:12:51.000Z bid: 9940.0 bidVolume: 0.022243 ask: 9953.1 askVolume: 0.771386
	({'num_retries': 0, 'max_retries': 2, 'type': 'RequestTimeout'}, 'GET https://cex.io/api/trade_history/BTC/USD/')
	cex using proxy `https://cors-anywhere.herokuapp.com/`
	EXCHANGE: cex
	SYMBOL: BTC/USD
	({'num_retries': 1, 'max_retries': 2, 'type': 'ExchangeNotAvailable'}, 'GET https://cors-anywhere.herokuapp.com/https://cex.io/api/ticker/BTC/USD/ 503 Service Unavailable <!DOCTYPE html>\n\t<html>\n\t  <head>\n\t\t<meta name="viewport" content="width=device-width, initial-scale=')
	[ExchangeNotAvailable] GET https://cors-anywhere.herokuapp.com/https://cex.io/api/ticker/BTC/USD/ 503 Service Unavailable <!DOCTYPE html>
		<html>
		  <head>
			<meta name="viewport" content="width=device-width, initial-scale= [90m(explain @ run-tests.js:190)[39m
[22m[1m[7m[33m[39m[27m[22m
[22m[1m[7m[33mWARN[39m[27m [33mcex[39m (PHP):[22m [90m(explain @ run-tests.js:188)[39m
[22m[1m[22m
	string(11) "./keys.json"
	EXCHANGE: cex
	[Exchange Not Available] https://cex.io/api/currency_limits/ GET 7 Failed to connect to cex.io port 443: Connection refused (ignoring)
	[Timeout Error] https://cors-anywhere.herokuapp.com/https://cex.io/api/currency_profile GET 28 Operation timed out after 10001 milliseconds with 0 bytes received (ignoring) [90m(explain @ run-tests.js:190)[39m
[22m[1m[7m[33m[39m[27m[22m
[22m[1m[7m[33mWARN[39m[27m [33mcoingi[39m (PHP):[22m [90m(explain @ run-tests.js:188)[39m
[22m[1m[22m
	string(11) "./keys.json"
	EXCHANGE: coingi
	[DDoS Protection Error] https://coingi.com GET 200 not accessible from this location at the moment (possible reasons: exchange is down or offline, on maintenance, DDoS protection, rate-limiting in effect) (ignoring)
	[DDoS Protection Error] https://cors-anywhere.herokuapp.com/https://coingi.com GET 200 not accessible from this location at the moment (possible reasons: exchange is down or offline, on maintenance, DDoS protection, rate-limiting in effect) (ignoring) [90m(explain @ run-tests.js:190)[39m
[22m[1m[7m[33m[39m[27m[22m
[22m[1m[7m[33mWARN[39m[27m [33mcoinmarketcap[39m (PHP):[22m [90m(explain @ run-tests.js:188)[39m
[22m[1m[22m
	string(11) "./keys.json"
	EXCHANGE: coinmarketcap
	coinmarketcap 1800 symbols: BTC/AUD, BTC/BRL, BTC/CAD, BTC/CHF, BTC/CNY, BTC/EUR, BTC/GBP, BTC/HKD, BTC/IDR, BTC/INR, BTC/JPY, BTC/KRW, BTC/MXN, BTC/RUB, BTC/USD, BTC/BTC, BTC/ETH, BTC/LTC, ETH/AUD, ETH/BRL, ETH/CAD, ETH/CHF, ETH/CNY, ETH/EUR, ETH/GBP, ETH/HKD, ETH/IDR, ETH/INR, ETH/JPY, ETH/KRW, ETH/MXN, ETH/RUB, ETH/USD, ETH/BTC, ETH/ETH, ETH/LTC, XRP/AUD, XRP/BRL, XRP/CAD, XRP/CHF, XRP/CNY, XRP/EUR, XRP/GBP, XRP/HKD, XRP/IDR, XRP/INR, XRP/JPY, XRP/KRW, XRP/MXN, XRP/RUB, XRP/USD, XRP/BTC, XRP/ETH, XRP/LTC, BCH/AUD, BCH/BRL, BCH/CAD, BCH/CHF, BCH/CNY, BCH/EUR, BCH/GBP, BCH/HKD, BCH/IDR, BCH/INR, BCH/JPY, BCH/KRW, BCH/MXN, BCH/RUB, BCH/USD, BCH/BTC, BCH/ETH, BCH/LTC, LTC/AUD, LTC/BRL, LTC/CAD, LTC/CHF, LTC/CNY, LTC/EUR, LTC/GBP, LTC/HKD, LTC/IDR, LTC/INR, LTC/JPY, LTC/KRW, LTC/MXN, LTC/RUB, LTC/USD, LTC/BTC, LTC/ETH, LTC/LTC, USDT/AUD, USDT/BRL, USDT/CAD, USDT/CHF, USDT/CNY, USDT/EUR, USDT/GBP, USDT/HKD, USDT/IDR, USDT/INR, USDT/JPY, USDT/KRW, USDT/MXN, USDT/RUB, USDT/USD, USDT/BTC, USDT/ETH, USDT/LTC, EOS/AUD, EOS/BRL, EOS/CAD, EOS/CHF, EOS/CNY, EOS/EUR, EOS/GBP, EOS/HKD, EOS/IDR, EOS/INR, EOS/JPY, EOS/KRW, EOS/MXN, EOS/RUB, EOS/USD, EOS/BTC, EOS/ETH, EOS/LTC, BNB/AUD, BNB/BRL, BNB/CAD, BNB/CHF, BNB/CNY, BNB/EUR, BNB/GBP, BNB/HKD, BNB/IDR, BNB/INR, BNB/JPY, BNB/KRW, BNB/MXN, BNB/RUB, BNB/USD, BNB/BTC, BNB/ETH, BNB/LTC, BSV/AUD, BSV/BRL, BSV/CAD, BSV/CHF, BSV/CNY, BSV/EUR, BSV/GBP, BSV/HKD, BSV/IDR, BSV/INR, BSV/JPY, BSV/KRW, BSV/MXN, BSV/RUB, BSV/USD, BSV/BTC, BSV/ETH, BSV/LTC, XLM/AUD, XLM/BRL, XLM/CAD, XLM/CHF, XLM/CNY, XLM/EUR, XLM/GBP, XLM/HKD, XLM/IDR, XLM/INR, XLM/JPY, XLM/KRW, XLM/MXN, XLM/RUB, XLM/USD, XLM/BTC, XLM/ETH, XLM/LTC, ADA/AUD, ADA/BRL, ADA/CAD, ADA/CHF, ADA/CNY, ADA/EUR, ADA/GBP, ADA/HKD, ADA/IDR, ADA/INR, ADA/JPY, ADA/KRW, ADA/MXN, ADA/RUB, ADA/USD, ADA/BTC, ADA/ETH, ADA/LTC, XMR/AUD, XMR/BRL, XMR/CAD, XMR/CHF, XMR/CNY, XMR/EUR, XMR/GBP, XMR/HKD, XMR/IDR, XMR/INR, XMR/JPY, XMR/KRW, XMR/MXN, XMR/RUB, XMR/USD, XMR/BTC, XMR/ETH, XMR/LTC, TRX/AUD, TRX/BRL, TRX/CAD, TRX/CHF, TRX/CNY, TRX/EUR, TRX/GBP, TRX/HKD, TRX/IDR, TRX/INR, TRX/JPY, TRX/KRW, TRX/MXN, TRX/RUB, TRX/USD, TRX/BTC, TRX/ETH, TRX/LTC, LEO/AUD, LEO/BRL, LEO/CAD, LEO/CHF, LEO/CNY, LEO/EUR, LEO/GBP, LEO/HKD, LEO/IDR, LEO/INR, LEO/JPY, LEO/KRW, LEO/MXN, LEO/RUB, LEO/USD, LEO/BTC, LEO/ETH, LEO/LTC, HT/AUD, HT/BRL, HT/CAD, HT/CHF, HT/CNY, HT/EUR, HT/GBP, HT/HKD, HT/IDR, HT/INR, HT/JPY, HT/KRW, HT/MXN, HT/RUB, HT/USD, HT/BTC, HT/ETH, HT/LTC, DASH/AUD, DASH/BRL, DASH/CAD, DASH/CHF, DASH/CNY, DASH/EUR, DASH/GBP, DASH/HKD, DASH/IDR, DASH/INR, DASH/JPY, DASH/KRW, DASH/MXN, DASH/RUB, DASH/USD, DASH/BTC, DASH/ETH, DASH/LTC, IOTA/AUD, IOTA/BRL, IOTA/CAD, IOTA/CHF, IOTA/CNY, IOTA/EUR, IOTA/GBP, IOTA/HKD, IOTA/IDR, IOTA/INR, IOTA/JPY, IOTA/KRW, IOTA/MXN, IOTA/RUB, IOTA/USD, IOTA/BTC, IOTA/ETH, IOTA/LTC, XTZ/AUD, XTZ/BRL, XTZ/CAD, XTZ/CHF, XTZ/CNY, XTZ/EUR, XTZ/GBP, XTZ/HKD, XTZ/IDR, XTZ/INR, XTZ/JPY, XTZ/KRW, XTZ/MXN, XTZ/RUB, XTZ/USD, XTZ/BTC, XTZ/ETH, XTZ/LTC, ETC/AUD, ETC/BRL, ETC/CAD, ETC/CHF, ETC/CNY, ETC/EUR, ETC/GBP, ETC/HKD, ETC/IDR, ETC/INR, ETC/JPY, ETC/KRW, ETC/MXN, ETC/RUB, ETC/USD, ETC/BTC, ETC/ETH, ETC/LTC, LINK/AUD, LINK/BRL, LINK/CAD, LINK/CHF, LINK/CNY, LINK/EUR, LINK/GBP, LINK/HKD, LINK/IDR, LINK/INR, LINK/JPY, LINK/KRW, LINK/MXN, LINK/RUB, LINK/USD, LINK/BTC, LINK/ETH, LINK/LTC, NEO/AUD, NEO/BRL, NEO/CAD, NEO/CHF, NEO/CNY, NEO/EUR, NEO/GBP, NEO/HKD, NEO/IDR, NEO/INR, NEO/JPY, NEO/KRW, NEO/MXN, NEO/RUB, NEO/USD, NEO/BTC, NEO/ETH, NEO/LTC, ATOM/AUD, ATOM/BRL, ATOM/CAD, ATOM/CHF, ATOM/CNY, ATOM/EUR, ATOM/GBP, ATOM/HKD, ATOM/IDR, ATOM/INR, ATOM/JPY, ATOM/KRW, ATOM/MXN, ATOM/RUB, ATOM/USD, ATOM/BTC, ATOM/ETH, ATOM/LTC, MKR/AUD, MKR/BRL, MKR/CAD, MKR/CHF, MKR/CNY, MKR/EUR, MKR/GBP, MKR/HKD, MKR/IDR, MKR/INR, MKR/JPY, MKR/KRW, MKR/MXN, MKR/RUB, MKR/USD, MKR/BTC, MKR/ETH, MKR/LTC, ONT/AUD, ONT/BRL, ONT/CAD, ONT/CHF, ONT/CNY, ONT/EUR, ONT/GBP, ONT/HKD, ONT/IDR, ONT/INR, ONT/JPY, ONT/KRW, ONT/MXN, ONT/RUB, ONT/USD, ONT/BTC, ONT/ETH, ONT/LTC, XEM/AUD, XEM/BRL, XEM/CAD, XEM/CHF, XEM/CNY, XEM/EUR, XEM/GBP, XEM/HKD, XEM/IDR, XEM/INR, XEM/JPY, XEM/KRW, XEM/MXN, XEM/RUB, XEM/USD, XEM/BTC, XEM/ETH, XEM/LTC, CRO/AUD, CRO/BRL, CRO/CAD, CRO/CHF, CRO/CNY, CRO/EUR, CRO/GBP, CRO/HKD, CRO/IDR, CRO/INR, CRO/JPY, CRO/KRW, CRO/MXN, CRO/RUB, CRO/USD, CRO/BTC, CRO/ETH, CRO/LTC, USDC/AUD, USDC/BRL, USDC/CAD, USDC/CHF, USDC/CNY, USDC/EUR, USDC/GBP, USDC/HKD, USDC/IDR, USDC/INR, USDC/JPY, USDC/KRW, USDC/MXN, USDC/RUB, USDC/USD, USDC/BTC, USDC/ETH, USDC/LTC, INO/AUD, INO/BRL, INO/CAD, INO/CHF, INO/CNY, INO/EUR, INO/GBP, INO/HKD, INO/IDR, INO/INR, INO/JPY, INO/KRW, INO/MXN, INO/RUB, INO/USD, INO/BTC, INO/ETH, INO/LTC, ZEC/AUD, ZEC/BRL, ZEC/CAD, ZEC/CHF, ZEC/CNY, ZEC/EUR, ZEC/GBP, ZEC/HKD, ZEC/IDR, ZEC/INR, ZEC/JPY, ZEC/KRW, ZEC/MXN, ZEC/RUB, ZEC/USD, ZEC/BTC, ZEC/ETH, ZEC/LTC, DOGE/AUD, DOGE/BRL, DOGE/CAD, DOGE/CHF, DOGE/CNY, DOGE/EUR, DOGE/GBP, DOGE/HKD, DOGE/IDR, DOGE/INR, DOGE/JPY, DOGE/KRW, DOGE/MXN, DOGE/RUB, DOGE/USD, DOGE/BTC, DOGE/ETH, DOGE/LTC, BAT/AUD, BAT/BRL, BAT/CAD, BAT/CHF, BAT/CNY, BAT/EUR, BAT/GBP, BAT/HKD, BAT/IDR, BAT/INR, BAT/JPY, BAT/KRW, BAT/MXN, BAT/RUB, BAT/USD, BAT/BTC, BAT/ETH, BAT/LTC, HEDG/AUD, HEDG/BRL, HEDG/CAD, HEDG/CHF, HEDG/CNY, HEDG/EUR, HEDG/GBP, HEDG/HKD, HEDG/IDR, HEDG/INR, HEDG/JPY, HEDG/KRW, HEDG/MXN, HEDG/RUB, HEDG/USD, HEDG/BTC, HEDG/ETH, HEDG/LTC, PAX/AUD, PAX/BRL, PAX/CAD, PAX/CHF, PAX/CNY, PAX/EUR, PAX/GBP, PAX/HKD, PAX/IDR, PAX/INR, PAX/JPY, PAX/KRW, PAX/MXN, PAX/RUB, PAX/USD, PAX/BTC, PAX/ETH, PAX/LTC, DCR/AUD, DCR/BRL, DCR/CAD, DCR/CHF, DCR/CNY, DCR/EUR, DCR/GBP, DCR/HKD, DCR/IDR, DCR/INR, DCR/JPY, DCR/KRW, DCR/MXN, DCR/RUB, DCR/USD, DCR/BTC, DCR/ETH, DCR/LTC, VET/AUD, VET/BRL, VET/CAD, VET/CHF, VET/CNY, VET/EUR, VET/GBP, VET/HKD, VET/IDR, VET/INR, VET/JPY, VET/KRW, VET/MXN, VET/RUB, VET/USD, VET/BTC, VET/ETH, VET/LTC, VSYS/AUD, VSYS/BRL, VSYS/CAD, VSYS/CHF, VSYS/CNY, VSYS/EUR, VSYS/GBP, VSYS/HKD, VSYS/IDR, VSYS/INR, VSYS/JPY, VSYS/KRW, VSYS/MXN, VSYS/RUB, VSYS/USD, VSYS/BTC, VSYS/ETH, VSYS/LTC, QTUM/AUD, QTUM/BRL, QTUM/CAD, QTUM/CHF, QTUM/CNY, QTUM/EUR, QTUM/GBP, QTUM/HKD, QTUM/IDR, QTUM/INR, QTUM/JPY, QTUM/KRW, QTUM/MXN, QTUM/RUB, QTUM/USD, QTUM/BTC, QTUM/ETH, QTUM/LTC, THX/AUD, THX/BRL, THX/CAD, THX/CHF, THX/CNY, THX/EUR, THX/GBP, THX/HKD, THX/IDR, THX/INR, THX/JPY, THX/KRW, THX/MXN, THX/RUB, THX/USD, THX/BTC, THX/ETH, THX/LTC, TUSD/AUD, TUSD/BRL, TUSD/CAD, TUSD/CHF, TUSD/CNY, TUSD/EUR, TUSD/GBP, TUSD/HKD, TUSD/IDR, TUSD/INR, TUSD/JPY, TUSD/KRW, TUSD/MXN, TUSD/RUB, TUSD/USD, TUSD/BTC, TUSD/ETH, TUSD/LTC, BTG/AUD, BTG/BRL, BTG/CAD, BTG/CHF, BTG/CNY, BTG/EUR, BTG/GBP, BTG/HKD, BTG/IDR, BTG/INR, BTG/JPY, BTG/KRW, BTG/MXN, BTG/RUB, BTG/USD, BTG/BTC, BTG/ETH, BTG/LTC, THR/AUD, THR/BRL, THR/CAD, THR/CHF, THR/CNY, THR/EUR, THR/GBP, THR/HKD, THR/IDR, THR/INR, THR/JPY, THR/KRW, THR/MXN, THR/RUB, THR/USD, THR/BTC, THR/ETH, THR/LTC, ZB/AUD, ZB/BRL, ZB/CAD, ZB/CHF, ZB/CNY, ZB/EUR, ZB/GBP, ZB/HKD, ZB/IDR, ZB/INR, ZB/JPY, ZB/KRW, ZB/MXN, ZB/RUB, ZB/USD, ZB/BTC, ZB/ETH, ZB/LTC, MB/AUD, MB/BRL, MB/CAD, MB/CHF, MB/CNY, MB/EUR, MB/GBP, MB/HKD, MB/IDR, MB/INR, MB/JPY, MB/KRW, MB/MXN, MB/RUB, MB/USD, MB/BTC, MB/ETH, MB/LTC, OMG/AUD, OMG/BRL, OMG/CAD, OMG/CHF, OMG/CNY, OMG/EUR, OMG/GBP, OMG/HKD, OMG/IDR, OMG/INR, OMG/JPY, OMG/KRW, OMG/MXN, OMG/RUB, OMG/USD, OMG/BTC, OMG/ETH, OMG/LTC, RVN/AUD, RVN/BRL, RVN/CAD, RVN/CHF, RVN/CNY, RVN/EUR, RVN/GBP, RVN/HKD, RVN/IDR, RVN/INR, RVN/JPY, RVN/KRW, RVN/MXN, RVN/RUB, RVN/USD, RVN/BTC, RVN/ETH, RVN/LTC, ZRX/AUD, ZRX/BRL, ZRX/CAD, ZRX/CHF, ZRX/CNY, ZRX/EUR, ZRX/GBP, ZRX/HKD, ZRX/IDR, ZRX/INR, ZRX/JPY, ZRX/KRW, ZRX/MXN, ZRX/RUB, ZRX/USD, ZRX/BTC, ZRX/ETH, ZRX/LTC, KCS/AUD, KCS/BRL, KCS/CAD, KCS/CHF, KCS/CNY, KCS/EUR, KCS/GBP, KCS/HKD, KCS/IDR, KCS/INR, KCS/JPY, KCS/KRW, KCS/MXN, KCS/RUB, KCS/USD, KCS/BTC, KCS/ETH, KCS/LTC, EKT/AUD, EKT/BRL, EKT/CAD, EKT/CHF, EKT/CNY, EKT/EUR, EKT/GBP, EKT/HKD, EKT/IDR, EKT/INR, EKT/JPY, EKT/KRW, EKT/MXN, EKT/RUB, EKT/USD, EKT/BTC, EKT/ETH, EKT/LTC, ABBC/AUD, ABBC/BRL, ABBC/CAD, ABBC/CHF, ABBC/CNY, ABBC/EUR, ABBC/GBP, ABBC/HKD, ABBC/IDR, ABBC/INR, ABBC/JPY, ABBC/KRW, ABBC/MXN, ABBC/RUB, ABBC/USD, ABBC/BTC, ABBC/ETH, ABBC/LTC, KBC/AUD, KBC/BRL, KBC/CAD, KBC/CHF, KBC/CNY, KBC/EUR, KBC/GBP, KBC/HKD, KBC/IDR, KBC/INR, KBC/JPY, KBC/KRW, KBC/MXN, KBC/RUB, KBC/USD, KBC/BTC, KBC/ETH, KBC/LTC, NANO/AUD, NANO/BRL, NANO/CAD, NANO/CHF, NANO/CNY, NANO/EUR, NANO/GBP, NANO/HKD, NANO/IDR, NANO/INR, NANO/JPY, NANO/KRW, NANO/MXN, NANO/RUB, NANO/USD, NANO/BTC, NANO/ETH, NANO/LTC, REP/AUD, REP/BRL, REP/CAD, REP/CHF, REP/CNY, REP/EUR, REP/GBP, REP/HKD, REP/IDR, REP/INR, REP/JPY, REP/KRW, REP/MXN, REP/RUB, REP/USD, REP/BTC, REP/ETH, REP/LTC, CCCX/AUD, CCCX/BRL, CCCX/CAD, CCCX/CHF, CCCX/CNY, CCCX/EUR, CCCX/GBP, CCCX/HKD, CCCX/IDR, CCCX/INR, CCCX/JPY, CCCX/KRW, CCCX/MXN, CCCX/RUB, CCCX/USD, CCCX/BTC, CCCX/ETH, CCCX/LTC, LSK/AUD, LSK/BRL, LSK/CAD, LSK/CHF, LSK/CNY, LSK/EUR, LSK/GBP, LSK/HKD, LSK/IDR, LSK/INR, LSK/JPY, LSK/KRW, LSK/MXN, LSK/RUB, LSK/USD, LSK/BTC, LSK/ETH, LSK/LTC, BTT/AUD, BTT/BRL, BTT/CAD, BTT/CHF, BTT/CNY, BTT/EUR, BTT/GBP, BTT/HKD, BTT/IDR, BTT/INR, BTT/JPY, BTT/KRW, BTT/MXN, BTT/RUB, BTT/USD, BTT/BTC, BTT/ETH, BTT/LTC, BCD/AUD, BCD/BRL, BCD/CAD, BCD/CHF, BCD/CNY, BCD/EUR, BCD/GBP, BCD/HKD, BCD/IDR, BCD/INR, BCD/JPY, BCD/KRW, BCD/MXN, BCD/RUB, BCD/USD, BCD/BTC, BCD/ETH, BCD/LTC, INB/AUD, INB/BRL, INB/CAD, INB/CHF, INB/CNY, INB/EUR, INB/GBP, INB/HKD, INB/IDR, INB/INR, INB/JPY, INB/KRW, INB/MXN, INB/RUB, INB/USD, INB/BTC, INB/ETH, INB/LTC, HOT/AUD, HOT/BRL, HOT/CAD, HOT/CHF, HOT/CNY, HOT/EUR, HOT/GBP, HOT/HKD, HOT/IDR, HOT/INR, HOT/JPY, HOT/KRW, HOT/MXN, HOT/RUB, HOT/USD, HOT/BTC, HOT/ETH, HOT/LTC, WAVES/AUD, WAVES/BRL, WAVES/CAD, WAVES/CHF, WAVES/CNY, WAVES/EUR, WAVES/GBP, WAVES/HKD, WAVES/IDR, WAVES/INR, WAVES/JPY, WAVES/KRW, WAVES/MXN, WAVES/RUB, WAVES/USD, WAVES/BTC, WAVES/ETH, WAVES/LTC, ALGO/AUD, ALGO/BRL, ALGO/CAD, ALGO/CHF, ALGO/CNY, ALGO/EUR, ALGO/GBP, ALGO/HKD, ALGO/IDR, ALGO/INR, ALGO/JPY, ALGO/KRW, ALGO/MXN, ALGO/RUB, ALGO/USD, ALGO/BTC, ALGO/ETH, ALGO/LTC, OSC/AUD, OSC/BRL, OSC/CAD, OSC/CHF, OSC/CNY, OSC/EUR, OSC/GBP, OSC/HKD, OSC/IDR, OSC/INR, OSC/JPY, OSC/KRW, OSC/MXN, OSC/RUB, OSC/USD, OSC/BTC, OSC/ETH, OSC/LTC, ICX/AUD, ICX/BRL, ICX/CAD, ICX/CHF, ICX/CNY, ICX/EUR, ICX/GBP, ICX/HKD, ICX/IDR, ICX/INR, ICX/JPY, ICX/KRW, ICX/MXN, ICX/RUB, ICX/USD, ICX/BTC, ICX/ETH, ICX/LTC, QNT/AUD, QNT/BRL, QNT/CAD, QNT/CHF, QNT/CNY, QNT/EUR, QNT/GBP, QNT/HKD, QNT/IDR, QNT/INR, QNT/JPY, QNT/KRW, QNT/MXN, QNT/RUB, QNT/USD, QNT/BTC, QNT/ETH, QNT/LTC, SLV/AUD, SLV/BRL, SLV/CAD, SLV/CHF, SLV/CNY, SLV/EUR, SLV/GBP, SLV/HKD, SLV/IDR, SLV/INR, SLV/JPY, SLV/KRW, SLV/MXN, SLV/RUB, SLV/USD, SLV/BTC, SLV/ETH, SLV/LTC, XIN/AUD, XIN/BRL, XIN/CAD, XIN/CHF, XIN/CNY, XIN/EUR, XIN/GBP, XIN/HKD, XIN/IDR, XIN/INR, XIN/JPY, XIN/KRW, XIN/MXN, XIN/RUB, XIN/USD, XIN/BTC, XIN/ETH, XIN/LTC, DGB/AUD, DGB/BRL, DGB/CAD, DGB/CHF, DGB/CNY, DGB/EUR, DGB/GBP, DGB/HKD, DGB/IDR, DGB/INR, DGB/JPY, DGB/KRW, DGB/MXN, DGB/RUB, DGB/USD, DGB/BTC, DGB/ETH, DGB/LTC, BTS/AUD, BTS/BRL, BTS/CAD, BTS/CHF, BTS/CNY, BTS/EUR, BTS/GBP, BTS/HKD, BTS/IDR, BTS/INR, BTS/JPY, BTS/KRW, BTS/MXN, BTS/RUB, BTS/USD, BTS/BTC, BTS/ETH, BTS/LTC, BCN/AUD, BCN/BRL, BCN/CAD, BCN/CHF, BCN/CNY, BCN/EUR, BCN/GBP, BCN/HKD, BCN/IDR, BCN/INR, BCN/JPY, BCN/KRW, BCN/MXN, BCN/RUB, BCN/USD, BCN/BTC, BCN/ETH, BCN/LTC, HC/AUD, HC/BRL, HC/CAD, HC/CHF, HC/CNY, HC/EUR, HC/GBP, HC/HKD, HC/IDR, HC/INR, HC/JPY, HC/KRW, HC/MXN, HC/RUB, HC/USD, HC/BTC, HC/ETH, HC/LTC, LAMB/AUD, LAMB/BRL, LAMB/CAD, LAMB/CHF, LAMB/CNY, LAMB/EUR, LAMB/GBP, LAMB/HKD, LAMB/IDR, LAMB/INR, LAMB/JPY, LAMB/KRW, LAMB/MXN, LAMB/RUB, LAMB/USD, LAMB/BTC, LAMB/ETH, LAMB/LTC, THETA/AUD, THETA/BRL, THETA/CAD, THETA/CHF, THETA/CNY, THETA/EUR, THETA/GBP, THETA/HKD, THETA/IDR, THETA/INR, THETA/JPY, THETA/KRW, THETA/MXN, THETA/RUB, THETA/USD, THETA/BTC, THETA/ETH, THETA/LTC, DAI/AUD, DAI/BRL, DAI/CAD, DAI/CHF, DAI/CNY, DAI/EUR, DAI/GBP, DAI/HKD, DAI/IDR, DAI/INR, DAI/JPY, DAI/KRW, DAI/MXN, DAI/RUB, DAI/USD, DAI/BTC, DAI/ETH, DAI/LTC, MAID/AUD, MAID/BRL, MAID/CAD, MAID/CHF, MAID/CNY, MAID/EUR, MAID/GBP, MAID/HKD, MAID/IDR, MAID/INR, MAID/JPY, MAID/KRW, MAID/MXN, MAID/RUB, MAID/USD, MAID/BTC, MAID/ETH, MAID/LTC, SC/AUD, SC/BRL, SC/CAD, SC/CHF, SC/CNY, SC/EUR, SC/GBP, SC/HKD, SC/IDR, SC/INR, SC/JPY, SC/KRW, SC/MXN, SC/RUB, SC/USD, SC/BTC, SC/ETH, SC/LTC, MXM/AUD, MXM/BRL, MXM/CAD, MXM/CHF, MXM/CNY, MXM/EUR, MXM/GBP, MXM/HKD, MXM/IDR, MXM/INR, MXM/JPY, MXM/KRW, MXM/MXN, MXM/RUB, MXM/USD, MXM/BTC, MXM/ETH, MXM/LTC, QBIT/AUD, QBIT/BRL, QBIT/CAD, QBIT/CHF, QBIT/CNY, QBIT/EUR, QBIT/GBP, QBIT/HKD, QBIT/IDR, QBIT/INR, QBIT/JPY, QBIT/KRW, QBIT/MXN, QBIT/RUB, QBIT/USD, QBIT/BTC, QBIT/ETH, QBIT/LTC, NPXS/AUD, NPXS/BRL, NPXS/CAD, NPXS/CHF, NPXS/CNY, NPXS/EUR, NPXS/GBP, NPXS/HKD, NPXS/IDR, NPXS/INR, NPXS/JPY, NPXS/KRW, NPXS/MXN, NPXS/RUB, NPXS/USD, NPXS/BTC, NPXS/ETH, NPXS/LTC, BTM/AUD, BTM/BRL, BTM/CAD, BTM/CHF, BTM/CNY, BTM/EUR, BTM/GBP, BTM/HKD, BTM/IDR, BTM/INR, BTM/JPY, BTM/KRW, BTM/MXN, BTM/RUB, BTM/USD, BTM/BTC, BTM/ETH, BTM/LTC, BXK/AUD, BXK/BRL, BXK/CAD, BXK/CHF, BXK/CNY, BXK/EUR, BXK/GBP, BXK/HKD, BXK/IDR, BXK/INR, BXK/JPY, BXK/KRW, BXK/MXN, BXK/RUB, BXK/USD, BXK/BTC, BXK/ETH, BXK/LTC, WIX/AUD, WIX/BRL, WIX/CAD, WIX/CHF, WIX/CNY, WIX/EUR, WIX/GBP, WIX/HKD, WIX/IDR, WIX/INR, WIX/JPY, WIX/KRW, WIX/MXN, WIX/RUB, WIX/USD, WIX/BTC, WIX/ETH, WIX/LTC, KMD/AUD, KMD/BRL, KMD/CAD, KMD/CHF, KMD/CNY, KMD/EUR, KMD/GBP, KMD/HKD, KMD/IDR, KMD/INR, KMD/JPY, KMD/KRW, KMD/MXN, KMD/RUB, KMD/USD, KMD/BTC, KMD/ETH, KMD/LTC, IOST/AUD, IOST/BRL, IOST/CAD, IOST/CHF, IOST/CNY, IOST/EUR, IOST/GBP, IOST/HKD, IOST/IDR, IOST/INR, IOST/JPY, IOST/KRW, IOST/MXN, IOST/RUB, IOST/USD, IOST/BTC, IOST/ETH, IOST/LTC, NRG/AUD, NRG/BRL, NRG/CAD, NRG/CHF, NRG/CNY, NRG/EUR, NRG/GBP, NRG/HKD, NRG/IDR, NRG/INR, NRG/JPY, NRG/KRW, NRG/MXN, NRG/RUB, NRG/USD, NRG/BTC, NRG/ETH, NRG/LTC, MONA/AUD, MONA/BRL, MONA/CAD, MONA/CHF, MONA/CNY, MONA/EUR, MONA/GBP, MONA/HKD, MONA/IDR, MONA/INR, MONA/JPY, MONA/KRW, MONA/MXN, MONA/RUB, MONA/USD, MONA/BTC, MONA/ETH, MONA/LTC, XVG/AUD, XVG/BRL, XVG/CAD, XVG/CHF, XVG/CNY, XVG/EUR, XVG/GBP, XVG/HKD, XVG/IDR, XVG/INR, XVG/JPY, XVG/KRW, XVG/MXN, XVG/RUB, XVG/USD, XVG/BTC, XVG/ETH, XVG/LTC, ARDR/AUD, ARDR/BRL, ARDR/CAD, ARDR/CHF, ARDR/CNY, ARDR/EUR, ARDR/GBP, ARDR/HKD, ARDR/IDR, ARDR/INR, ARDR/JPY, ARDR/KRW, ARDR/MXN, ARDR/RUB, ARDR/USD, ARDR/BTC, ARDR/ETH, ARDR/LTC, BDX/AUD, BDX/BRL, BDX/CAD, BDX/CHF, BDX/CNY, BDX/EUR, BDX/GBP, BDX/HKD, BDX/IDR, BDX/INR, BDX/JPY, BDX/KRW, BDX/MXN, BDX/RUB, BDX/USD, BDX/BTC, BDX/ETH, BDX/LTC, SXP/AUD, SXP/BRL, SXP/CAD, SXP/CHF, SXP/CNY, SXP/EUR, SXP/GBP, SXP/HKD, SXP/IDR, SXP/INR, SXP/JPY, SXP/KRW, SXP/MXN, SXP/RUB, SXP/USD, SXP/BTC, SXP/ETH, SXP/LTC, RIF/AUD, RIF/BRL, RIF/CAD, RIF/CHF, RIF/CNY, RIF/EUR, RIF/GBP, RIF/HKD, RIF/IDR, RIF/INR, RIF/JPY, RIF/KRW, RIF/MXN, RIF/RUB, RIF/USD, RIF/BTC, RIF/ETH, RIF/LTC, FXC/AUD, FXC/BRL, FXC/CAD, FXC/CHF, FXC/CNY, FXC/EUR, FXC/GBP, FXC/HKD, FXC/IDR, FXC/INR, FXC/JPY, FXC/KRW, FXC/MXN, FXC/RUB, FXC/USD, FXC/BTC, FXC/ETH, FXC/LTC, SNX/AUD, SNX/BRL, SNX/CAD, SNX/CHF, SNX/CNY, SNX/EUR, SNX/GBP, SNX/HKD, SNX/IDR, SNX/INR, SNX/JPY, SNX/KRW, SNX/MXN, SNX/RUB, SNX/USD, SNX/BTC, SNX/ETH, SNX/LTC, DTR/AUD, DTR/BRL, DTR/CAD, DTR/CHF, DTR/CNY, DTR/EUR, DTR/GBP, DTR/HKD, DTR/IDR, DTR/INR, DTR/JPY, DTR/KRW, DTR/MXN, DTR/RUB, DTR/USD, DTR/BTC, DTR/ETH, DTR/LTC, AE/AUD, AE/BRL, AE/CAD, AE/CHF, AE/CNY, AE/EUR, AE/GBP, AE/HKD, AE/IDR, AE/INR, AE/JPY, AE/KRW, AE/MXN, AE/RUB, AE/USD, AE/BTC, AE/ETH, AE/LTC, ZIL/AUD, ZIL/BRL, ZIL/CAD, ZIL/CHF, ZIL/CNY, ZIL/EUR, ZIL/GBP, ZIL/HKD, ZIL/IDR, ZIL/INR, ZIL/JPY, ZIL/KRW, ZIL/MXN, ZIL/RUB, ZIL/USD, ZIL/BTC, ZIL/ETH, ZIL/LTC, NEX/AUD, NEX/BRL, NEX/CAD, NEX/CHF, NEX/CNY, NEX/EUR, NEX/GBP, NEX/HKD, NEX/IDR, NEX/INR, NEX/JPY, NEX/KRW, NEX/MXN, NEX/RUB, NEX/USD, NEX/BTC, NEX/ETH, NEX/LTC, GNT/AUD, GNT/BRL, GNT/CAD, GNT/CHF, GNT/CNY, GNT/EUR, GNT/GBP, GNT/HKD, GNT/IDR, GNT/INR, GNT/JPY, GNT/KRW, GNT/MXN, GNT/RUB, GNT/USD, GNT/BTC, GNT/ETH, GNT/LTC, STEEM/AUD, STEEM/BRL, STEEM/CAD, STEEM/CHF, STEEM/CNY, STEEM/EUR, STEEM/GBP, STEEM/HKD, STEEM/IDR, STEEM/INR, STEEM/JPY, STEEM/KRW, STEEM/MXN, STEEM/RUB, STEEM/USD, STEEM/BTC, STEEM/ETH, STEEM/LTC, NEXO/AUD, NEXO/BRL, NEXO/CAD, NEXO/CHF, NEXO/CNY, NEXO/EUR, NEXO/GBP, NEXO/HKD, NEXO/IDR, NEXO/INR, NEXO/JPY, NEXO/KRW, NEXO/MXN, NEXO/RUB, NEXO/USD, NEXO/BTC, NEXO/ETH, NEXO/LTC, NET/AUD, NET/BRL, NET/CAD, NET/CHF, NET/CNY, NET/EUR, NET/GBP, NET/HKD, NET/IDR, NET/INR, NET/JPY, NET/KRW, NET/MXN, NET/RUB, NET/USD, NET/BTC, NET/ETH, NET/LTC, AOA/AUD, AOA/BRL, AOA/CAD, AOA/CHF, AOA/CNY, AOA/EUR, AOA/GBP, AOA/HKD, AOA/IDR, AOA/INR, AOA/JPY, AOA/KRW, AOA/MXN, AOA/RUB, AOA/USD, AOA/BTC, AOA/ETH, AOA/LTC
	SYMBOL: BTC/USD
	coinmarketcap BTC/USD fetching ticker...
	coinmarketcap BTC/USD ticker: 2019-09-23T13:10:34.000Z high:  low:  bid:  ask:  volume: 12692313101.9
	[Exchange Error] fetchGlobal method not found, try underscore_notation instead of camelCase for the method being called (ignoring)
	coinmarketcap 1800 symbols: BTC/AUD, BTC/BRL, BTC/CAD, BTC/CHF, BTC/CNY, BTC/EUR, BTC/GBP, BTC/HKD, BTC/IDR, BTC/INR, BTC/JPY, BTC/KRW, BTC/MXN, BTC/RUB, BTC/USD, BTC/BTC, BTC/ETH, BTC/LTC, ETH/AUD, ETH/BRL, ETH/CAD, ETH/CHF, ETH/CNY, ETH/EUR, ETH/GBP, ETH/HKD, ETH/IDR, ETH/INR, ETH/JPY, ETH/KRW, ETH/MXN, ETH/RUB, ETH/USD, ETH/BTC, ETH/ETH, ETH/LTC, XRP/AUD, XRP/BRL, XRP/CAD, XRP/CHF, XRP/CNY, XRP/EUR, XRP/GBP, XRP/HKD, XRP/IDR, XRP/INR, XRP/JPY, XRP/KRW, XRP/MXN, XRP/RUB, XRP/USD, XRP/BTC, XRP/ETH, XRP/LTC, BCH/AUD, BCH/BRL, BCH/CAD, BCH/CHF, BCH/CNY, BCH/EUR, BCH/GBP, BCH/HKD, BCH/IDR, BCH/INR, BCH/JPY, BCH/KRW, BCH/MXN, BCH/RUB, BCH/USD, BCH/BTC, BCH/ETH, BCH/LTC, LTC/AUD, LTC/BRL, LTC/CAD, LTC/CHF, LTC/CNY, LTC/EUR, LTC/GBP, LTC/HKD, LTC/IDR, LTC/INR, LTC/JPY, LTC/KRW, LTC/MXN, LTC/RUB, LTC/USD, LTC/BTC, LTC/ETH, LTC/LTC, USDT/AUD, USDT/BRL, USDT/CAD, USDT/CHF, USDT/CNY, USDT/EUR, USDT/GBP, USDT/HKD, USDT/IDR, USDT/INR, USDT/JPY, USDT/KRW, USDT/MXN, USDT/RUB, USDT/USD, USDT/BTC, USDT/ETH, USDT/LTC, EOS/AUD, EOS/BRL, EOS/CAD, EOS/CHF, EOS/CNY, EOS/EUR, EOS/GBP, EOS/HKD, EOS/IDR, EOS/INR, EOS/JPY, EOS/KRW, EOS/MXN, EOS/RUB, EOS/USD, EOS/BTC, EOS/ETH, EOS/LTC, BNB/AUD, BNB/BRL, BNB/CAD, BNB/CHF, BNB/CNY, BNB/EUR, BNB/GBP, BNB/HKD, BNB/IDR, BNB/INR, BNB/JPY, BNB/KRW, BNB/MXN, BNB/RUB, BNB/USD, BNB/BTC, BNB/ETH, BNB/LTC, BSV/AUD, BSV/BRL, BSV/CAD, BSV/CHF, BSV/CNY, BSV/EUR, BSV/GBP, BSV/HKD, BSV/IDR, BSV/INR, BSV/JPY, BSV/KRW, BSV/MXN, BSV/RUB, BSV/USD, BSV/BTC, BSV/ETH, BSV/LTC, XLM/AUD, XLM/BRL, XLM/CAD, XLM/CHF, XLM/CNY, XLM/EUR, XLM/GBP, XLM/HKD, XLM/IDR, XLM/INR, XLM/JPY, XLM/KRW, XLM/MXN, XLM/RUB, XLM/USD, XLM/BTC, XLM/ETH, XLM/LTC, ADA/AUD, ADA/BRL, ADA/CAD, ADA/CHF, ADA/CNY, ADA/EUR, ADA/GBP, ADA/HKD, ADA/IDR, ADA/INR, ADA/JPY, ADA/KRW, ADA/MXN, ADA/RUB, ADA/USD, ADA/BTC, ADA/ETH, ADA/LTC, XMR/AUD, XMR/BRL, XMR/CAD, XMR/CHF, XMR/CNY, XMR/EUR, XMR/GBP, XMR/HKD, XMR/IDR, XMR/INR, XMR/JPY, XMR/KRW, XMR/MXN, XMR/RUB, XMR/USD, XMR/BTC, XMR/ETH, XMR/LTC, TRX/AUD, TRX/BRL, TRX/CAD, TRX/CHF, TRX/CNY, TRX/EUR, TRX/GBP, TRX/HKD, TRX/IDR, TRX/INR, TRX/JPY, TRX/KRW, TRX/MXN, TRX/RUB, TRX/USD, TRX/BTC, TRX/ETH, TRX/LTC, LEO/AUD, LEO/BRL, LEO/CAD, LEO/CHF, LEO/CNY, LEO/EUR, LEO/GBP, LEO/HKD, LEO/IDR, LEO/INR, LEO/JPY, LEO/KRW, LEO/MXN, LEO/RUB, LEO/USD, LEO/BTC, LEO/ETH, LEO/LTC, HT/AUD, HT/BRL, HT/CAD, HT/CHF, HT/CNY, HT/EUR, HT/GBP, HT/HKD, HT/IDR, HT/INR, HT/JPY, HT/KRW, HT/MXN, HT/RUB, HT/USD, HT/BTC, HT/ETH, HT/LTC, DASH/AUD, DASH/BRL, DASH/CAD, DASH/CHF, DASH/CNY, DASH/EUR, DASH/GBP, DASH/HKD, DASH/IDR, DASH/INR, DASH/JPY, DASH/KRW, DASH/MXN, DASH/RUB, DASH/USD, DASH/BTC, DASH/ETH, DASH/LTC, IOTA/AUD, IOTA/BRL, IOTA/CAD, IOTA/CHF, IOTA/CNY, IOTA/EUR, IOTA/GBP, IOTA/HKD, IOTA/IDR, IOTA/INR, IOTA/JPY, IOTA/KRW, IOTA/MXN, IOTA/RUB, IOTA/USD, IOTA/BTC, IOTA/ETH, IOTA/LTC, XTZ/AUD, XTZ/BRL, XTZ/CAD, XTZ/CHF, XTZ/CNY, XTZ/EUR, XTZ/GBP, XTZ/HKD, XTZ/IDR, XTZ/INR, XTZ/JPY, XTZ/KRW, XTZ/MXN, XTZ/RUB, XTZ/USD, XTZ/BTC, XTZ/ETH, XTZ/LTC, ETC/AUD, ETC/BRL, ETC/CAD, ETC/CHF, ETC/CNY, ETC/EUR, ETC/GBP, ETC/HKD, ETC/IDR, ETC/INR, ETC/JPY, ETC/KRW, ETC/MXN, ETC/RUB, ETC/USD, ETC/BTC, ETC/ETH, ETC/LTC, LINK/AUD, LINK/BRL, LINK/CAD, LINK/CHF, LINK/CNY, LINK/EUR, LINK/GBP, LINK/HKD, LINK/IDR, LINK/INR, LINK/JPY, LINK/KRW, LINK/MXN, LINK/RUB, LINK/USD, LINK/BTC, LINK/ETH, LINK/LTC, NEO/AUD, NEO/BRL, NEO/CAD, NEO/CHF, NEO/CNY, NEO/EUR, NEO/GBP, NEO/HKD, NEO/IDR, NEO/INR, NEO/JPY, NEO/KRW, NEO/MXN, NEO/RUB, NEO/USD, NEO/BTC, NEO/ETH, NEO/LTC, ATOM/AUD, ATOM/BRL, ATOM/CAD, ATOM/CHF, ATOM/CNY, ATOM/EUR, ATOM/GBP, ATOM/HKD, ATOM/IDR, ATOM/INR, ATOM/JPY, ATOM/KRW, ATOM/MXN, ATOM/RUB, ATOM/USD, ATOM/BTC, ATOM/ETH, ATOM/LTC, MKR/AUD, MKR/BRL, MKR/CAD, MKR/CHF, MKR/CNY, MKR/EUR, MKR/GBP, MKR/HKD, MKR/IDR, MKR/INR, MKR/JPY, MKR/KRW, MKR/MXN, MKR/RUB, MKR/USD, MKR/BTC, MKR/ETH, MKR/LTC, ONT/AUD, ONT/BRL, ONT/CAD, ONT/CHF, ONT/CNY, ONT/EUR, ONT/GBP, ONT/HKD, ONT/IDR, ONT/INR, ONT/JPY, ONT/KRW, ONT/MXN, ONT/RUB, ONT/USD, ONT/BTC, ONT/ETH, ONT/LTC, XEM/AUD, XEM/BRL, XEM/CAD, XEM/CHF, XEM/CNY, XEM/EUR, XEM/GBP, XEM/HKD, XEM/IDR, XEM/INR, XEM/JPY, XEM/KRW, XEM/MXN, XEM/RUB, XEM/USD, XEM/BTC, XEM/ETH, XEM/LTC, CRO/AUD, CRO/BRL, CRO/CAD, CRO/CHF, CRO/CNY, CRO/EUR, CRO/GBP, CRO/HKD, CRO/IDR, CRO/INR, CRO/JPY, CRO/KRW, CRO/MXN, CRO/RUB, CRO/USD, CRO/BTC, CRO/ETH, CRO/LTC, USDC/AUD, USDC/BRL, USDC/CAD, USDC/CHF, USDC/CNY, USDC/EUR, USDC/GBP, USDC/HKD, USDC/IDR, USDC/INR, USDC/JPY, USDC/KRW, USDC/MXN, USDC/RUB, USDC/USD, USDC/BTC, USDC/ETH, USDC/LTC, INO/AUD, INO/BRL, INO/CAD, INO/CHF, INO/CNY, INO/EUR, INO/GBP, INO/HKD, INO/IDR, INO/INR, INO/JPY, INO/KRW, INO/MXN, INO/RUB, INO/USD, INO/BTC, INO/ETH, INO/LTC, ZEC/AUD, ZEC/BRL, ZEC/CAD, ZEC/CHF, ZEC/CNY, ZEC/EUR, ZEC/GBP, ZEC/HKD, ZEC/IDR, ZEC/INR, ZEC/JPY, ZEC/KRW, ZEC/MXN, ZEC/RUB, ZEC/USD, ZEC/BTC, ZEC/ETH, ZEC/LTC, DOGE/AUD, DOGE/BRL, DOGE/CAD, DOGE/CHF, DOGE/CNY, DOGE/EUR, DOGE/GBP, DOGE/HKD, DOGE/IDR, DOGE/INR, DOGE/JPY, DOGE/KRW, DOGE/MXN, DOGE/RUB, DOGE/USD, DOGE/BTC, DOGE/ETH, DOGE/LTC, BAT/AUD, BAT/BRL, BAT/CAD, BAT/CHF, BAT/CNY, BAT/EUR, BAT/GBP, BAT/HKD, BAT/IDR, BAT/INR, BAT/JPY, BAT/KRW, BAT/MXN, BAT/RUB, BAT/USD, BAT/BTC, BAT/ETH, BAT/LTC, HEDG/AUD, HEDG/BRL, HEDG/CAD, HEDG/CHF, HEDG/CNY, HEDG/EUR, HEDG/GBP, HEDG/HKD, HEDG/IDR, HEDG/INR, HEDG/JPY, HEDG/KRW, HEDG/MXN, HEDG/RUB, HEDG/USD, HEDG/BTC, HEDG/ETH, HEDG/LTC, PAX/AUD, PAX/BRL, PAX/CAD, PAX/CHF, PAX/CNY, PAX/EUR, PAX/GBP, PAX/HKD, PAX/IDR, PAX/INR, PAX/JPY, PAX/KRW, PAX/MXN, PAX/RUB, PAX/USD, PAX/BTC, PAX/ETH, PAX/LTC, DCR/AUD, DCR/BRL, DCR/CAD, DCR/CHF, DCR/CNY, DCR/EUR, DCR/GBP, DCR/HKD, DCR/IDR, DCR/INR, DCR/JPY, DCR/KRW, DCR/MXN, DCR/RUB, DCR/USD, DCR/BTC, DCR/ETH, DCR/LTC, VET/AUD, VET/BRL, VET/CAD, VET/CHF, VET/CNY, VET/EUR, VET/GBP, VET/HKD, VET/IDR, VET/INR, VET/JPY, VET/KRW, VET/MXN, VET/RUB, VET/USD, VET/BTC, VET/ETH, VET/LTC, VSYS/AUD, VSYS/BRL, VSYS/CAD, VSYS/CHF, VSYS/CNY, VSYS/EUR, VSYS/GBP, VSYS/HKD, VSYS/IDR, VSYS/INR, VSYS/JPY, VSYS/KRW, VSYS/MXN, VSYS/RUB, VSYS/USD, VSYS/BTC, VSYS/ETH, VSYS/LTC, QTUM/AUD, QTUM/BRL, QTUM/CAD, QTUM/CHF, QTUM/CNY, QTUM/EUR, QTUM/GBP, QTUM/HKD, QTUM/IDR, QTUM/INR, QTUM/JPY, QTUM/KRW, QTUM/MXN, QTUM/RUB, QTUM/USD, QTUM/BTC, QTUM/ETH, QTUM/LTC, THX/AUD, THX/BRL, THX/CAD, THX/CHF, THX/CNY, THX/EUR, THX/GBP, THX/HKD, THX/IDR, THX/INR, THX/JPY, THX/KRW, THX/MXN, THX/RUB, THX/USD, THX/BTC, THX/ETH, THX/LTC, TUSD/AUD, TUSD/BRL, TUSD/CAD, TUSD/CHF, TUSD/CNY, TUSD/EUR, TUSD/GBP, TUSD/HKD, TUSD/IDR, TUSD/INR, TUSD/JPY, TUSD/KRW, TUSD/MXN, TUSD/RUB, TUSD/USD, TUSD/BTC, TUSD/ETH, TUSD/LTC, BTG/AUD, BTG/BRL, BTG/CAD, BTG/CHF, BTG/CNY, BTG/EUR, BTG/GBP, BTG/HKD, BTG/IDR, BTG/INR, BTG/JPY, BTG/KRW, BTG/MXN, BTG/RUB, BTG/USD, BTG/BTC, BTG/ETH, BTG/LTC, THR/AUD, THR/BRL, THR/CAD, THR/CHF, THR/CNY, THR/EUR, THR/GBP, THR/HKD, THR/IDR, THR/INR, THR/JPY, THR/KRW, THR/MXN, THR/RUB, THR/USD, THR/BTC, THR/ETH, THR/LTC, ZB/AUD, ZB/BRL, ZB/CAD, ZB/CHF, ZB/CNY, ZB/EUR, ZB/GBP, ZB/HKD, ZB/IDR, ZB/INR, ZB/JPY, ZB/KRW, ZB/MXN, ZB/RUB, ZB/USD, ZB/BTC, ZB/ETH, ZB/LTC, MB/AUD, MB/BRL, MB/CAD, MB/CHF, MB/CNY, MB/EUR, MB/GBP, MB/HKD, MB/IDR, MB/INR, MB/JPY, MB/KRW, MB/MXN, MB/RUB, MB/USD, MB/BTC, MB/ETH, MB/LTC, OMG/AUD, OMG/BRL, OMG/CAD, OMG/CHF, OMG/CNY, OMG/EUR, OMG/GBP, OMG/HKD, OMG/IDR, OMG/INR, OMG/JPY, OMG/KRW, OMG/MXN, OMG/RUB, OMG/USD, OMG/BTC, OMG/ETH, OMG/LTC, RVN/AUD, RVN/BRL, RVN/CAD, RVN/CHF, RVN/CNY, RVN/EUR, RVN/GBP, RVN/HKD, RVN/IDR, RVN/INR, RVN/JPY, RVN/KRW, RVN/MXN, RVN/RUB, RVN/USD, RVN/BTC, RVN/ETH, RVN/LTC, ZRX/AUD, ZRX/BRL, ZRX/CAD, ZRX/CHF, ZRX/CNY, ZRX/EUR, ZRX/GBP, ZRX/HKD, ZRX/IDR, ZRX/INR, ZRX/JPY, ZRX/KRW, ZRX/MXN, ZRX/RUB, ZRX/USD, ZRX/BTC, ZRX/ETH, ZRX/LTC, KCS/AUD, KCS/BRL, KCS/CAD, KCS/CHF, KCS/CNY, KCS/EUR, KCS/GBP, KCS/HKD, KCS/IDR, KCS/INR, KCS/JPY, KCS/KRW, KCS/MXN, KCS/RUB, KCS/USD, KCS/BTC, KCS/ETH, KCS/LTC, EKT/AUD, EKT/BRL, EKT/CAD, EKT/CHF, EKT/CNY, EKT/EUR, EKT/GBP, EKT/HKD, EKT/IDR, EKT/INR, EKT/JPY, EKT/KRW, EKT/MXN, EKT/RUB, EKT/USD, EKT/BTC, EKT/ETH, EKT/LTC, ABBC/AUD, ABBC/BRL, ABBC/CAD, ABBC/CHF, ABBC/CNY, ABBC/EUR, ABBC/GBP, ABBC/HKD, ABBC/IDR, ABBC/INR, ABBC/JPY, ABBC/KRW, ABBC/MXN, ABBC/RUB, ABBC/USD, ABBC/BTC, ABBC/ETH, ABBC/LTC, KBC/AUD, KBC/BRL, KBC/CAD, KBC/CHF, KBC/CNY, KBC/EUR, KBC/GBP, KBC/HKD, KBC/IDR, KBC/INR, KBC/JPY, KBC/KRW, KBC/MXN, KBC/RUB, KBC/USD, KBC/BTC, KBC/ETH, KBC/LTC, NANO/AUD, NANO/BRL, NANO/CAD, NANO/CHF, NANO/CNY, NANO/EUR, NANO/GBP, NANO/HKD, NANO/IDR, NANO/INR, NANO/JPY, NANO/KRW, NANO/MXN, NANO/RUB, NANO/USD, NANO/BTC, NANO/ETH, NANO/LTC, REP/AUD, REP/BRL, REP/CAD, REP/CHF, REP/CNY, REP/EUR, REP/GBP, REP/HKD, REP/IDR, REP/INR, REP/JPY, REP/KRW, REP/MXN, REP/RUB, REP/USD, REP/BTC, REP/ETH, REP/LTC, CCCX/AUD, CCCX/BRL, CCCX/CAD, CCCX/CHF, CCCX/CNY, CCCX/EUR, CCCX/GBP, CCCX/HKD, CCCX/IDR, CCCX/INR, CCCX/JPY, CCCX/KRW, CCCX/MXN, CCCX/RUB, CCCX/USD, CCCX/BTC, CCCX/ETH, CCCX/LTC, LSK/AUD, LSK/BRL, LSK/CAD, LSK/CHF, LSK/CNY, LSK/EUR, LSK/GBP, LSK/HKD, LSK/IDR, LSK/INR, LSK/JPY, LSK/KRW, LSK/MXN, LSK/RUB, LSK/USD, LSK/BTC, LSK/ETH, LSK/LTC, BTT/AUD, BTT/BRL, BTT/CAD, BTT/CHF, BTT/CNY, BTT/EUR, BTT/GBP, BTT/HKD, BTT/IDR, BTT/INR, BTT/JPY, BTT/KRW, BTT/MXN, BTT/RUB, BTT/USD, BTT/BTC, BTT/ETH, BTT/LTC, BCD/AUD, BCD/BRL, BCD/CAD, BCD/CHF, BCD/CNY, BCD/EUR, BCD/GBP, BCD/HKD, BCD/IDR, BCD/INR, BCD/JPY, BCD/KRW, BCD/MXN, BCD/RUB, BCD/USD, BCD/BTC, BCD/ETH, BCD/LTC, INB/AUD, INB/BRL, INB/CAD, INB/CHF, INB/CNY, INB/EUR, INB/GBP, INB/HKD, INB/IDR, INB/INR, INB/JPY, INB/KRW, INB/MXN, INB/RUB, INB/USD, INB/BTC, INB/ETH, INB/LTC, HOT/AUD, HOT/BRL, HOT/CAD, HOT/CHF, HOT/CNY, HOT/EUR, HOT/GBP, HOT/HKD, HOT/IDR, HOT/INR, HOT/JPY, HOT/KRW, HOT/MXN, HOT/RUB, HOT/USD, HOT/BTC, HOT/ETH, HOT/LTC, WAVES/AUD, WAVES/BRL, WAVES/CAD, WAVES/CHF, WAVES/CNY, WAVES/EUR, WAVES/GBP, WAVES/HKD, WAVES/IDR, WAVES/INR, WAVES/JPY, WAVES/KRW, WAVES/MXN, WAVES/RUB, WAVES/USD, WAVES/BTC, WAVES/ETH, WAVES/LTC, ALGO/AUD, ALGO/BRL, ALGO/CAD, ALGO/CHF, ALGO/CNY, ALGO/EUR, ALGO/GBP, ALGO/HKD, ALGO/IDR, ALGO/INR, ALGO/JPY, ALGO/KRW, ALGO/MXN, ALGO/RUB, ALGO/USD, ALGO/BTC, ALGO/ETH, ALGO/LTC, OSC/AUD, OSC/BRL, OSC/CAD, OSC/CHF, OSC/CNY, OSC/EUR, OSC/GBP, OSC/HKD, OSC/IDR, OSC/INR, OSC/JPY, OSC/KRW, OSC/MXN, OSC/RUB, OSC/USD, OSC/BTC, OSC/ETH, OSC/LTC, ICX/AUD, ICX/BRL, ICX/CAD, ICX/CHF, ICX/CNY, ICX/EUR, ICX/GBP, ICX/HKD, ICX/IDR, ICX/INR, ICX/JPY, ICX/KRW, ICX/MXN, ICX/RUB, ICX/USD, ICX/BTC, ICX/ETH, ICX/LTC, QNT/AUD, QNT/BRL, QNT/CAD, QNT/CHF, QNT/CNY, QNT/EUR, QNT/GBP, QNT/HKD, QNT/IDR, QNT/INR, QNT/JPY, QNT/KRW, QNT/MXN, QNT/RUB, QNT/USD, QNT/BTC, QNT/ETH, QNT/LTC, SLV/AUD, SLV/BRL, SLV/CAD, SLV/CHF, SLV/CNY, SLV/EUR, SLV/GBP, SLV/HKD, SLV/IDR, SLV/INR, SLV/JPY, SLV/KRW, SLV/MXN, SLV/RUB, SLV/USD, SLV/BTC, SLV/ETH, SLV/LTC, XIN/AUD, XIN/BRL, XIN/CAD, XIN/CHF, XIN/CNY, XIN/EUR, XIN/GBP, XIN/HKD, XIN/IDR, XIN/INR, XIN/JPY, XIN/KRW, XIN/MXN, XIN/RUB, XIN/USD, XIN/BTC, XIN/ETH, XIN/LTC, DGB/AUD, DGB/BRL, DGB/CAD, DGB/CHF, DGB/CNY, DGB/EUR, DGB/GBP, DGB/HKD, DGB/IDR, DGB/INR, DGB/JPY, DGB/KRW, DGB/MXN, DGB/RUB, DGB/USD, DGB/BTC, DGB/ETH, DGB/LTC, BTS/AUD, BTS/BRL, BTS/CAD, BTS/CHF, BTS/CNY, BTS/EUR, BTS/GBP, BTS/HKD, BTS/IDR, BTS/INR, BTS/JPY, BTS/KRW, BTS/MXN, BTS/RUB, BTS/USD, BTS/BTC, BTS/ETH, BTS/LTC, BCN/AUD, BCN/BRL, BCN/CAD, BCN/CHF, BCN/CNY, BCN/EUR, BCN/GBP, BCN/HKD, BCN/IDR, BCN/INR, BCN/JPY, BCN/KRW, BCN/MXN, BCN/RUB, BCN/USD, BCN/BTC, BCN/ETH, BCN/LTC, HC/AUD, HC/BRL, HC/CAD, HC/CHF, HC/CNY, HC/EUR, HC/GBP, HC/HKD, HC/IDR, HC/INR, HC/JPY, HC/KRW, HC/MXN, HC/RUB, HC/USD, HC/BTC, HC/ETH, HC/LTC, LAMB/AUD, LAMB/BRL, LAMB/CAD, LAMB/CHF, LAMB/CNY, LAMB/EUR, LAMB/GBP, LAMB/HKD, LAMB/IDR, LAMB/INR, LAMB/JPY, LAMB/KRW, LAMB/MXN, LAMB/RUB, LAMB/USD, LAMB/BTC, LAMB/ETH, LAMB/LTC, THETA/AUD, THETA/BRL, THETA/CAD, THETA/CHF, THETA/CNY, THETA/EUR, THETA/GBP, THETA/HKD, THETA/IDR, THETA/INR, THETA/JPY, THETA/KRW, THETA/MXN, THETA/RUB, THETA/USD, THETA/BTC, THETA/ETH, THETA/LTC, DAI/AUD, DAI/BRL, DAI/CAD, DAI/CHF, DAI/CNY, DAI/EUR, DAI/GBP, DAI/HKD, DAI/IDR, DAI/INR, DAI/JPY, DAI/KRW, DAI/MXN, DAI/RUB, DAI/USD, DAI/BTC, DAI/ETH, DAI/LTC, MAID/AUD, MAID/BRL, MAID/CAD, MAID/CHF, MAID/CNY, MAID/EUR, MAID/GBP, MAID/HKD, MAID/IDR, MAID/INR, MAID/JPY, MAID/KRW, MAID/MXN, MAID/RUB, MAID/USD, MAID/BTC, MAID/ETH, MAID/LTC, SC/AUD, SC/BRL, SC/CAD, SC/CHF, SC/CNY, SC/EUR, SC/GBP, SC/HKD, SC/IDR, SC/INR, SC/JPY, SC/KRW, SC/MXN, SC/RUB, SC/USD, SC/BTC, SC/ETH, SC/LTC, MXM/AUD, MXM/BRL, MXM/CAD, MXM/CHF, MXM/CNY, MXM/EUR, MXM/GBP, MXM/HKD, MXM/IDR, MXM/INR, MXM/JPY, MXM/KRW, MXM/MXN, MXM/RUB, MXM/USD, MXM/BTC, MXM/ETH, MXM/LTC, QBIT/AUD, QBIT/BRL, QBIT/CAD, QBIT/CHF, QBIT/CNY, QBIT/EUR, QBIT/GBP, QBIT/HKD, QBIT/IDR, QBIT/INR, QBIT/JPY, QBIT/KRW, QBIT/MXN, QBIT/RUB, QBIT/USD, QBIT/BTC, QBIT/ETH, QBIT/LTC, NPXS/AUD, NPXS/BRL, NPXS/CAD, NPXS/CHF, NPXS/CNY, NPXS/EUR, NPXS/GBP, NPXS/HKD, NPXS/IDR, NPXS/INR, NPXS/JPY, NPXS/KRW, NPXS/MXN, NPXS/RUB, NPXS/USD, NPXS/BTC, NPXS/ETH, NPXS/LTC, BTM/AUD, BTM/BRL, BTM/CAD, BTM/CHF, BTM/CNY, BTM/EUR, BTM/GBP, BTM/HKD, BTM/IDR, BTM/INR, BTM/JPY, BTM/KRW, BTM/MXN, BTM/RUB, BTM/USD, BTM/BTC, BTM/ETH, BTM/LTC, BXK/AUD, BXK/BRL, BXK/CAD, BXK/CHF, BXK/CNY, BXK/EUR, BXK/GBP, BXK/HKD, BXK/IDR, BXK/INR, BXK/JPY, BXK/KRW, BXK/MXN, BXK/RUB, BXK/USD, BXK/BTC, BXK/ETH, BXK/LTC, WIX/AUD, WIX/BRL, WIX/CAD, WIX/CHF, WIX/CNY, WIX/EUR, WIX/GBP, WIX/HKD, WIX/IDR, WIX/INR, WIX/JPY, WIX/KRW, WIX/MXN, WIX/RUB, WIX/USD, WIX/BTC, WIX/ETH, WIX/LTC, KMD/AUD, KMD/BRL, KMD/CAD, KMD/CHF, KMD/CNY, KMD/EUR, KMD/GBP, KMD/HKD, KMD/IDR, KMD/INR, KMD/JPY, KMD/KRW, KMD/MXN, KMD/RUB, KMD/USD, KMD/BTC, KMD/ETH, KMD/LTC, IOST/AUD, IOST/BRL, IOST/CAD, IOST/CHF, IOST/CNY, IOST/EUR, IOST/GBP, IOST/HKD, IOST/IDR, IOST/INR, IOST/JPY, IOST/KRW, IOST/MXN, IOST/RUB, IOST/USD, IOST/BTC, IOST/ETH, IOST/LTC, NRG/AUD, NRG/BRL, NRG/CAD, NRG/CHF, NRG/CNY, NRG/EUR, NRG/GBP, NRG/HKD, NRG/IDR, NRG/INR, NRG/JPY, NRG/KRW, NRG/MXN, NRG/RUB, NRG/USD, NRG/BTC, NRG/ETH, NRG/LTC, MONA/AUD, MONA/BRL, MONA/CAD, MONA/CHF, MONA/CNY, MONA/EUR, MONA/GBP, MONA/HKD, MONA/IDR, MONA/INR, MONA/JPY, MONA/KRW, MONA/MXN, MONA/RUB, MONA/USD, MONA/BTC, MONA/ETH, MONA/LTC, XVG/AUD, XVG/BRL, XVG/CAD, XVG/CHF, XVG/CNY, XVG/EUR, XVG/GBP, XVG/HKD, XVG/IDR, XVG/INR, XVG/JPY, XVG/KRW, XVG/MXN, XVG/RUB, XVG/USD, XVG/BTC, XVG/ETH, XVG/LTC, ARDR/AUD, ARDR/BRL, ARDR/CAD, ARDR/CHF, ARDR/CNY, ARDR/EUR, ARDR/GBP, ARDR/HKD, ARDR/IDR, ARDR/INR, ARDR/JPY, ARDR/KRW, ARDR/MXN, ARDR/RUB, ARDR/USD, ARDR/BTC, ARDR/ETH, ARDR/LTC, BDX/AUD, BDX/BRL, BDX/CAD, BDX/CHF, BDX/CNY, BDX/EUR, BDX/GBP, BDX/HKD, BDX/IDR, BDX/INR, BDX/JPY, BDX/KRW, BDX/MXN, BDX/RUB, BDX/USD, BDX/BTC, BDX/ETH, BDX/LTC, SXP/AUD, SXP/BRL, SXP/CAD, SXP/CHF, SXP/CNY, SXP/EUR, SXP/GBP, SXP/HKD, SXP/IDR, SXP/INR, SXP/JPY, SXP/KRW, SXP/MXN, SXP/RUB, SXP/USD, SXP/BTC, SXP/ETH, SXP/LTC, RIF/AUD, RIF/BRL, RIF/CAD, RIF/CHF, RIF/CNY, RIF/EUR, RIF/GBP, RIF/HKD, RIF/IDR, RIF/INR, RIF/JPY, RIF/KRW, RIF/MXN, RIF/RUB, RIF/USD, RIF/BTC, RIF/ETH, RIF/LTC, FXC/AUD, FXC/BRL, FXC/CAD, FXC/CHF, FXC/CNY, FXC/EUR, FXC/GBP, FXC/HKD, FXC/IDR, FXC/INR, FXC/JPY, FXC/KRW, FXC/MXN, FXC/RUB, FXC/USD, FXC/BTC, FXC/ETH, FXC/LTC, SNX/AUD, SNX/BRL, SNX/CAD, SNX/CHF, SNX/CNY, SNX/EUR, SNX/GBP, SNX/HKD, SNX/IDR, SNX/INR, SNX/JPY, SNX/KRW, SNX/MXN, SNX/RUB, SNX/USD, SNX/BTC, SNX/ETH, SNX/LTC, DTR/AUD, DTR/BRL, DTR/CAD, DTR/CHF, DTR/CNY, DTR/EUR, DTR/GBP, DTR/HKD, DTR/IDR, DTR/INR, DTR/JPY, DTR/KRW, DTR/MXN, DTR/RUB, DTR/USD, DTR/BTC, DTR/ETH, DTR/LTC, AE/AUD, AE/BRL, AE/CAD, AE/CHF, AE/CNY, AE/EUR, AE/GBP, AE/HKD, AE/IDR, AE/INR, AE/JPY, AE/KRW, AE/MXN, AE/RUB, AE/USD, AE/BTC, AE/ETH, AE/LTC, ZIL/AUD, ZIL/BRL, ZIL/CAD, ZIL/CHF, ZIL/CNY, ZIL/EUR, ZIL/GBP, ZIL/HKD, ZIL/IDR, ZIL/INR, ZIL/JPY, ZIL/KRW, ZIL/MXN, ZIL/RUB, ZIL/USD, ZIL/BTC, ZIL/ETH, ZIL/LTC, NEX/AUD, NEX/BRL, NEX/CAD, NEX/CHF, NEX/CNY, NEX/EUR, NEX/GBP, NEX/HKD, NEX/IDR, NEX/INR, NEX/JPY, NEX/KRW, NEX/MXN, NEX/RUB, NEX/USD, NEX/BTC, NEX/ETH, NEX/LTC, GNT/AUD, GNT/BRL, GNT/CAD, GNT/CHF, GNT/CNY, GNT/EUR, GNT/GBP, GNT/HKD, GNT/IDR, GNT/INR, GNT/JPY, GNT/KRW, GNT/MXN, GNT/RUB, GNT/USD, GNT/BTC, GNT/ETH, GNT/LTC, STEEM/AUD, STEEM/BRL, STEEM/CAD, STEEM/CHF, STEEM/CNY, STEEM/EUR, STEEM/GBP, STEEM/HKD, STEEM/IDR, STEEM/INR, STEEM/JPY, STEEM/KRW, STEEM/MXN, STEEM/RUB, STEEM/USD, STEEM/BTC, STEEM/ETH, STEEM/LTC, NEXO/AUD, NEXO/BRL, NEXO/CAD, NEXO/CHF, NEXO/CNY, NEXO/EUR, NEXO/GBP, NEXO/HKD, NEXO/IDR, NEXO/INR, NEXO/JPY, NEXO/KRW, NEXO/MXN, NEXO/RUB, NEXO/USD, NEXO/BTC, NEXO/ETH, NEXO/LTC, NET/AUD, NET/BRL, NET/CAD, NET/CHF, NET/CNY, NET/EUR, NET/GBP, NET/HKD, NET/IDR, NET/INR, NET/JPY, NET/KRW, NET/MXN, NET/RUB, NET/USD, NET/BTC, NET/ETH, NET/LTC, AOA/AUD, AOA/BRL, AOA/CAD, AOA/CHF, AOA/CNY, AOA/EUR, AOA/GBP, AOA/HKD, AOA/IDR, AOA/INR, AOA/JPY, AOA/KRW, AOA/MXN, AOA/RUB, AOA/USD, AOA/BTC, AOA/ETH, AOA/LTC
	SYMBOL: BTC/USD
	coinmarketcap BTC/USD fetching ticker...
	coinmarketcap BTC/USD ticker: 2019-09-23T13:13:32.000Z high:  low:  bid:  ask:  volume: 12711709210.2
	[Exchange Error] fetchGlobal method not found, try underscore_notation instead of camelCase for the method being called (ignoring) [90m(explain @ run-tests.js:190)[39m
[22m[1m[7m[33m[39m[27m[22m
[22m[1m[7m[33mWARN[39m[27m [33mcoinspot[39m (JavaScript):[22m [90m(explain @ run-tests.js:188)[39m
[22m[1m[22m
	
	TESTING { exchange: "coinspot", symbol: "all" }  (<anonymous> @ test.js:33)
	
	3 symbols BTC/AUD + more... (loadExchange @ test.js:186)
	SYMBOL: BTC/AUD (testExchange @ test.js:262)
	fetching currencies not supported (exports [as fetchCurrencies] @ test.fetchCurrencies.js:35)
	[Authentication Error] coinspot requires apiKey for all requests (tryAllProxies @ test.js:396) [90m(explain @ run-tests.js:190)[39m
[22m[1m[7m[33m[39m[27m[22m
[22m[1m[7m[33mWARN[39m[27m [33mcoinspot[39m (Python):[22m [90m(explain @ run-tests.js:188)[39m
[22m[1m[22m
	[AuthenticationError] coinspot requires apiKey for all requests
	coinspot using proxy ``
	EXCHANGE: coinspot
	SYMBOL: BTC/AUD
	({'num_retries': 0, 'max_retries': 2, 'type': 'AuthenticationError'}, 'coinspot requires apiKey for all requests')
	coinspot using proxy `https://cors-anywhere.herokuapp.com/`
	EXCHANGE: coinspot
	SYMBOL: BTC/AUD
	({'num_retries': 1, 'max_retries': 2, 'type': 'AuthenticationError'}, 'coinspot requires apiKey for all requests')
	[AuthenticationError] coinspot requires apiKey for all requests [90m(explain @ run-tests.js:190)[39m
[22m[1m[7m[33m[39m[27m[22m
[22m[1m[7m[33mWARN[39m[27m [33mcoinspot[39m (Python 2):[22m [90m(explain @ run-tests.js:188)[39m
[22m[1m[22m
	[AuthenticationError] coinspot requires apiKey for all requests
	coinspot using proxy ``
	EXCHANGE: coinspot
	SYMBOL: BTC/AUD
	({'num_retries': 0, 'max_retries': 2, 'type': 'AuthenticationError'}, 'coinspot requires apiKey for all requests')
	coinspot using proxy `https://cors-anywhere.herokuapp.com/`
	EXCHANGE: coinspot
	SYMBOL: BTC/AUD
	({'num_retries': 1, 'max_retries': 2, 'type': 'AuthenticationError'}, 'coinspot requires apiKey for all requests')
	[AuthenticationError] coinspot requires apiKey for all requests [90m(explain @ run-tests.js:190)[39m
[22m[1m[7m[33m[39m[27m[22m
[22m[1m[7m[33mWARN[39m[27m [33mcoinspot[39m (Python 3):[22m [90m(explain @ run-tests.js:188)[39m
[22m[1m[22m
	[AuthenticationError] coinspot requires apiKey for all requests
	coinspot using proxy ``
	EXCHANGE: coinspot
	SYMBOL: BTC/AUD
	{'type': 'AuthenticationError', 'num_retries': 0, 'max_retries': 2} coinspot requires apiKey for all requests
	coinspot using proxy `https://cors-anywhere.herokuapp.com/`
	EXCHANGE: coinspot
	SYMBOL: BTC/AUD
	{'type': 'AuthenticationError', 'num_retries': 1, 'max_retries': 2} coinspot requires apiKey for all requests
	[AuthenticationError] coinspot requires apiKey for all requests [90m(explain @ run-tests.js:190)[39m
[22m[1m[7m[33m[39m[27m[22m
[22m[1m[7m[33mWARN[39m[27m [33mcoinspot[39m (PHP):[22m [90m(explain @ run-tests.js:188)[39m
[22m[1m[22m
	string(11) "./keys.json"
	EXCHANGE: coinspot
	coinspot 3 symbols: BTC/AUD, LTC/AUD, DOGE/AUD
	SYMBOL: BTC/AUD
	coinspot BTC/AUD fetching ticker...
	[Authentication Error] coinspot requires apiKey for all requests (ignoring)
	coinspot 3 symbols: BTC/AUD, LTC/AUD, DOGE/AUD
	SYMBOL: BTC/AUD
	coinspot BTC/AUD fetching ticker...
	[Authentication Error] coinspot requires apiKey for all requests (ignoring) [90m(explain @ run-tests.js:190)[39m
[22m[1m[7m[33m[39m[27m[22m
[22m[1m[7m[33mWARN[39m[27m [33mcoinexchange[39m (PHP):[22m [90m(explain @ run-tests.js:188)[39m
[22m[1m[22m
	string(11) "./keys.json"
	EXCHANGE: coinexchange
	[Timeout Error] https://www.coinexchange.io/api/v1/getcurrencies GET 28 Operation timed out after 10003 milliseconds with 1410 bytes received (ignoring)
	[Exchange Not Available] https://cors-anywhere.herokuapp.com/https://www.coinexchange.io/api/v1/getcurrencies GET 404 Not found because of proxy error: Error: Parse Error: Invalid header value char (possible reasons: invalid API keys, bad or old nonce, exchange is down or offline, on maintenance, DDoS protection, rate-limiting in effect) (ignoring) [90m(explain @ run-tests.js:190)[39m
[22m[1m[7m[33m[39m[27m[22m
[22m[1m[7m[33mWARN[39m[27m [33mcointiger[39m (JavaScript):[22m [90m(explain @ run-tests.js:188)[39m
[22m[1m[22m
	
	TESTING { exchange: "cointiger", symbol: "all" }  (<anonymous> @ test.js:33)
	
	[Authentication Error] cointiger requires `apiKey` credential (tryAllProxies @ test.js:396) [90m(explain @ run-tests.js:190)[39m
[22m[1m[7m[33m[39m[27m[22m
[22m[1m[7m[33mWARN[39m[27m [33mcointiger[39m (Python):[22m [90m(explain @ run-tests.js:188)[39m
[22m[1m[22m
	[AuthenticationError] requires `secret`
	cointiger using proxy ``
	({'num_retries': 0, 'max_retries': 2, 'type': 'AuthenticationError'}, 'requires `secret`')
	cointiger using proxy `https://cors-anywhere.herokuapp.com/`
	({'num_retries': 1, 'max_retries': 2, 'type': 'AuthenticationError'}, 'requires `secret`')
	[AuthenticationError] requires `secret` [90m(explain @ run-tests.js:190)[39m
[22m[1m[7m[33m[39m[27m[22m
[22m[1m[7m[33mWARN[39m[27m [33mcointiger[39m (Python 2):[22m [90m(explain @ run-tests.js:188)[39m
[22m[1m[22m
	[AuthenticationError] requires `secret`
	cointiger using proxy ``
	({'num_retries': 0, 'max_retries': 2, 'type': 'AuthenticationError'}, 'requires `secret`')
	cointiger using proxy `https://cors-anywhere.herokuapp.com/`
	({'num_retries': 1, 'max_retries': 2, 'type': 'AuthenticationError'}, 'requires `secret`')
	[AuthenticationError] requires `secret` [90m(explain @ run-tests.js:190)[39m
[22m[1m[7m[33m[39m[27m[22m
[22m[1m[7m[33mWARN[39m[27m [33mcointiger[39m (Python 3):[22m [90m(explain @ run-tests.js:188)[39m
[22m[1m[22m
	[AuthenticationError] cointiger requires `apiKey`
	cointiger using proxy ``
	{'type': 'AuthenticationError', 'num_retries': 0, 'max_retries': 2} cointiger requires `apiKey`
	cointiger using proxy `https://cors-anywhere.herokuapp.com/`
	{'type': 'AuthenticationError', 'num_retries': 1, 'max_retries': 2} cointiger requires `apiKey`
	[AuthenticationError] cointiger requires `apiKey` [90m(explain @ run-tests.js:190)[39m
[22m[1m[7m[33m[39m[27m[22m
[22m[1m[7m[33mWARN[39m[27m [33mcointiger[39m (PHP):[22m [90m(explain @ run-tests.js:188)[39m
[22m[1m[22m
	string(11) "./keys.json"
	EXCHANGE: cointiger
	[Authentication Error] cointiger requires `apiKey` (ignoring)
	[Authentication Error] cointiger requires `apiKey` (ignoring) [90m(explain @ run-tests.js:190)[39m
[22m[1m[7m[33m[39m[27m[22m
[22m[1m[7m[33mWARN[39m[27m [33mcoolcoin[39m (PHP):[22m [90m(explain @ run-tests.js:188)[39m
[22m[1m[22m
	string(11) "./keys.json"
	EXCHANGE: coolcoin
	[Exchange Not Available] https://www.coolcoin.com/coin/symbol/ticker?right_coin=btc GET 500  (possible reasons: invalid API keys, bad or old nonce, exchange is down or offline, on maintenance, DDoS protection, rate-limiting in effect) (ignoring)
	[Exchange Not Available] https://cors-anywhere.herokuapp.com/https://www.coolcoin.com/coin/symbol/ticker?right_coin=btc GET 500  (possible reasons: invalid API keys, bad or old nonce, exchange is down or offline, on maintenance, DDoS protection, rate-limiting in effect) (ignoring) [90m(explain @ run-tests.js:190)[39m
[22m[1m[7m[33m[39m[27m[22m
[22m[1m[7m[33mWARN[39m[27m [33mcrypton[39m (PHP):[22m [90m(explain @ run-tests.js:188)[39m
[22m[1m[22m
	string(11) "./keys.json"
	EXCHANGE: crypton
	crypton 62 symbols: BCH/BTC, BCH/PAI, BCH/USDT, BCH3NX/BTC, BCH3NX/PAI, BCH3NX/USDT, BCH3X/BTC, BCH3X/PAI, BCH3X/USDT, BTC/PAI, BTC/USDT, BTC3NX/PAI, BTC3NX/USDT, BTC3X/PAI, BTC3X/USDT, BTM/BTC, BTM/PAI, BTM/USDT, CMT/BTC, CMT/PAI, CMT/USDT, CRY/BTC, CRY/USDT, CTXC/BTC, CTXC/PAI, CTXC/USDT, EOS/BTC, EOS/PAI, EOS/USDT, ETH/BTC, ETH/PAI, ETH/USDT, ETH3NX/BTC, ETH3NX/PAI, ETH3NX/USDT, ETH3X/BTC, ETH3X/PAI, ETH3X/USDT, LTC/BTC, LTC/PAI, LTC/USDT, LTC3NX/BTC, LTC3NX/PAI, LTC3NX/USDT, LTC3X/BTC, LTC3X/PAI, LTC3X/USDT, MAID/BTC, MAID/PAI, MAID/USDT, OMNI/BTC, OMNI/PAI, OMNI/USDT, PAI/BTC, PAI/USDT, TRX/BTC, TRX/PAI, TRX/USDT, USDT_ERC20/USDT, VEN/BTC, VEN/PAI, VEN/USDT
	SYMBOL: ETH/BTC
	crypton ETH/BTC fetching ticker...
	[Not Supported] crypton fetchTicker not supported yet (ignoring)
	crypton 62 symbols: BCH/BTC, BCH/PAI, BCH/USDT, BCH3NX/BTC, BCH3NX/PAI, BCH3NX/USDT, BCH3X/BTC, BCH3X/PAI, BCH3X/USDT, BTC/PAI, BTC/USDT, BTC3NX/PAI, BTC3NX/USDT, BTC3X/PAI, BTC3X/USDT, BTM/BTC, BTM/PAI, BTM/USDT, CMT/BTC, CMT/PAI, CMT/USDT, CRY/BTC, CRY/USDT, CTXC/BTC, CTXC/PAI, CTXC/USDT, EOS/BTC, EOS/PAI, EOS/USDT, ETH/BTC, ETH/PAI, ETH/USDT, ETH3NX/BTC, ETH3NX/PAI, ETH3NX/USDT, ETH3X/BTC, ETH3X/PAI, ETH3X/USDT, LTC/BTC, LTC/PAI, LTC/USDT, LTC3NX/BTC, LTC3NX/PAI, LTC3NX/USDT, LTC3X/BTC, LTC3X/PAI, LTC3X/USDT, MAID/BTC, MAID/PAI, MAID/USDT, OMNI/BTC, OMNI/PAI, OMNI/USDT, PAI/BTC, PAI/USDT, TRX/BTC, TRX/PAI, TRX/USDT, USDT_ERC20/USDT, VEN/BTC, VEN/PAI, VEN/USDT
	SYMBOL: ETH/BTC
	crypton ETH/BTC fetching ticker...
	[Not Supported] crypton fetchTicker not supported yet (ignoring) [90m(explain @ run-tests.js:190)[39m
[22m[1m[7m[33m[39m[27m[22m
[22m[1m[7m[33mWARN[39m[27m [33methfinex[39m (PHP):[22m [90m(explain @ run-tests.js:188)[39m
[22m[1m[22m
	string(11) "./keys.json"
	EXCHANGE: ethfinex
	ethfinex 424 symbols: BTC/USD, LTC/USD, LTC/BTC, ETH/USD, ETH/BTC, ETC/BTC, ETC/USD, RRT/USD, RRT/BTC, ZEC/USD, ZEC/BTC, XMR/USD, XMR/BTC, DASH/USD, DASH/BTC, BTC/EUR, BTC/JPY, XRP/USD, XRP/BTC, IOTA/USD, IOTA/BTC, IOTA/ETH, EOS/USD, EOS/BTC, EOS/ETH, SAN/USD, SAN/BTC, SAN/ETH, OMG/USD, OMG/BTC, OMG/ETH, NEO/USD, NEO/BTC, NEO/ETH, ETP/USD, ETP/BTC, ETP/ETH, QTUM/USD, QTUM/BTC, QTUM/ETH, AVT/USD, AVT/BTC, AVT/ETH, EDO/USD, EDO/BTC, EDO/ETH, BTG/USD, BTG/BTC, DATA/USD, DATA/BTC, DATA/ETH, QASH/USD, QASH/BTC, QASH/ETH, YOYOW/USD, YOYOW/BTC, YOYOW/ETH, GNT/USD, GNT/BTC, GNT/ETH, SNT/USD, SNT/BTC, SNT/ETH, IOTA/EUR, BAT/USD, BAT/BTC, BAT/ETH, MANA/USD, MANA/BTC, MANA/ETH, FUN/USD, FUN/BTC, FUN/ETH, ZRX/USD, ZRX/BTC, ZRX/ETH, TNB/USD, TNB/BTC, TNB/ETH, SPANK/USD, SPANK/BTC, SPANK/ETH, TRX/USD, TRX/BTC, TRX/ETH, RCN/USD, RCN/BTC, RCN/ETH, RLC/USD, RLC/BTC, RLC/ETH, AID/USD, AID/BTC, AID/ETH, SNGLS/USD, SNGLS/BTC, SNGLS/ETH, REP/USD, REP/BTC, REP/ETH, ELF/USD, ELF/BTC, ELF/ETH, NEC/USD, NEC/BTC, NEC/ETH, BTC/GBP, ETH/EUR, ETH/JPY, ETH/GBP, NEO/EUR, NEO/JPY, NEO/GBP, EOS/EUR, EOS/JPY, EOS/GBP, IOTA/JPY, IOTA/GBP, IOST/USD, IOST/BTC, IOST/ETH, AION/USD, AION/BTC, AION/ETH, REQ/USD, REQ/BTC, REQ/ETH, RDN/USD, RDN/BTC, RDN/ETH, LRC/USD, LRC/BTC, LRC/ETH, WAX/USD, WAX/BTC, WAX/ETH, DAI/USD, DAI/BTC, DAI/ETH, AGI/USD, AGI/BTC, AGI/ETH, BFT/USD, BFT/BTC, BFT/ETH, MTN/USD, MTN/BTC, MTN/ETH, ODE/USD, ODE/BTC, ODE/ETH, ANT/USD, ANT/BTC, ANT/ETH, DTH/USD, DTH/BTC, DTH/ETH, MITH/USD, MITH/BTC, MITH/ETH, STORJ/USD, STORJ/BTC, STORJ/ETH, XLM/USD, XLM/EUR, XLM/JPY, XLM/GBP, XLM/BTC, XLM/ETH, XVG/USD, XVG/EUR, XVG/JPY, XVG/GBP, XVG/BTC, XVG/ETH, BCI/USD, BCI/BTC, MKR/USD, MKR/BTC, MKR/ETH, KNC/USD, KNC/BTC, KNC/ETH, POA/USD, POA/BTC, POA/ETH, EVT/USD, LYM/USD, LYM/BTC, LYM/ETH, UTK/USD, UTK/BTC, UTK/ETH, VEE/USD, VEE/BTC, VEE/ETH, DADI/USD, DADI/BTC, DADI/ETH, ORS Group/USD, ORS Group/BTC, ORS Group/ETH, AUC/USD, AUC/BTC, AUC/ETH, POLY/USD, POLY/BTC, POLY/ETH, FSN/USD, FSN/BTC, FSN/ETH, CBT/USD, CBT/BTC, CBT/ETH, ZCN/USD, ZCN/BTC, ZCN/ETH, SEN/USD, SEN/BTC, SEN/ETH, NCASH/USD, NCASH/BTC, NCASH/ETH, CND/USD, CND/BTC, CND/ETH, CTXC/USD, CTXC/BTC, CTXC/ETH, PAI/USD, PAI/BTC, SEER/USD, SEER/BTC, SEER/ETH, ESS/USD, ESS/BTC, ESS/ETH, ATMI/USD, ATMI/BTC, ATMI/ETH, Hydro Protocol/USD, Hydro Protocol/BTC, Hydro Protocol/ETH, DTA/USD, DTA/BTC, DTA/ETH, IQ/USD, IQ/BTC, IQ/EOS, WPR/USD, WPR/BTC, WPR/ETH, ZIL/USD, ZIL/BTC, ZIL/ETH, BNT/USD, BNT/BTC, BNT/ETH, ABYSS/USD, ABYSS/ETH, XRA/USD, XRA/ETH, MAN/USD, MAN/ETH, BBN/USD, BBN/ETH, NIO/USD, NIO/ETH, DGX/USD, DGX/ETH, VET/USD, VET/BTC, VET/ETH, UTNP/USD, UTNP/ETH, TKN/USD, TKN/ETH, GOT/USD, GOT/EUR, GOT/ETH, XTZ/USD, XTZ/BTC, CNN/USD, CNN/ETH, BOX/USD, BOX/ETH, TRX/EUR, TRX/GBP, TRX/JPY, MGO/USD, MGO/ETH, RTE/USD, RTE/ETH, YGG/USD, YGG/ETH, MLN/USD, MLN/ETH, WTC/USD, WTC/ETH, CSX/USD, CSX/ETH, OMN/USD, OMN/BTC, INT/USD, INT/ETH, DRN/USD, DRN/ETH, PNK/USD, PNK/ETH, DGB/USD, DGB/BTC, BSV/USD, BSV/BTC, BCH/USD, BCH/BTC, WLO/USD, WLO/XLM, VLD/USD, VLD/ETH, ENJ/USD, ENJ/ETH, ONL/USD, ONL/ETH, RBT/USD, RBT/BTC, USDT/USD, EUT/EUR, EUT/USD, GUSD/USD, USDC/USD, TUSD/USD, PAX/USD, RIF/USD, RIF/BTC, PAS/USD, PAS/ETH, VSYS/USD, VSYS/BTC, ZRX/DAI, MKR/DAI, OMG/DAI, BTT/USD, BTT/BTC, BTC/USDT, ETH/USDT, CLO/USD, CLO/BTC, IMP/USD, IMP/ETH, LTC/USDT, EOS/USDT, BCH/USDT, SCR/USD, SCR/ETH, GNO/USD, GNO/ETH, GEN/USD, GEN/ETH, ATOM/USD, ATOM/BTC, ATOM/ETH, WBT/USD, XCHF/USD, EUS/USD, WBT/ETH, XCHF/ETH, EUS/ETH, LEO/USD, LEO/BTC, LEO/USDT, LEO/EOS, LEO/ETH, AST/USD, AST/ETH, FOA/USD, FOA/ETH, UFR/USD, UFR/ETH, ZBT/USD, ZBT/USDT, OKB/USD, USK/USD, GTX/USD, KAN/USD, OKB/USDT, OKB/ETH, OKB/BTC, USK/USDT, USK/ETH, USK/BTC, USK/EOS, GTX/USDT, KAN/USDT, AMPL/USD, ALG/USD, ALG/BTC, ALG/USDT, BTC/XCHF, SWM/USD, SWM/ETH, TRI/USD, TRI/ETH, LOO/USD, LOO/ETH, AMPL/USDT, DUSK/USD, DUSK/BTC, UOS/USD, UOS/BTC, RRB/USD, RRB/USDT, DTX/USD, DTX/USDT, AMPL/BTC, FTT/USD, FTT/USDT, PAX/USDT, USDC/USDT, TUSD/USDT, BTC/CNHT, USDT/CNHT, CNH/CNHT, BTCF0/USTF0, ETHF0/USTF0
	SYMBOL: BTC/USD
	ethfinex BTC/USD fetching ticker...
	[Exchange Error] ethfinex {"message":"Unknown symbol"} (ignoring)
	ethfinex 424 symbols: BTC/USD, LTC/USD, LTC/BTC, ETH/USD, ETH/BTC, ETC/BTC, ETC/USD, RRT/USD, RRT/BTC, ZEC/USD, ZEC/BTC, XMR/USD, XMR/BTC, DASH/USD, DASH/BTC, BTC/EUR, BTC/JPY, XRP/USD, XRP/BTC, IOTA/USD, IOTA/BTC, IOTA/ETH, EOS/USD, EOS/BTC, EOS/ETH, SAN/USD, SAN/BTC, SAN/ETH, OMG/USD, OMG/BTC, OMG/ETH, NEO/USD, NEO/BTC, NEO/ETH, ETP/USD, ETP/BTC, ETP/ETH, QTUM/USD, QTUM/BTC, QTUM/ETH, AVT/USD, AVT/BTC, AVT/ETH, EDO/USD, EDO/BTC, EDO/ETH, BTG/USD, BTG/BTC, DATA/USD, DATA/BTC, DATA/ETH, QASH/USD, QASH/BTC, QASH/ETH, YOYOW/USD, YOYOW/BTC, YOYOW/ETH, GNT/USD, GNT/BTC, GNT/ETH, SNT/USD, SNT/BTC, SNT/ETH, IOTA/EUR, BAT/USD, BAT/BTC, BAT/ETH, MANA/USD, MANA/BTC, MANA/ETH, FUN/USD, FUN/BTC, FUN/ETH, ZRX/USD, ZRX/BTC, ZRX/ETH, TNB/USD, TNB/BTC, TNB/ETH, SPANK/USD, SPANK/BTC, SPANK/ETH, TRX/USD, TRX/BTC, TRX/ETH, RCN/USD, RCN/BTC, RCN/ETH, RLC/USD, RLC/BTC, RLC/ETH, AID/USD, AID/BTC, AID/ETH, SNGLS/USD, SNGLS/BTC, SNGLS/ETH, REP/USD, REP/BTC, REP/ETH, ELF/USD, ELF/BTC, ELF/ETH, NEC/USD, NEC/BTC, NEC/ETH, BTC/GBP, ETH/EUR, ETH/JPY, ETH/GBP, NEO/EUR, NEO/JPY, NEO/GBP, EOS/EUR, EOS/JPY, EOS/GBP, IOTA/JPY, IOTA/GBP, IOST/USD, IOST/BTC, IOST/ETH, AION/USD, AION/BTC, AION/ETH, REQ/USD, REQ/BTC, REQ/ETH, RDN/USD, RDN/BTC, RDN/ETH, LRC/USD, LRC/BTC, LRC/ETH, WAX/USD, WAX/BTC, WAX/ETH, DAI/USD, DAI/BTC, DAI/ETH, AGI/USD, AGI/BTC, AGI/ETH, BFT/USD, BFT/BTC, BFT/ETH, MTN/USD, MTN/BTC, MTN/ETH, ODE/USD, ODE/BTC, ODE/ETH, ANT/USD, ANT/BTC, ANT/ETH, DTH/USD, DTH/BTC, DTH/ETH, MITH/USD, MITH/BTC, MITH/ETH, STORJ/USD, STORJ/BTC, STORJ/ETH, XLM/USD, XLM/EUR, XLM/JPY, XLM/GBP, XLM/BTC, XLM/ETH, XVG/USD, XVG/EUR, XVG/JPY, XVG/GBP, XVG/BTC, XVG/ETH, BCI/USD, BCI/BTC, MKR/USD, MKR/BTC, MKR/ETH, KNC/USD, KNC/BTC, KNC/ETH, POA/USD, POA/BTC, POA/ETH, EVT/USD, LYM/USD, LYM/BTC, LYM/ETH, UTK/USD, UTK/BTC, UTK/ETH, VEE/USD, VEE/BTC, VEE/ETH, DADI/USD, DADI/BTC, DADI/ETH, ORS Group/USD, ORS Group/BTC, ORS Group/ETH, AUC/USD, AUC/BTC, AUC/ETH, POLY/USD, POLY/BTC, POLY/ETH, FSN/USD, FSN/BTC, FSN/ETH, CBT/USD, CBT/BTC, CBT/ETH, ZCN/USD, ZCN/BTC, ZCN/ETH, SEN/USD, SEN/BTC, SEN/ETH, NCASH/USD, NCASH/BTC, NCASH/ETH, CND/USD, CND/BTC, CND/ETH, CTXC/USD, CTXC/BTC, CTXC/ETH, PAI/USD, PAI/BTC, SEER/USD, SEER/BTC, SEER/ETH, ESS/USD, ESS/BTC, ESS/ETH, ATMI/USD, ATMI/BTC, ATMI/ETH, Hydro Protocol/USD, Hydro Protocol/BTC, Hydro Protocol/ETH, DTA/USD, DTA/BTC, DTA/ETH, IQ/USD, IQ/BTC, IQ/EOS, WPR/USD, WPR/BTC, WPR/ETH, ZIL/USD, ZIL/BTC, ZIL/ETH, BNT/USD, BNT/BTC, BNT/ETH, ABYSS/USD, ABYSS/ETH, XRA/USD, XRA/ETH, MAN/USD, MAN/ETH, BBN/USD, BBN/ETH, NIO/USD, NIO/ETH, DGX/USD, DGX/ETH, VET/USD, VET/BTC, VET/ETH, UTNP/USD, UTNP/ETH, TKN/USD, TKN/ETH, GOT/USD, GOT/EUR, GOT/ETH, XTZ/USD, XTZ/BTC, CNN/USD, CNN/ETH, BOX/USD, BOX/ETH, TRX/EUR, TRX/GBP, TRX/JPY, MGO/USD, MGO/ETH, RTE/USD, RTE/ETH, YGG/USD, YGG/ETH, MLN/USD, MLN/ETH, WTC/USD, WTC/ETH, CSX/USD, CSX/ETH, OMN/USD, OMN/BTC, INT/USD, INT/ETH, DRN/USD, DRN/ETH, PNK/USD, PNK/ETH, DGB/USD, DGB/BTC, BSV/USD, BSV/BTC, BCH/USD, BCH/BTC, WLO/USD, WLO/XLM, VLD/USD, VLD/ETH, ENJ/USD, ENJ/ETH, ONL/USD, ONL/ETH, RBT/USD, RBT/BTC, USDT/USD, EUT/EUR, EUT/USD, GUSD/USD, USDC/USD, TUSD/USD, PAX/USD, RIF/USD, RIF/BTC, PAS/USD, PAS/ETH, VSYS/USD, VSYS/BTC, ZRX/DAI, MKR/DAI, OMG/DAI, BTT/USD, BTT/BTC, BTC/USDT, ETH/USDT, CLO/USD, CLO/BTC, IMP/USD, IMP/ETH, LTC/USDT, EOS/USDT, BCH/USDT, SCR/USD, SCR/ETH, GNO/USD, GNO/ETH, GEN/USD, GEN/ETH, ATOM/USD, ATOM/BTC, ATOM/ETH, WBT/USD, XCHF/USD, EUS/USD, WBT/ETH, XCHF/ETH, EUS/ETH, LEO/USD, LEO/BTC, LEO/USDT, LEO/EOS, LEO/ETH, AST/USD, AST/ETH, FOA/USD, FOA/ETH, UFR/USD, UFR/ETH, ZBT/USD, ZBT/USDT, OKB/USD, USK/USD, GTX/USD, KAN/USD, OKB/USDT, OKB/ETH, OKB/BTC, USK/USDT, USK/ETH, USK/BTC, USK/EOS, GTX/USDT, KAN/USDT, AMPL/USD, ALG/USD, ALG/BTC, ALG/USDT, BTC/XCHF, SWM/USD, SWM/ETH, TRI/USD, TRI/ETH, LOO/USD, LOO/ETH, AMPL/USDT, DUSK/USD, DUSK/BTC, UOS/USD, UOS/BTC, RRB/USD, RRB/USDT, DTX/USD, DTX/USDT, AMPL/BTC, FTT/USD, FTT/USDT, PAX/USDT, USDC/USDT, TUSD/USDT, BTC/CNHT, USDT/CNHT, CNH/CNHT, BTCF0/USTF0, ETHF0/USTF0
	SYMBOL: BTC/USD
	ethfinex BTC/USD fetching ticker...
	[Exchange Error] ethfinex {"message":"Unknown symbol"} (ignoring) [90m(explain @ run-tests.js:190)[39m
[22m[1m[7m[33m[39m[27m[22m
[22m[1m[7m[33mWARN[39m[27m [33mflowbtc[39m (PHP):[22m [90m(explain @ run-tests.js:188)[39m
[22m[1m[22m
	string(11) "./keys.json"
	EXCHANGE: flowbtc
	[Exchange Not Available] https://publicapi.flowbtc.com.br/v1/GetProductPairs POST 403 {"message":"Missing Authentication Token"} (possible reasons: invalid API keys, bad or old nonce, exchange is down or offline, on maintenance, DDoS protection, rate-limiting in effect) (ignoring)
	[Exchange Not Available] https://cors-anywhere.herokuapp.com/https://publicapi.flowbtc.com.br/v1/GetProductPairs POST 403 {"message":"Missing Authentication Token"} (possible reasons: invalid API keys, bad or old nonce, exchange is down or offline, on maintenance, DDoS protection, rate-limiting in effect) (ignoring) [90m(explain @ run-tests.js:190)[39m
[22m[1m[7m[33m[39m[27m[22m
[22m[1m[7m[33mWARN[39m[27m [33mderibit[39m (JavaScript):[22m [90m(explain @ run-tests.js:188)[39m
[22m[1m[22m
	
	TESTING { exchange: "deribit", symbol: "all" }  (<anonymous> @ test.js:33)
	
	438 symbols [] (loadExchange @ test.js:186)
	SYMBOL: BTC-25OCT19-10000-C (testExchange @ test.js:262)
	fetching currencies not supported (exports [as fetchCurrencies] @ test.fetchCurrencies.js:35)
	BTC-25OCT19-10000-C fetchTicker 1970-01-01T00:00:02.019Z bid: 0.0795 ask: 0.0825 (printTickerOneLiner @ test.fetchTicker.js:16)
	fetching all tickers at once not supported (exports [as fetchTickers] @ test.fetchTickers.js:50)
	[Exchange Not Available] deribit GET https://www.deribit.com/api/v1/public/getlasttrades?instrument=BTC-25OCT19-10000-C&limit=10 system request to https://www.deribit.com/api/v1/public/getlasttrades?instrument=BTC-25OCT19-100 (tryAllProxies @ test.js:394)
	438 symbols [] (loadExchange @ test.js:186)
	SYMBOL: BTC-25OCT19-10000-C (testExchange @ test.js:262)
	fetching currencies not supported (exports [as fetchCurrencies] @ test.fetchCurrencies.js:35)
	BTC-25OCT19-10000-C fetchTicker 1970-01-01T00:00:02.019Z bid: 0.07 ask: 0.0745 (printTickerOneLiner @ test.fetchTicker.js:16)
	fetching all tickers at once not supported (exports [as fetchTickers] @ test.fetchTickers.js:50)
	BTC-25OCT19-10000-C fetched 2 OHLCVs (exports [as fetchOHLCV] @ test.fetchOHLCV.js:47)
	BTC-25OCT19-10000-C fetched 10 trades (exports [as fetchTrades] @ test.fetchTrades.js:31)
	BTC-25OCT19-10000-C fetchOrderBook 2019-09-23T14:25:47.101Z bid: 0.07 bidVolume: 10.4 ask: 0.0745 askVolume: 30.4 (printOrderBookOneLiner @ test.orderbook.js:18)
	BTC-25OCT19-10000-C fetchL2OrderBook 2019-09-23T14:25:50.421Z bid: 0.07 bidVolume: 19.1 ask: 0.0745 askVolume: 25.4 (printOrderBookOneLiner @ test.orderbook.js:18)
	fetchOrderBooks() not supported (exports [as fetchOrderBooks] @ test.fetchOrderBooks.js:43) [90m(explain @ run-tests.js:190)[39m
[22m[1m[7m[33m[39m[27m[22m
[22m[1m[7m[33mWARN[39m[27m [33mderibit[39m (Python 3):[22m [90m(explain @ run-tests.js:188)[39m
[22m[1m[22m
	[DDoSProtection] deribit https://cors-anywhere.herokuapp.com/https://www.deribit.com/api/v1/public/getsummary?instrument=BTC-27SEP19-10500-P GET 429 The origin "*" has sent too many requests.
	The number of requests is
	deribit using proxy ``
	EXCHANGE: deribit
	SYMBOL: BTC-27SEP19-10500-P
	deribit BTC-27SEP19-10500-P ticker None high: 0.0685 low: 0.058 bid: 0.069 ask: 0.071 volume: 18.8
	deribit BTC-27SEP19-10500-P order book 2019-09-23T15:37:27.382Z bid: 0.069 bidVolume: 0.5 ask: 0.071 askVolume: 1.0
	{'type': 'RequestTimeout', 'num_retries': 0, 'max_retries': 2} deribit GET https://www.deribit.com/api/v1/public/getlasttrades?instrument=BTC-27SEP19-10500-P&limit=10000 
	deribit using proxy `https://cors-anywhere.herokuapp.com/`
	EXCHANGE: deribit
	SYMBOL: BTC-27SEP19-10500-P
	{'type': 'DDoSProtection', 'num_retries': 1, 'max_retries': 2} deribit https://cors-anywhere.herokuapp.com/https://www.deribit.com/api/v1/public/getsummary?instrument=BTC-27SEP19-10500-P GET 429 The origin "*" has sent too many requests.
	The number of requests is
	[DDoSProtection] deribit https://cors-anywhere.herokuapp.com/https://www.deribit.com/api/v1/public/getsummary?instrument=BTC-27SEP19-10500-P GET 429 The origin "*" has sent too many requests.
	The number of requests is [90m(explain @ run-tests.js:190)[39m
[22m[1m[7m[33m[39m[27m[22m
[22m[1m[7m[33mWARN[39m[27m [33mfybse[39m (PHP):[22m [90m(explain @ run-tests.js:188)[39m
[22m[1m[22m
	string(11) "./keys.json"
	EXCHANGE: fybse
	fybse 1 symbols: BTC/SEK
	SYMBOL: BTC/SEK
	fybse BTC/SEK fetching ticker...
	fybse BTC/SEK ticker: 2019-09-23T17:03:23.332Z high:  low:  bid: 105000 ask: 111000 volume: 
	fybse BTC/SEK fetching order book...
	fybse BTC/SEK order book:  bid: 105000 bidVolume: 0.17013524 ask: 111000 askVolume: 0.20475386
	BTC/SEK fetching trades...
	[Exchange Not Available] https://www.fybse.se/api/SEK/trades.json GET 404 <?xml version="1.0" encoding="iso-8859-1"?>
	<!DOCTYPE html PUBLIC "-//W3C//DTD XHTML 1.0 Transitional//EN"
	         "http://www.w3.org/TR/xhtml1/DTD/xhtml1-transitional.dtd">
	<html xmlns="http://www.w3.org/1999/xhtml" xml:lang="en" lang="en">
	 <head>
	  <title>404 - Not Found</title>
	 </head>
	 <body>
	  <h1>404 - Not Found</h1>
	 </body>
	</html>
	 (possible reasons: invalid API keys, bad or old nonce, exchange is down or offline, on maintenance, DDoS protection, rate-limiting in effect) (ignoring)
	fybse 1 symbols: BTC/SEK
	SYMBOL: BTC/SEK
	fybse BTC/SEK fetching ticker...
	fybse BTC/SEK ticker: 2019-09-23T17:03:30.954Z high:  low:  bid: 105000 ask: 111000 volume: 
	fybse BTC/SEK fetching order book...
	fybse BTC/SEK order book:  bid: 105000 bidVolume: 0.17013524 ask: 111000 askVolume: 0.20475386
	BTC/SEK fetching trades...
	[Exchange Not Available] https://cors-anywhere.herokuapp.com/https://www.fybse.se/api/SEK/trades.json GET 404 <?xml version="1.0" encoding="iso-8859-1"?>
	<!DOCTYPE html PUBLIC "-//W3C//DTD XHTML 1.0 Transitional//EN"
	         "http://www.w3.org/TR/xhtml1/DTD/xhtml1-transitional.dtd">
	<html xmlns="http://www.w3.org/1999/xhtml" xml:lang="en" lang="en">
	 <head>
	  <title>404 - Not Found</title>
	 </head>
	 <body>
	  <h1>404 - Not Found</h1>
	 </body>
	</html>
	 (possible reasons: invalid API keys, bad or old nonce, exchange is down or offline, on maintenance, DDoS protection, rate-limiting in effect) (ignoring) [90m(explain @ run-tests.js:190)[39m
[22m[1m[7m[33m[39m[27m[22m
[22m[1m[7m[33mWARN[39m[27m [33mgemini[39m (PHP):[22m [90m(explain @ run-tests.js:188)[39m
[22m[1m[22m
	string(11) "./keys.json"
	EXCHANGE: gemini
	[Exchange Not Available] https://docs.gemini.com/rest-api GET 200 not accessible from this location at the moment (possible reasons: exchange is down or offline, on maintenance, DDoS protection, rate-limiting in effect) (ignoring)
	[Exchange Not Available] https://cors-anywhere.herokuapp.com/https://docs.gemini.com/rest-api GET 200 not accessible from this location at the moment (possible reasons: exchange is down or offline, on maintenance, DDoS protection, rate-limiting in effect) (ignoring) [90m(explain @ run-tests.js:190)[39m
[22m[1m[7m[33m[39m[27m[22m
[22m[1m[7m[33mWARN[39m[27m [33mhitbtc[39m (PHP):[22m [90m(explain @ run-tests.js:188)[39m
[22m[1m[22m
	string(11) "./keys.json"
	EXCHANGE: hitbtc
	[Timeout Error] https://api.hitbtc.com/api/1/public/symbols GET 28 Operation timed out after 10001 milliseconds with 0 bytes received (ignoring)
	[Timeout Error] https://cors-anywhere.herokuapp.com/https://api.hitbtc.com/api/1/public/symbols GET 28 Operation timed out after 10000 milliseconds with 0 bytes received (ignoring) [90m(explain @ run-tests.js:190)[39m
[22m[1m[7m[33m[39m[27m[22m
[22m[1m[7m[33mWARN[39m[27m [33mgdax[39m (PHP):[22m [90m(explain @ run-tests.js:188)[39m
[22m[1m[22m
	string(11) "./keys.json"
	EXCHANGE: gdax
	[Exchange Not Available] https://api-public.sandbox.gdax.com/products GET 6 Could not resolve host: api-public.sandbox.gdax.com (ignoring)
	[Exchange Error] gdax Not found because of proxy error: Error: getaddrinfo ENOTFOUND api-public.sandbox.gdax.com (ignoring) [90m(explain @ run-tests.js:190)[39m
[22m[1m[7m[33m[39m[27m[22m
[22m[1m[7m[33mWARN[39m[27m [33mhuobiru[39m (Python 3):[22m [90m(explain @ run-tests.js:188)[39m
[22m[1m[22m
	[DDoSProtection] huobiru https://cors-anywhere.herokuapp.com/https://www.huobi.com.ru/api/market/detail/merged?symbol=btcusdt GET 429 The origin "*" has sent too many requests.
	The number of requests is limited to 200
	huobiru using proxy ``
	EXCHANGE: huobiru
	SYMBOL: BTC/USDT
	huobiru BTC/USDT ticker None high: 10072.0 low: 9690.0 bid: 9793.77 ask: 9794.61 volume: 10598742.546328975
	huobiru BTC/USDT order book 2019-09-23T20:29:27.035Z bid: 9793.77 bidVolume: 0.203664 ask: 9794.04 askVolume: 0.6424538970884334
	huobiru BTC/USDT fetched 1000 trades
	huobiru fetched all 219 tickers
	{'type': 'RequestTimeout', 'num_retries': 0, 'max_retries': 2} huobiru GET https://www.huobi.com.ru/api/market/history/kline?symbol=btcusdt&period=1min&size=10 
	huobiru using proxy `https://cors-anywhere.herokuapp.com/`
	EXCHANGE: huobiru
	SYMBOL: BTC/USDT
	{'type': 'DDoSProtection', 'num_retries': 1, 'max_retries': 2} huobiru https://cors-anywhere.herokuapp.com/https://www.huobi.com.ru/api/market/detail/merged?symbol=btcusdt GET 429 The origin "*" has sent too many requests.
	The number of requests is limited to 200
	[DDoSProtection] huobiru https://cors-anywhere.herokuapp.com/https://www.huobi.com.ru/api/market/detail/merged?symbol=btcusdt GET 429 The origin "*" has sent too many requests.
	The number of requests is limited to 200 [90m(explain @ run-tests.js:190)[39m
[22m[1m[7m[33m[39m[27m[22m
[22m[1m[7m[33mWARN[39m[27m [33mhuobipro[39m (JavaScript):[22m [90m(explain @ run-tests.js:188)[39m
[22m[1m[22m
	
	TESTING { exchange: "huobipro", symbol: "all" }  (<anonymous> @ test.js:33)
	
	545 symbols BTC/USDT, DASH/BTC, DOGE/BTC, ETH/BTC, LTC/BTC + more... (loadExchange @ test.js:186)
	SYMBOL: BTC/USDT (testExchange @ test.js:262)
	BTC/USDT fetchTicker undefined bid: 9820.92 ask: 9820.93 (printTickerOneLiner @ test.fetchTicker.js:16)
	failed to fetch all tickers, fetching multiple tickers at once... (exports [as fetchTickers] @ test.fetchTickers.js:40)
	[Exchange Not Available] huobipro GET https://api.huobi.pro/market/tickers system request to https://api.huobi.pro/market/tickers failed, reason: getaddrinfo EAI_AGAIN api.huobi.pro api.huobi.pro:443 (tryAllProxies @ test.js:394)
	545 symbols BTC/USDT, DASH/BTC, DOGE/BTC, ETH/BTC, LTC/BTC + more... (loadExchange @ test.js:186)
	SYMBOL: BTC/USDT (testExchange @ test.js:262)
	[Exchange Not Available] huobipro GET https://cors-anywhere.herokuapp.com/https://api.huobi.pro/market/detail/merged?symbol=btcusdt system request to https://cors-anywhere.herokuapp.com/https://api.huobi.pro/market/detail/mer (tryAllProxies @ test.js:394) [90m(explain @ run-tests.js:190)[39m
[22m[1m[7m[33m[39m[27m[22m
[22m[1m[7m[33mWARN[39m[27m [33mkuna[39m (PHP):[22m [90m(explain @ run-tests.js:188)[39m
[22m[1m[22m
	string(11) "./keys.json"
	EXCHANGE: kuna
	[Exchange Not Available] https://kuna.io/api/v2/tickers.json GET 6 Could not resolve host: kuna.io (ignoring)
	[Exchange Not Available] https://cors-anywhere.herokuapp.com/https://kuna.io/api/v2/tickers.json GET 6 Could not resolve host: cors-anywhere.herokuapp.com (ignoring) [90m(explain @ run-tests.js:190)[39m
[22m[1m[7m[33m[39m[27m[22m
[22m[1m[7m[33mWARN[39m[27m [33mkkex[39m (JavaScript):[22m [90m(explain @ run-tests.js:188)[39m
[22m[1m[22m
	
	TESTING { exchange: "kkex", symbol: "all" }  (<anonymous> @ test.js:33)
	
	8 symbols ETH/BTC + more... (loadExchange @ test.js:186)
	SYMBOL: ETH/BTC (testExchange @ test.js:262)
	fetching currencies not supported (exports [as fetchCurrencies] @ test.fetchCurrencies.js:35)
	ETH/BTC fetchTicker 2019-09-23T20:29:27.000Z bid: 0.01688 ask: 0.02451 (printTickerOneLiner @ test.fetchTicker.js:16)
	fetched all 8 tickers (exports [as fetchTickers] @ test.fetchTickers.js:36)
	ETH/BTC fetched 0 OHLCVs (exports [as fetchOHLCV] @ test.fetchOHLCV.js:47)
	[Exchange Not Available] kkex GET https://kkex.com/api/v1/trades?symbol=ETHBTC system request to https://kkex.com/api/v1/trades?symbol=ETHBTC failed, reason: Client network socket disconnected before secure TLS connection was (tryAllProxies @ test.js:394)
	8 symbols ETH/BTC + more... (loadExchange @ test.js:186)
	SYMBOL: ETH/BTC (testExchange @ test.js:262)
	fetching currencies not supported (exports [as fetchCurrencies] @ test.fetchCurrencies.js:35)
	ETH/BTC fetchTicker 2019-09-23T21:19:51.000Z bid: 0.01688 ask: 0.02451 (printTickerOneLiner @ test.fetchTicker.js:16)
	fetched all 8 tickers (exports [as fetchTickers] @ test.fetchTickers.js:36)
	ETH/BTC fetched 0 OHLCVs (exports [as fetchOHLCV] @ test.fetchOHLCV.js:47)
	ETH/BTC fetched 599 trades (exports [as fetchTrades] @ test.fetchTrades.js:31)
	ETH/BTC fetchOrderBook undefined bid: 0.01688 bidVolume: 0.8982 ask: 0.02451 askVolume: 0.99 (printOrderBookOneLiner @ test.orderbook.js:18)
	ETH/BTC fetchL2OrderBook undefined bid: 0.01688 bidVolume: 0.8982 ask: 0.02451 askVolume: 0.99 (printOrderBookOneLiner @ test.orderbook.js:18)
	fetchOrderBooks() not supported (exports [as fetchOrderBooks] @ test.fetchOrderBooks.js:43) [90m(explain @ run-tests.js:190)[39m
[22m[1m[7m[33m[39m[27m[22m
[22m[1m[7m[33mWARN[39m[27m [33mkkex[39m (Python):[22m [90m(explain @ run-tests.js:188)[39m
[22m[1m[22m
	[ExchangeError] GET https://cors-anywhere.herokuapp.com/https://kkex.com/api/v1/tickers?
	kkex using proxy ``
	EXCHANGE: kkex
	SYMBOL: ETH/BTC
	kkex ETH/BTC ticker 2019-09-23T21:20:11.000Z high: 0.02083 low: 0.01478 bid: 0.01688 ask: 0.02451 volume: None
	({'num_retries': 0, 'max_retries': 2, 'type': 'RequestTimeout'}, 'GET https://kkex.com/api/v1/depth?symbol=ETHBTC')
	kkex using proxy `https://cors-anywhere.herokuapp.com/`
	EXCHANGE: kkex
	SYMBOL: ETH/BTC
	kkex ETH/BTC ticker 2019-09-23T22:17:36.000Z high: 0.02083 low: 0.01478 bid: 0.01688 ask: 0.02451 volume: None
	kkex ETH/BTC order book None bid: 0.01688 bidVolume: 0.8982 ask: 0.02451 askVolume: 0.99
	kkex ETH/BTC fetched 599 trades
	kkex failed to fetch all tickers, fetching multiple tickers at once...
	({'num_retries': 1, 'max_retries': 2, 'type': 'ExchangeError'}, 'GET https://cors-anywhere.herokuapp.com/https://kkex.com/api/v1/tickers?')
	[ExchangeError] GET https://cors-anywhere.herokuapp.com/https://kkex.com/api/v1/tickers? [90m(explain @ run-tests.js:190)[39m
[22m[1m[7m[33m[39m[27m[22m
[22m[1m[7m[33mWARN[39m[27m [33mkkex[39m (Python 2):[22m [90m(explain @ run-tests.js:188)[39m
[22m[1m[22m
	[ExchangeError] GET https://cors-anywhere.herokuapp.com/https://kkex.com/api/v1/tickers?
	kkex using proxy ``
	({'num_retries': 0, 'max_retries': 2, 'type': 'ExchangeError'}, 'GET https://kkex.com/api/v1/tickers?')
	kkex using proxy `https://cors-anywhere.herokuapp.com/`
	({'num_retries': 1, 'max_retries': 2, 'type': 'ExchangeError'}, 'GET https://cors-anywhere.herokuapp.com/https://kkex.com/api/v1/tickers?')
	[ExchangeError] GET https://cors-anywhere.herokuapp.com/https://kkex.com/api/v1/tickers? [90m(explain @ run-tests.js:190)[39m
[22m[1m[7m[33m[39m[27m[22m
[22m[1m[7m[33mWARN[39m[27m [33mkkex[39m (Python 3):[22m [90m(explain @ run-tests.js:188)[39m
[22m[1m[22m
	[ExchangeNotAvailable] kkex https://cors-anywhere.herokuapp.com/https://kkex.com/api/v1/tickers? GET Cannot connect to host cors-anywhere.herokuapp.com:443 ssl:None [Name or service not known]
	kkex using proxy ``
	{'type': 'ExchangeNotAvailable', 'num_retries': 0, 'max_retries': 2} kkex https://kkex.com/api/v1/tickers? GET Cannot connect to host kkex.com:443 ssl:None [Name or service not known]
	kkex using proxy `https://cors-anywhere.herokuapp.com/`
	{'type': 'ExchangeNotAvailable', 'num_retries': 1, 'max_retries': 2} kkex https://cors-anywhere.herokuapp.com/https://kkex.com/api/v1/tickers? GET Cannot connect to host cors-anywhere.herokuapp.com:443 ssl:None [Name or service not known]
	[ExchangeNotAvailable] kkex https://cors-anywhere.herokuapp.com/https://kkex.com/api/v1/tickers? GET Cannot connect to host cors-anywhere.herokuapp.com:443 ssl:None [Name or service not known] [90m(explain @ run-tests.js:190)[39m
[22m[1m[7m[33m[39m[27m[22m
[22m[1m[7m[33mWARN[39m[27m [33mkucoin2[39m (Python):[22m [90m(explain @ run-tests.js:188)[39m
[22m[1m[22m
	[ExchangeError] GET https://cors-anywhere.herokuapp.com/https://openapi-v2.kucoin.com/api/v1/currencies
	kucoin2 using proxy ``
	({'num_retries': 0, 'max_retries': 2, 'type': 'ExchangeError'}, 'GET https://openapi-v2.kucoin.com/api/v1/currencies')
	kucoin2 using proxy `https://cors-anywhere.herokuapp.com/`
	({'num_retries': 1, 'max_retries': 2, 'type': 'ExchangeError'}, 'GET https://cors-anywhere.herokuapp.com/https://openapi-v2.kucoin.com/api/v1/currencies')
	[ExchangeError] GET https://cors-anywhere.herokuapp.com/https://openapi-v2.kucoin.com/api/v1/currencies [90m(explain @ run-tests.js:190)[39m
[22m[1m[7m[33m[39m[27m[22m
[22m[1m[7m[33mWARN[39m[27m [33mkucoin2[39m (Python 2):[22m [90m(explain @ run-tests.js:188)[39m
[22m[1m[22m
	[ExchangeError] GET https://cors-anywhere.herokuapp.com/https://openapi-v2.kucoin.com/api/v1/currencies
	kucoin2 using proxy ``
	({'num_retries': 0, 'max_retries': 2, 'type': 'ExchangeError'}, 'GET https://openapi-v2.kucoin.com/api/v1/currencies')
	kucoin2 using proxy `https://cors-anywhere.herokuapp.com/`
	({'num_retries': 1, 'max_retries': 2, 'type': 'ExchangeError'}, 'GET https://cors-anywhere.herokuapp.com/https://openapi-v2.kucoin.com/api/v1/currencies')
	[ExchangeError] GET https://cors-anywhere.herokuapp.com/https://openapi-v2.kucoin.com/api/v1/currencies [90m(explain @ run-tests.js:190)[39m
[22m[1m[7m[33m[39m[27m[22m
[22m[1m[7m[33mWARN[39m[27m [33mkucoin2[39m (Python 3):[22m [90m(explain @ run-tests.js:188)[39m
[22m[1m[22m
	[ExchangeNotAvailable] kucoin2 https://cors-anywhere.herokuapp.com/https://openapi-v2.kucoin.com/api/v1/symbols GET Cannot connect to host cors-anywhere.herokuapp.com:443 ssl:None [Name or service not known]
	kucoin2 using proxy ``
	{'type': 'ExchangeNotAvailable', 'num_retries': 0, 'max_retries': 2} kucoin2 https://openapi-v2.kucoin.com/api/v1/symbols GET Cannot connect to host openapi-v2.kucoin.com:443 ssl:None [Name or service not known]
	kucoin2 using proxy `https://cors-anywhere.herokuapp.com/`
	{'type': 'ExchangeNotAvailable', 'num_retries': 1, 'max_retries': 2} kucoin2 https://cors-anywhere.herokuapp.com/https://openapi-v2.kucoin.com/api/v1/symbols GET Cannot connect to host cors-anywhere.herokuapp.com:443 ssl:None [Name or service not known]
	[ExchangeNotAvailable] kucoin2 https://cors-anywhere.herokuapp.com/https://openapi-v2.kucoin.com/api/v1/symbols GET Cannot connect to host cors-anywhere.herokuapp.com:443 ssl:None [Name or service not known] [90m(explain @ run-tests.js:190)[39m
[22m[1m[7m[33m[39m[27m[22m
[22m[1m[7m[33mWARN[39m[27m [33mkraken[39m (JavaScript):[22m [90m(explain @ run-tests.js:188)[39m
[22m[1m[22m
	
	TESTING { exchange: "kraken", symbol: "all" }  (<anonymous> @ test.js:33)
	
	98 symbols BTC/EUR, BTC/JPY, BTC/USD, DASH/BTC, DOGE/BTC, ETH/BTC, ETH/EUR, ETH/JPY, LTC/BTC + more... (loadExchange @ test.js:186)
	SYMBOL: BTC/USD (testExchange @ test.js:262)
	[Exchange Not Available] kraken GET https://api.kraken.com/0/public/Assets system request to https://api.kraken.com/0/public/Assets failed, reason: connect ECONNREFUSED 104.16.215.191:443 (tryAllProxies @ test.js:394)
	98 symbols BTC/EUR, BTC/JPY, BTC/USD, DASH/BTC, DOGE/BTC, ETH/BTC, ETH/EUR, ETH/JPY, LTC/BTC + more... (loadExchange @ test.js:186)
	SYMBOL: BTC/USD (testExchange @ test.js:262)
	BTC/USD fetchTicker 2019-09-23T22:14:10.655Z bid: 9683.1 ask: 9687.1 (printTickerOneLiner @ test.fetchTicker.js:16)
	fetched all 87 tickers (exports [as fetchTickers] @ test.fetchTickers.js:36)
	[Request Timeout] kraken GET https://cors-anywhere.herokuapp.com/https://api.kraken.com/0/public/OHLC?pair=XXBTZUSD&interval=1&since=1569276254 request timed out (20000 ms) (tryAllProxies @ test.js:392) [90m(explain @ run-tests.js:190)[39m
[22m[1m[7m[33m[39m[27m[22m
[22m[1m[7m[33mWARN[39m[27m [33mokcoincny[39m (PHP):[22m [90m(explain @ run-tests.js:188)[39m
[22m[1m[22m
	string(11) "./keys.json"
	EXCHANGE: okcoincny
	okcoincny 5 symbols: BTC/CNY, LTC/CNY, ETH/CNY, ETC/CNY, BCH/CNY
	SYMBOL: BTC/CNY
	okcoincny BTC/CNY fetching ticker...
	[Exchange Not Available] https://www.okcoin.cn/api/v1/ticker.do?symbol=btc_cny GET 403 <html>
	<head><title>403 Forbidden</title></head>
	<body bgcolor="white">
	<center><h1>403 Forbidden</h1></center>
	<hr><center>nginx</center>
	</body>
	</html>
	 (possible reasons: invalid API keys, bad or old nonce, exchange is down or offline, on maintenance, DDoS protection, rate-limiting in effect) (ignoring)
	okcoincny 5 symbols: BTC/CNY, LTC/CNY, ETH/CNY, ETC/CNY, BCH/CNY
	SYMBOL: BTC/CNY
	okcoincny BTC/CNY fetching ticker...
	[Exchange Not Available] https://cors-anywhere.herokuapp.com/https://www.okcoin.cn/api/v1/ticker.do?symbol=btc_cny GET 403 <html>
	<head><title>403 Forbidden</title></head>
	<body bgcolor="white">
	<center><h1>403 Forbidden</h1></center>
	<hr><center>nginx</center>
	</body>
	</html>
	 (possible reasons: invalid API keys, bad or old nonce, exchange is down or offline, on maintenance, DDoS protection, rate-limiting in effect) (ignoring) [90m(explain @ run-tests.js:190)[39m
[22m[1m[7m[33m[39m[27m[22m
[22m[1m[7m[33mWARN[39m[27m [33mrightbtc[39m (PHP):[22m [90m(explain @ run-tests.js:188)[39m
[22m[1m[22m
	string(11) "./keys.json"
	EXCHANGE: rightbtc
	rightbtc 20 symbols: ABBC/BTC, ABBC/USDT, BCH/BTC, BCH/USDT, BTC/USDT, DNA/BTC, DNA/ETH, DNA/USDT, ETH/BTC, ETH/USDT, ETP/BTC, ETP/ETH, ETP/USDT, LTC/BTC, LTC/USDT, RT/ETH, XRP/BTC, XRP/USDT, ZDC/ETH, ZGC/ETH
	SYMBOL: ETH/BTC
	rightbtc ETH/BTC fetching ticker...
	rightbtc ETH/BTC ticker: 2019-09-24T02:52:28.081Z high: 0.021328 low: 0.020569 bid: 0.020717 ask: 0.020749 volume: 
	rightbtc ETH/BTC fetching order book...
	[Exchange Not Available] https://www.rightbtc.com/api/public/depth/ETHBTC GET 404 Not Found (possible reasons: invalid API keys, bad or old nonce, exchange is down or offline, on maintenance, DDoS protection, rate-limiting in effect) (ignoring)
	rightbtc 20 symbols: ABBC/BTC, ABBC/USDT, BCH/BTC, BCH/USDT, BTC/USDT, DNA/BTC, DNA/ETH, DNA/USDT, ETH/BTC, ETH/USDT, ETP/BTC, ETP/ETH, ETP/USDT, LTC/BTC, LTC/USDT, RT/ETH, XRP/BTC, XRP/USDT, ZDC/ETH, ZGC/ETH
	SYMBOL: ETH/BTC
	rightbtc ETH/BTC fetching ticker...
	rightbtc ETH/BTC ticker: 2019-09-24T02:52:33.490Z high: 0.021328 low: 0.020569 bid: 0.020717 ask: 0.020749 volume: 
	rightbtc ETH/BTC fetching order book...
	[Exchange Not Available] https://cors-anywhere.herokuapp.com/https://www.rightbtc.com/api/public/depth/ETHBTC GET 404 Not Found (possible reasons: invalid API keys, bad or old nonce, exchange is down or offline, on maintenance, DDoS protection, rate-limiting in effect) (ignoring) [90m(explain @ run-tests.js:190)[39m
[22m[1m[7m[33m[39m[27m[22m
[22m[1m[7m[33mWARN[39m[27m [33mvaultoro[39m (PHP):[22m [90m(explain @ run-tests.js:188)[39m
[22m[1m[22m
	string(11) "./keys.json"
	EXCHANGE: vaultoro
	vaultoro 1 symbols: Gold/BTC
	SYMBOL: Gold/BTC
	vaultoro Gold/BTC fetching ticker...
	[Not Supported] vaultoro fetchTicker not supported yet (ignoring)
	vaultoro 1 symbols: Gold/BTC
	SYMBOL: Gold/BTC
	vaultoro Gold/BTC fetching ticker...
	[Not Supported] vaultoro fetchTicker not supported yet (ignoring) [90m(explain @ run-tests.js:190)[39m
[22m[1m[7m[33m[39m[27m[22m
[22m[1m[7m[33mWARN[39m[27m [33mxbtce[39m (PHP):[22m [90m(explain @ run-tests.js:188)[39m
[22m[1m[22m
	string(11) "./keys.json"
	EXCHANGE: xbtce
	[Authentication Error] xbtce requires apiKey for all requests, their public API is always busy (ignoring)
	[Authentication Error] xbtce requires apiKey for all requests, their public API is always busy (ignoring) [90m(explain @ run-tests.js:190)[39m
[22m[1m[97m[101m[49m[39m[22m
[22m[1m[97m[101mFAILED[49m[39m [31madara[39m (Python 3):[22m [90m(explain @ run-tests.js:187)[39m
[22m[1m[22m
	 [90m(explain @ run-tests.js:190)[39m
[22m[1m[7m[33m[39m[27m[22m
[22m[1m[7m[33mWARN[39m[27m [33madara[39m (PHP):[22m [90m(explain @ run-tests.js:188)[39m
[22m[1m[22m
	string(11) "./keys.json"
	EXCHANGE: adara
	adara 18 symbols: XRP/TUSD, XRP/ETH, XRP/BTC, XLM/TUSD, XLM/ETH, XLM/BTC, LTC/TUSD, LTC/ETH, LTC/BTC, ETH/TUSD, ETH/BTC, EOS/TUSD, EOS/ETH, EOS/BTC, BTC/TUSD, BCH/TUSD, BCH/ETH, BCH/BTC
	SYMBOL: BCH/BTC
	adara BCH/BTC fetching ticker...
	[Exchange Error] adara {"errors":[{"status":"404","title":"Not Found","detail":"Quote is not found","source":{"parameter":"id"},"meta":{"errorCode":7040}}]} (ignoring)
	adara 18 symbols: XRP/TUSD, XRP/ETH, XRP/BTC, XLM/TUSD, XLM/ETH, XLM/BTC, LTC/TUSD, LTC/ETH, LTC/BTC, ETH/TUSD, ETH/BTC, EOS/TUSD, EOS/ETH, EOS/BTC, BTC/TUSD, BCH/TUSD, BCH/ETH, BCH/BTC
	SYMBOL: BCH/BTC
	adara BCH/BTC fetching ticker...
	[Exchange Not Available] https://cors-anywhere.herokuapp.com/https://api.adara.io/v1/quote/BCHBTC GET 500 <!DOCTYPE html>
	<html lang="en">
	<head>
	<meta charset="utf-8">
	<title>Error</title>
	</head>
	<body>
	<pre>Internal Server Error</pre>
	</body>
	</html>
	 (possible reasons: invalid API keys, bad or old nonce, exchange is down or offline, on maintenance, DDoS protection, rate-limiting in effect) (ignoring) [90m(explain @ run-tests.js:190)[39m
[22m[1m[97m[101m[49m[39m[22m
[22m[1m[97m[101mFAILED[49m[39m [31mbequant[39m (Python 3):[22m [90m(explain @ run-tests.js:187)[39m
[22m[1m[22m
	 [90m(explain @ run-tests.js:190)[39m
[22m[1m[97m[101m[49m[39m[22m
[22m[1m[97m[101mFAILED[49m[39m [31mbinanceus[39m (JavaScript):[22m [90m(explain @ run-tests.js:187)[39m
[22m[1m[22m
	
	TESTING { exchange: "binanceus", symbol: "all" }  (<anonymous> @ test.js:33)
	
	[AssertionError] .symbols.length <= 0 (less than or equal to zero)
	
	    actual:   null
	    expected: undefined
	
	    at loadExchange               js/test/test.js:152                 assert (exchange.symbols.length > 0, '.symbols.length <= 0 (less than or equal …
	    at processTicksAndRejections  internal/process/task_queues.js:86                                                                                   (e @ test.js:29) [90m(explain @ run-tests.js:190)[39m
	
[22m[1m[97m[101m[49m[39m[22m
[22m[1m[97m[101mFAILED[49m[39m [31mbinanceus[39m (Python):[22m [90m(explain @ run-tests.js:187)[39m
[22m[1m[22m
	<type 'exceptions.IndexError'> list index out of range 
	
	  File "python/test/test.py", line 419, in <module>
	    main()
	
	  File "python/test/test.py", line 406, in main
	    try_all_proxies(exchange, proxies)
	
	  File "python/test/test.py", line 345, in try_all_proxies
	    test_exchange(exchange)
	
	  File "python/test/test.py", line 262, in test_exchange
	    symbol = keys[0] [90m(explain @ run-tests.js:190)[39m
[22m[1m[97m[101m[49m[39m[22m
[22m[1m[97m[101mFAILED[49m[39m [31mbinanceus[39m (Python 2):[22m [90m(explain @ run-tests.js:187)[39m
[22m[1m[22m
	<type 'exceptions.IndexError'> list index out of range 
	
	  File "python/test/test.py", line 419, in <module>
	    main()
	
	  File "python/test/test.py", line 406, in main
	    try_all_proxies(exchange, proxies)
	
	  File "python/test/test.py", line 345, in try_all_proxies
	    test_exchange(exchange)
	
	  File "python/test/test.py", line 262, in test_exchange
	    symbol = keys[0] [90m(explain @ run-tests.js:190)[39m
[22m[1m[97m[101m[49m[39m[22m
[22m[1m[97m[101mFAILED[49m[39m [31mbinanceus[39m (Python 3):[22m [90m(explain @ run-tests.js:187)[39m
[22m[1m[22m
	 [90m(explain @ run-tests.js:190)[39m
[22m[1m[7m[33m[39m[27m[22m
[22m[1m[7m[33mWARN[39m[27m [33mbinanceus[39m (PHP):[22m [90m(explain @ run-tests.js:188)[39m
[22m[1m[22m
	string(11) "./keys.json"
	EXCHANGE: binanceus
	binanceus 0 symbols: 
	SYMBOL: 
	binanceus  fetching ticker...
	[Exchange Error] binanceus does not have market symbol  (ignoring)
	binanceus 0 symbols: 
	SYMBOL: 
	binanceus  fetching ticker...
	[Exchange Error] binanceus does not have market symbol  (ignoring) [90m(explain @ run-tests.js:190)[39m
[22m[1m[97m[101m[49m[39m[22m
[22m[1m[97m[101mFAILED[49m[39m [31mbinanceje[39m (Python 3):[22m [90m(explain @ run-tests.js:187)[39m
[22m[1m[22m
	 [90m(explain @ run-tests.js:190)[39m
[22m[1m[97m[101m[49m[39m[22m
[22m[1m[97m[101mFAILED[49m[39m [31mbitflyer[39m (Python 3):[22m [90m(explain @ run-tests.js:187)[39m
[22m[1m[22m
	bitflyer using proxy ``
	EXCHANGE: bitflyer
	SYMBOL: BTC/USD
	bitflyer BTC/USD ticker 2019-09-23T10:13:29.092Z high: None low: None bid: 9934.8 ask: 9946.1 volume: None
	bitflyer BTC/USD order book None bid: 9934.8 bidVolume: 0.01 ask: 9946.1 askVolume: 0.01
	bitflyer BTC/USD fetched 100 trades [90m(explain @ run-tests.js:190)[39m
[22m[1m[97m[101m[49m[39m[22m
[22m[1m[97m[101mFAILED[49m[39m [31mbitmart[39m (Python 3):[22m [90m(explain @ run-tests.js:187)[39m
[22m[1m[22m
	 [90m(explain @ run-tests.js:190)[39m
[22m[1m[97m[101m[49m[39m[22m
[22m[1m[97m[101mFAILED[49m[39m [31mbitopro[39m (Python 3):[22m [90m(explain @ run-tests.js:187)[39m
[22m[1m[22m
	bitopro using proxy ``
	EXCHANGE: bitopro
	SYMBOL: BTC/USDT
	bitopro BTC/USDT ticker 2019-09-23T10:14:38.837Z high: 10020.0 low: 9931.15 bid: None ask: None volume: None
	bitopro BTC/USDT order book 2019-09-23T10:14:39.840Z bid: 9915.91 bidVolume: 0.01 ask: 9975.45 askVolume: 0.0292
	bitopro BTC/USDT fetched 100 trades
	bitopro fetched all 41 tickers [90m(explain @ run-tests.js:190)[39m
[22m[1m[7m[33m[39m[27m[22m
[22m[1m[7m[33mWARN[39m[27m [33mbitopro[39m (PHP):[22m [90m(explain @ run-tests.js:188)[39m
[22m[1m[22m
	string(11) "./keys.json"
	EXCHANGE: bitopro
	PHP Warning:  strtoupper() expects parameter 1 to be string, array given in /ccxt/php/bitopro.php on line 276
	PHP Warning:  strtoupper() expects parameter 1 to be string, array given in /ccxt/php/bitopro.php on line 276
	PHP Warning:  strtoupper() expects parameter 1 to be string, array given in /ccxt/php/bitopro.php on line 276
	PHP Warning:  strtoupper() expects parameter 1 to be string, array given in /ccxt/php/bitopro.php on line 276
	PHP Warning:  strtoupper() expects parameter 1 to be string, array given in /ccxt/php/bitopro.php on line 276
	PHP Warning:  strtoupper() expects parameter 1 to be string, array given in /ccxt/php/bitopro.php on line 276
	PHP Warning:  strtoupper() expects parameter 1 to be string, array given in /ccxt/php/bitopro.php on line 276
	PHP Warning:  strtoupper() expects parameter 1 to be string, array given in /ccxt/php/bitopro.php on line 276
	PHP Warning:  strtoupper() expects parameter 1 to be string, array given in /ccxt/php/bitopro.php on line 276
	PHP Warning:  strtoupper() expects parameter 1 to be string, array given in /ccxt/php/bitopro.php on line 276
	PHP Warning:  strtoupper() expects parameter 1 to be string, array given in /ccxt/php/bitopro.php on line 276
	PHP Warning:  strtoupper() expects parameter 1 to be string, array given in /ccxt/php/bitopro.php on line 276
	PHP Warning:  strtoupper() expects parameter 1 to be string, array given in /ccxt/php/bitopro.php on line 276
	PHP Warning:  strtoupper() expects parameter 1 to be string, array given in /ccxt/php/bitopro.php on line 276
	PHP Warning:  strtoupper() expects parameter 1 to be string, array given in /ccxt/php/bitopro.php on line 276
	PHP Warning:  strtoupper() expects parameter 1 to be string, array given in /ccxt/php/bitopro.php on line 276
	PHP Warning:  strtoupper() expects parameter 1 to be string, array given in /ccxt/php/bitopro.php on line 276
	PHP Warning:  strtoupper() expects parameter 1 to be string, array given in /ccxt/php/bitopro.php on line 276
	PHP Warning:  strtoupper() expects parameter 1 to be string, array given in /ccxt/php/bitopro.php on line 276
	PHP Warning:  strtoupper() expects parameter 1 to be string, array given in /ccxt/php/bitopro.php on line 276
	PHP Warning:  strtoupper() expects parameter 1 to be string, array given in /ccxt/php/bitopro.php on line 276
	PHP Warning:  strtoupper() expects parameter 1 to be string, array given in /ccxt/php/bitopro.php on line 276
	PHP Warning:  strtoupper() expects parameter 1 to be string, array given in /ccxt/php/bitopro.php on line 276
	PHP Warning:  strtoupper() expects parameter 1 to be string, array given in /ccxt/php/bitopro.php on line 276
	PHP Warning:  strtoupper() expects parameter 1 to be string, array given in /ccxt/php/bitopro.php on line 276
	PHP Warning:  strtoupper() expects parameter 1 to be string, array given in /ccxt/php/bitopro.php on line 276
	PHP Warning:  strtoupper() expects parameter 1 to be string, array given in /ccxt/php/bitopro.php on line 276
	PHP Warning:  strtoupper() expects parameter 1 to be string, array given in /ccxt/php/bitopro.php on line 276
	PHP Warning:  strtoupper() expects parameter 1 to be string, array given in /ccxt/php/bitopro.php on line 276
	PHP Warning:  strtoupper() expects parameter 1 to be string, array given in /ccxt/php/bitopro.php on line 276
	PHP Warning:  strtoupper() expects parameter 1 to be string, array given in /ccxt/php/bitopro.php on line 276
	PHP Warning:  strtoupper() expects parameter 1 to be string, array given in /ccxt/php/bitopro.php on line 276
	PHP Warning:  strtoupper() expects parameter 1 to be string, array given in /ccxt/php/bitopro.php on line 276
	PHP Warning:  strtoupper() expects parameter 1 to be string, array given in /ccxt/php/bitopro.php on line 276
	PHP Warning:  strtoupper() expects parameter 1 to be string, array given in /ccxt/php/bitopro.php on line 276
	PHP Warning:  strtoupper() expects parameter 1 to be string, array given in /ccxt/php/bitopro.php on line 276
	PHP Warning:  strtoupper() expects parameter 1 to be string, array given in /ccxt/php/bitopro.php on line 276
	PHP Warning:  strtoupper() expects parameter 1 to be string, array given in /ccxt/php/bitopro.php on line 276
	PHP Warning:  strtoupper() expects parameter 1 to be string, array given in /ccxt/php/bitopro.php on line 276
	PHP Warning:  strtoupper() expects parameter 1 to be string, array given in /ccxt/php/bitopro.php on line 276
	PHP Warning:  strtoupper() expects parameter 1 to be string, array given in /ccxt/php/bitopro.php on line 276
	PHP Notice:  Undefined offset: 1 in /ccxt/php/bitopro.php on line 143
	PHP Notice:  Undefined index:  in /ccxt/php/bitopro.php on line 144
	bitopro 41 symbols: XEM/ETH, BTG/TWD, LTC/TWD, CGP/TWD, BTC/TWD, BCH/ETH, BCH/BTC, BTG/ETH, BTG/USDT, NPXS/ETH, LTC/ETH, XEM/USDT, BTC/USDT, BCH/USDT, XEM/BTC, QNTU/ETH, XEM/TWD, PANDA/ETH, BITO/TWD, ETH/BTC, TRX/TWD, BITO/BTC, BITO/USDT, BNB/TWD, PANDA/TWD, BNB/USDT, RPC/TWD, RPC/ETH, ETH/USDT, ETH/TWD, SDA/TWD, MITH/TWD, BCH/TWD, BCHSV/TWD, LTC/BTC, BITO/ETH, USDT/TWD, XRP/TWD, LTC/USDT, TWDT/ETH, BCD/TWD
	SYMBOL: ETH/BTC
	bitopro ETH/BTC fetching ticker...
	PHP Warning:  strtoupper() expects parameter 1 to be string, array given in /ccxt/php/bitopro.php on line 276
	bitopro ETH/BTC ticker: 2019-09-23T10:14:45.574Z high: 0.021295 low: 0.020782 bid:  ask:  volume: 
	bitopro ETH/BTC fetching order book...
	bitopro ETH/BTC order book: 2019-09-23T10:14:46.574Z bid: 0.021158 bidVolume: 0.60385251 ask: 0.02116 askVolume: 0.34403696
	ETH/BTC fetching trades...
	ETH/BTC fetched 100 trades [90m(explain @ run-tests.js:190)[39m
[22m[1m[97m[101m[49m[39m[22m
[22m[1m[97m[101mFAILED[49m[39m [31mbitstamp[39m (Python 3):[22m [90m(explain @ run-tests.js:187)[39m
[22m[1m[22m
	bitstamp using proxy ``
	EXCHANGE: bitstamp
	SYMBOL: BTC/USD
	bitstamp BTC/USD ticker 2019-09-23T10:14:52.000Z high: 10080.0 low: 9864.3 bid: 9920.25 ask: 9930.4 volume: 28613372.566498365
	bitstamp BTC/USD order book 2019-09-23T10:14:54.000Z bid: 9920.25 bidVolume: 0.0869202 ask: 9930.4 askVolume: 9.77468969
	bitstamp BTC/USD fetched 458 trades [90m(explain @ run-tests.js:190)[39m
[22m[1m[97m[101m[49m[39m[22m
[22m[1m[97m[101mFAILED[49m[39m [31mbitstamp1[39m (Python 3):[22m [90m(explain @ run-tests.js:187)[39m
[22m[1m[22m
	bitstamp1 using proxy ``
	EXCHANGE: bitstamp1
	SYMBOL: BTC/USD
	bitstamp1 BTC/USD ticker 2019-09-23T10:15:09.000Z high: 10080.0 low: 9864.3 bid: 9920.27 ask: 9930.4 volume: 28592512.161186084
	bitstamp1 BTC/USD order book 2019-09-23T10:15:12.000Z bid: 9920.27 bidVolume: 2.0843982 ask: 9930.4 askVolume: 9.75499937
	bitstamp1 BTC/USD fetched 100 trades [90m(explain @ run-tests.js:190)[39m
[22m[1m[97m[101m[49m[39m[22m
[22m[1m[97m[101mFAILED[49m[39m [31mbtcbox[39m (Python 3):[22m [90m(explain @ run-tests.js:187)[39m
[22m[1m[22m
	btcbox using proxy ``
	EXCHANGE: btcbox
	SYMBOL: BTC/JPY
	btcbox BTC/JPY ticker 2019-09-23T10:15:50.237Z high: 1085570.0 low: 1064166.0 bid: 1066947.0 ask: 1067095.0 volume: None
	btcbox BTC/JPY order book None bid: 1066947.0 bidVolume: 0.0245 ask: 1067095.0 askVolume: 0.1956
	btcbox BTC/JPY fetched 100 trades [90m(explain @ run-tests.js:190)[39m
[22m[1m[7m[33m[39m[27m[22m
[22m[1m[7m[33mWARN[39m[27m [33mcoincheck[39m (Python 2):[22m [90m(explain @ run-tests.js:188)[39m
[22m[1m[22m
	[RequestTimeout] GET https://cors-anywhere.herokuapp.com/https://coincheck.com/api/ticker
	coincheck using proxy ``
	EXCHANGE: coincheck
	SYMBOL: BTC/JPY
	coincheck BTC/JPY ticker 2019-09-23T11:12:46.000Z high: 1086994.0 low: 1063972.0 bid: 1066988.0 ask: 1067335.0 volume: None
	({'num_retries': 0, 'max_retries': 2, 'type': 'RequestTimeout'}, 'GET https://coincheck.com/api/order_books')
	coincheck using proxy `https://cors-anywhere.herokuapp.com/`
	EXCHANGE: coincheck
	SYMBOL: BTC/JPY
	({'num_retries': 1, 'max_retries': 2, 'type': 'RequestTimeout'}, 'GET https://cors-anywhere.herokuapp.com/https://coincheck.com/api/ticker')
	[RequestTimeout] GET https://cors-anywhere.herokuapp.com/https://coincheck.com/api/ticker [90m(explain @ run-tests.js:190)[39m
[22m[1m[97m[101m[49m[39m[22m
[22m[1m[97m[101mFAILED[49m[39m [31mcoincheck[39m (Python 3):[22m [90m(explain @ run-tests.js:187)[39m
[22m[1m[22m
	coincheck using proxy ``
	EXCHANGE: coincheck
	SYMBOL: BTC/JPY
	coincheck BTC/JPY ticker 2019-09-23T12:03:15.000Z high: 1086994.0 low: 1063944.0 bid: 1065703.0 ask: 1066918.0 volume: None
	coincheck BTC/JPY order book None bid: 1065832.0 bidVolume: 0.2269 ask: 1066862.0 askVolume: 0.05406
	coincheck BTC/JPY fetched 10 trades [90m(explain @ run-tests.js:190)[39m
[22m[1m[97m[101m[49m[39m[22m
[22m[1m[97m[101mFAILED[49m[39m [31mcoinone[39m (Python 3):[22m [90m(explain @ run-tests.js:187)[39m
[22m[1m[22m
	coinone using proxy ``
	EXCHANGE: coinone
	SYMBOL: BCH/KRW
	coinone BCH/KRW ticker 2019-09-23T13:15:01.918Z high: 366800.0 low: 359250.0 bid: None ask: None volume: None
	coinone BCH/KRW order book None bid: 360700.0 bidVolume: 0.4029 ask: 361100.0 askVolume: 7.632
	coinone BCH/KRW fetched 200 trades
	coinone fetched all 15 tickers [90m(explain @ run-tests.js:190)[39m
[22m[1m[97m[101m[49m[39m[22m
[22m[1m[97m[101mFAILED[49m[39m [31mcoinfloor[39m (Python 3):[22m [90m(explain @ run-tests.js:187)[39m
[22m[1m[22m
	coinfloor using proxy ``
	EXCHANGE: coinfloor
	SYMBOL: BTC/USD
	coinfloor BTC/USD ticker 2019-09-23T13:14:59.572Z high: None low: None bid: None ask: None volume: None
	coinfloor BTC/USD order book None bid: N/A bidVolume: N/A ask: N/A askVolume: N/A [90m(explain @ run-tests.js:190)[39m
[22m[1m[97m[101m[49m[39m[22m
[22m[1m[97m[101mFAILED[49m[39m [31mdigifinex[39m (Python 3):[22m [90m(explain @ run-tests.js:187)[39m
[22m[1m[22m
	 [90m(explain @ run-tests.js:190)[39m
[22m[1m[7m[33m[39m[27m[22m
[22m[1m[7m[33mWARN[39m[27m [33mdigifinex[39m (PHP):[22m [90m(explain @ run-tests.js:188)[39m
[22m[1m[22m
	string(11) "./keys.json"
	EXCHANGE: digifinex
	digifinex 297 symbols: BTC/USDT, ETH/USDT, DFT/USDT, LTC/USDT, OMG/USDT, XRP/USDT, EOS/USDT, QTUM/USDT, ZIL/USDT, IOST/USDT, ZRX/USDT, CMT/USDT, ZIP/USDT, MITH/USDT, DIY/USDT, YEE/USDT, RUFF/USDT, FAIR/USDT, LET/USDT, NFSC/USDT, SHOW/USDT, TIX/USDT, ALC/USDT, LME/USDT, ETH/BTC, LTC/BTC, OMG/BTC, XRP/BTC, EOS/BTC, QTUM/BTC, ZRX/BTC, CMT/BTC, MITH/BTC, POWR/BTC, GNX/BTC, DATX/BTC, LBTC/BTC, OMG/ETH, XRP/ETH, EOS/ETH, QTUM/ETH, ZIL/ETH, IOST/ETH, ZRX/ETH, CMT/ETH, ZIP/ETH, MITH/ETH, POWR/ETH, ETZ/ETH, OSCH/ETH, GNX/ETH, RCT/ETH, BQT/ETH, RUFF/ETH, FAIR/ETH, LET/ETH, EES/ETH, NEWOS/ETH, SSP/ETH, DATX/ETH, GVE/ETH, QBT/ETH, INSUR/ETH, MT/ETH, ZAG/ETH, MGD/ETH, GGPC/ETH, ETC/ETH, ETC/USDT, ETC/BTC, TRX/BTC, TRX/USDT, DOGZ/USDT, ECT/USDT, SCSC/USDT, TRX/ETH, LDBC/USDT, NEO/USDT, NEO/BTC, NEO/ETH, MGO/BTC, BZKY/ETH, WOC/USDT, ACCE/USDT, ONT/USDT, ONT/BTC, ONT/ETH, ETZ/USDT, TUSD/USDT, CST/BTC, CST/ETH, GAS/USDT, GAS/BTC, GAS/ETH, GUSD/USDT, PAX/USDT, USDC/USDT, ETZ/BTC, SENNO/USDT, DASH/USDT, DASH/BTC, RVN/BTC, TSC/USDT, LV/USDT, HUM/ETH, ELF/USDT, ELF/BTC, ELF/ETH, BHP/BTC, GXC/BTC, GXC/ETH, NPXSXEM/ETH, NPXS/BTC, JQB/DFT, GANA/ETH, DEX/BTC, DEX/ETH, MCO/BTC, MFG/ETH, XEM/BTC, XEM/ETH, B2G/BTC, BCH/USDT, BSV/USDT, BCH/BTC, BSV/BTC, DASH/ETH, FIII/USDT, CNUS/BTC, NRG/BTC, SC/BTC, SC/ETH, EDC/BTC, CSM/USDT, ELAC/BTC, TMTG/BTC, VEX/USDT, CSM/BTC, GMB/ETH, GMB/USDT, IST/BTC, OLE/BTC, AXL/ETH, THETA/USDT, THETA/BTC, EDR/USDT, EDR/BTC, FLC/ETH, MCH/USDT, IQ/USDT, QNT/USDT, QNT/BTC, QNT/ETH, IST/USDT, MESG/USDT, MESG/BTC, MESG/ETH, ONG/USDT, ONG/BTC, BTT/USDT, BTT/BTC, UND/USDT, UND/BTC, UND/ETH, BHD/USDT, BHD/BTC, BHD/ETH, BORA/BTC, BORA/ETH, MFG/USDT, MFG/BTC, XMR/BTC, XMR/ETH, FTM/BTC, R/BTC, LBXC/BTC, GRS/BTC, GRS/ETH, XMR/USDT, MKEY/USDT, MKEY/BTC, MDT/USDT, MDT/BTC, MDT/ETH, R/USDT, KBC/USDT, KBC/BTC, KBC/ETH, ZEC/USDT, ZEC/BTC, ZEC/ETH, FNK/BTC, WPP/USDT, GOD/USDT, BRC/USDT, GIB/BTC, ILC/USDT, ILC/BTC, BHP/USDT, XZC/BTC, XZC/ETH, FCT/BTC, BLOCK/USDT, BLOCK/BTC, BHC/USDT, PLTC/BTC, PLTC/ETH, DOGE/USDT, DOGE/ETH, TSF/DFT, ITCO/BTC, UPE/ETH, BRST/USDT, SENNO/ETH, AIPE/USDT, VINCI/BTC, ELAC/USDT, BTC/DFT, ETH/DFT, BEP/BTC, AID/USDT, USDT2/USDT, BTC/USDT2, ETH/USDT2, LTC/USDT2, EOS/USDT2, XRP/USDT2, PIGX/USDT, LTC/DFT, EOS/DFT, QTUM/DFT, REMCO/BTC, ETC8/USDT, MIC/BTC, GMC/USDT, BCH/DFT, BSV/DFT, DASH/DFT, XRP/DFT, DOGETHER/USDT, NSS/USDT, BST/BTC, FLETA/BTC, FLETA/ETH, KAL/USDT, BPRO/USDT, NEXXO/ETH, BAR/USDT, SPO/USDT, HNI/ETH, XET/BTC, JINY/BTC, TRC/USDT, KOZ/USDT, ACD/BCH, ACD/BTC, ETSC/USDT, ATOM/USDT, ATOM/BTC, ATOM/ETH, LAMB/USDT, LAMB/BTC, SYM/ETH, QQBC/USDT, FYY/USDT, ATC/USDT, PROT/ETH, PLA/USDT, DTC/USDT, XSR/USDT, SERO/USDT, SF/DFT, BFC/USDT, CXC/USDT, SYM/BTC, DWC/DFT, DWC/USDT, XGP/ETH, MGS/USDT, MMT/USDT, SCB/USDT, AEN/ETH, WIN/USDT, RSC/BTC, EDEL/ETH, UTK/BTC, UTK/ETH, CRO/USDT, BDP/USDT, BDP/BTC, BDP/ETH, BTT/TRX, WIN/TRX, NUT/USDT, ABBC/BTC, ADN/ETH, CA/USDT
	SYMBOL: ABBC/BTC
	digifinex ABBC/BTC fetching ticker...
	[Exchange Error] digifinex fetchTicker is a private v2 endpoint that requires an `exchange.apiKey` credential or an `$apiKey` extra parameter (ignoring)
	digifinex 297 symbols: BTC/USDT, ETH/USDT, DFT/USDT, LTC/USDT, OMG/USDT, XRP/USDT, EOS/USDT, QTUM/USDT, ZIL/USDT, IOST/USDT, ZRX/USDT, CMT/USDT, ZIP/USDT, MITH/USDT, DIY/USDT, YEE/USDT, RUFF/USDT, FAIR/USDT, LET/USDT, NFSC/USDT, SHOW/USDT, TIX/USDT, ALC/USDT, LME/USDT, ETH/BTC, LTC/BTC, OMG/BTC, XRP/BTC, EOS/BTC, QTUM/BTC, ZRX/BTC, CMT/BTC, MITH/BTC, POWR/BTC, GNX/BTC, DATX/BTC, LBTC/BTC, OMG/ETH, XRP/ETH, EOS/ETH, QTUM/ETH, ZIL/ETH, IOST/ETH, ZRX/ETH, CMT/ETH, ZIP/ETH, MITH/ETH, POWR/ETH, ETZ/ETH, OSCH/ETH, GNX/ETH, RCT/ETH, BQT/ETH, RUFF/ETH, FAIR/ETH, LET/ETH, EES/ETH, NEWOS/ETH, SSP/ETH, DATX/ETH, GVE/ETH, QBT/ETH, INSUR/ETH, MT/ETH, ZAG/ETH, MGD/ETH, GGPC/ETH, ETC/ETH, ETC/USDT, ETC/BTC, TRX/BTC, TRX/USDT, DOGZ/USDT, ECT/USDT, SCSC/USDT, TRX/ETH, LDBC/USDT, NEO/USDT, NEO/BTC, NEO/ETH, MGO/BTC, BZKY/ETH, WOC/USDT, ACCE/USDT, ONT/USDT, ONT/BTC, ONT/ETH, ETZ/USDT, TUSD/USDT, CST/BTC, CST/ETH, GAS/USDT, GAS/BTC, GAS/ETH, GUSD/USDT, PAX/USDT, USDC/USDT, ETZ/BTC, SENNO/USDT, DASH/USDT, DASH/BTC, RVN/BTC, TSC/USDT, LV/USDT, HUM/ETH, ELF/USDT, ELF/BTC, ELF/ETH, BHP/BTC, GXC/BTC, GXC/ETH, NPXSXEM/ETH, NPXS/BTC, JQB/DFT, GANA/ETH, DEX/BTC, DEX/ETH, MCO/BTC, MFG/ETH, XEM/BTC, XEM/ETH, B2G/BTC, BCH/USDT, BSV/USDT, BCH/BTC, BSV/BTC, DASH/ETH, FIII/USDT, CNUS/BTC, NRG/BTC, SC/BTC, SC/ETH, EDC/BTC, CSM/USDT, ELAC/BTC, TMTG/BTC, VEX/USDT, CSM/BTC, GMB/ETH, GMB/USDT, IST/BTC, OLE/BTC, AXL/ETH, THETA/USDT, THETA/BTC, EDR/USDT, EDR/BTC, FLC/ETH, MCH/USDT, IQ/USDT, QNT/USDT, QNT/BTC, QNT/ETH, IST/USDT, MESG/USDT, MESG/BTC, MESG/ETH, ONG/USDT, ONG/BTC, BTT/USDT, BTT/BTC, UND/USDT, UND/BTC, UND/ETH, BHD/USDT, BHD/BTC, BHD/ETH, BORA/BTC, BORA/ETH, MFG/USDT, MFG/BTC, XMR/BTC, XMR/ETH, FTM/BTC, R/BTC, LBXC/BTC, GRS/BTC, GRS/ETH, XMR/USDT, MKEY/USDT, MKEY/BTC, MDT/USDT, MDT/BTC, MDT/ETH, R/USDT, KBC/USDT, KBC/BTC, KBC/ETH, ZEC/USDT, ZEC/BTC, ZEC/ETH, FNK/BTC, WPP/USDT, GOD/USDT, BRC/USDT, GIB/BTC, ILC/USDT, ILC/BTC, BHP/USDT, XZC/BTC, XZC/ETH, FCT/BTC, BLOCK/USDT, BLOCK/BTC, BHC/USDT, PLTC/BTC, PLTC/ETH, DOGE/USDT, DOGE/ETH, TSF/DFT, ITCO/BTC, UPE/ETH, BRST/USDT, SENNO/ETH, AIPE/USDT, VINCI/BTC, ELAC/USDT, BTC/DFT, ETH/DFT, BEP/BTC, AID/USDT, USDT2/USDT, BTC/USDT2, ETH/USDT2, LTC/USDT2, EOS/USDT2, XRP/USDT2, PIGX/USDT, LTC/DFT, EOS/DFT, QTUM/DFT, REMCO/BTC, ETC8/USDT, MIC/BTC, GMC/USDT, BCH/DFT, BSV/DFT, DASH/DFT, XRP/DFT, DOGETHER/USDT, NSS/USDT, BST/BTC, FLETA/BTC, FLETA/ETH, KAL/USDT, BPRO/USDT, NEXXO/ETH, BAR/USDT, SPO/USDT, HNI/ETH, XET/BTC, JINY/BTC, TRC/USDT, KOZ/USDT, ACD/BCH, ACD/BTC, ETSC/USDT, ATOM/USDT, ATOM/BTC, ATOM/ETH, LAMB/USDT, LAMB/BTC, SYM/ETH, QQBC/USDT, FYY/USDT, ATC/USDT, PROT/ETH, PLA/USDT, DTC/USDT, XSR/USDT, SERO/USDT, SF/DFT, BFC/USDT, CXC/USDT, SYM/BTC, DWC/DFT, DWC/USDT, XGP/ETH, MGS/USDT, MMT/USDT, SCB/USDT, AEN/ETH, WIN/USDT, RSC/BTC, EDEL/ETH, UTK/BTC, UTK/ETH, CRO/USDT, BDP/USDT, BDP/BTC, BDP/ETH, BTT/TRX, WIN/TRX, NUT/USDT, ABBC/BTC, ADN/ETH, CA/USDT
	SYMBOL: ABBC/BTC
	digifinex ABBC/BTC fetching ticker...
	[Exchange Error] digifinex fetchTicker is a private v2 endpoint that requires an `exchange.apiKey` credential or an `$apiKey` extra parameter (ignoring) [90m(explain @ run-tests.js:190)[39m
[22m[1m[97m[101m[49m[39m[22m
[22m[1m[97m[101mFAILED[49m[39m [31mdx[39m (Python 3):[22m [90m(explain @ run-tests.js:187)[39m
[22m[1m[22m
	 [90m(explain @ run-tests.js:190)[39m
[22m[1m[7m[33m[39m[27m[22m
[22m[1m[7m[33mWARN[39m[27m [33mfcoinjp[39m (JavaScript):[22m [90m(explain @ run-tests.js:188)[39m
[22m[1m[22m
	
	TESTING { exchange: "fcoinjp", symbol: "all" }  (<anonymous> @ test.js:33)
	
	21 symbols BTC/USDT, ETH/BTC, LTC/BTC + more... (loadExchange @ test.js:186)
	SYMBOL: BTC/USDT (testExchange @ test.js:262)
	fetching currencies not supported (exports [as fetchCurrencies] @ test.fetchCurrencies.js:35)
	BTC/USDT fetchTicker undefined bid: 9869.9 ask: 9870.6 (printTickerOneLiner @ test.fetchTicker.js:16)
	fetching all tickers at once not supported (exports [as fetchTickers] @ test.fetchTickers.js:50)
	BTC/USDT fetched 10 OHLCVs (exports [as fetchOHLCV] @ test.fetchOHLCV.js:47)
	BTC/USDT fetched 50 trades (exports [as fetchTrades] @ test.fetchTrades.js:31)
	BTC/USDT fetchOrderBook 2019-09-23T15:37:25.021Z bid: 9871.7 bidVolume: 0.064 ask: 9872 askVolume: 0.032 (printOrderBookOneLiner @ test.orderbook.js:18)
	[Exchange Not Available] fcoinjp GET https://api.fcoinjp.com/v2/market/depth/L20/btcusdt system request to https://api.fcoinjp.com/v2/market/depth/L20/btcusdt failed, reason: Client network socket disconnected before secure T (tryAllProxies @ test.js:394)
	21 symbols BTC/USDT, ETH/BTC, LTC/BTC + more... (loadExchange @ test.js:186)
	SYMBOL: BTC/USDT (testExchange @ test.js:262)
	fetching currencies not supported (exports [as fetchCurrencies] @ test.fetchCurrencies.js:35)
	[Exchange Not Available] fcoinjp GET https://cors-anywhere.herokuapp.com/https://api.fcoinjp.com/v2/market/ticker/btcusdt 403 Forbidden <html>
	<head><title>403 Forbidden</title></head>
	<body bgcolor="white">
	<center><h1>40 (tryAllProxies @ test.js:394) [90m(explain @ run-tests.js:190)[39m
[22m[1m[97m[101m[49m[39m[22m
[22m[1m[97m[101mFAILED[49m[39m [31mfcoinjp[39m (Python 3):[22m [90m(explain @ run-tests.js:187)[39m
[22m[1m[22m
	 [90m(explain @ run-tests.js:190)[39m
[22m[1m[97m[101m[49m[39m[22m
[22m[1m[97m[101mFAILED[49m[39m [31midex[39m (Python 3):[22m [90m(explain @ run-tests.js:187)[39m
[22m[1m[22m
	 [90m(explain @ run-tests.js:190)[39m
[22m[1m[97m[101m[49m[39m[22m
[22m[1m[97m[101mFAILED[49m[39m [31mindependentreserve[39m (Python 3):[22m [90m(explain @ run-tests.js:187)[39m
[22m[1m[22m
	independentreserve using proxy ``
	EXCHANGE: independentreserve
	SYMBOL: BTC/USD
	independentreserve BTC/USD ticker 2019-09-23T20:29:24.116Z high: 10060.45 low: 9698.95 bid: 9733.45 ask: 9840.23 volume: None
	independentreserve BTC/USD order book 2019-09-23T20:29:25.303Z bid: 9733.45 bidVolume: 0.18060853 ask: 9840.23 askVolume: 0.10335937
	independentreserve BTC/USD fetched 50 trades [90m(explain @ run-tests.js:190)[39m
[22m[1m[97m[101m[49m[39m[22m
[22m[1m[97m[101mFAILED[49m[39m [31mitbit[39m (JavaScript):[22m [90m(explain @ run-tests.js:187)[39m
[22m[1m[22m
	
	TESTING { exchange: "itbit", symbol: "all" }  (<anonymous> @ test.js:33)
	
	6 symbols BTC/EUR, BTC/USD, ETH/EUR + more... (loadExchange @ test.js:186)
	SYMBOL: BTC/USD (testExchange @ test.js:262)
	fetching currencies not supported (exports [as fetchCurrencies] @ test.fetchCurrencies.js:35)
	BTC/USD fetchTicker 2019-09-23T20:29:03.740Z bid: 9787.75 ask: 9791.5 (printTickerOneLiner @ test.fetchTicker.js:16)
	fetching all tickers at once not supported (exports [as fetchTickers] @ test.fetchTickers.js:50)
	BTC/USD fetched 1 OHLCVs (exports [as fetchOHLCV] @ test.fetchOHLCV.js:47)
	BTC/USD fetched 2000 trades (exports [as fetchTrades] @ test.fetchTrades.js:31)
	[AssertionError] trade.timestamp is greater than or equal to current time: trade: 2019-09-23T19:41:46.950Z now: 2019-09-23T19:39:05.088Z
	
	    actual:   null
	    expected: undefined
	
	    at                            …-23T19:41:46.950Z now: 2019-09-23T19:39                                                                                  
	    at exports                    js/test/Exchange/test.trade.js:69         assert (trade.timestamp < adjustedNow, 'trade.timestamp is greater than or equa…
	    at exports [as fetchTrades]   js/test/Exchange/test.fetchTrades.js:34   testTrade (exchange, trades[i], symbol, now)                                    
	    at processTicksAndRejections  internal/process/task_queues.js:86                                                                                         (e @ test.js:29) [90m(explain @ run-tests.js:190)[39m
	
[22m[1m[97m[101m[49m[39m[22m
[22m[1m[97m[101mFAILED[49m[39m [31mitbit[39m (Python 3):[22m [90m(explain @ run-tests.js:187)[39m
[22m[1m[22m
	itbit using proxy ``
	EXCHANGE: itbit
	SYMBOL: BTC/USD
	itbit BTC/USD ticker 2019-09-23T21:20:04.102Z high: 10071.75 low: 9680.0 bid: 9694.25 ask: 9700.0 volume: 6989120.557153694
	itbit BTC/USD order book None bid: 9691.25 bidVolume: 0.20752812 ask: 9699.25 askVolume: 2.0
	itbit BTC/USD fetched 2000 trades [90m(explain @ run-tests.js:190)[39m
[22m[1m[97m[101m[49m[39m[22m
[22m[1m[97m[101mFAILED[49m[39m [31mlatoken[39m (Python 3):[22m [90m(explain @ run-tests.js:187)[39m
[22m[1m[22m
	 [90m(explain @ run-tests.js:190)[39m
[22m[1m[97m[101m[49m[39m[22m
[22m[1m[97m[101mFAILED[49m[39m [31mmandala[39m (Python 3):[22m [90m(explain @ run-tests.js:187)[39m
[22m[1m[22m
	 [90m(explain @ run-tests.js:190)[39m
[22m[1m[7m[33m[39m[27m[22m
[22m[1m[7m[33mWARN[39m[27m [33mmandala[39m (PHP):[22m [90m(explain @ run-tests.js:188)[39m
[22m[1m[22m
	string(11) "./keys.json"
	EXCHANGE: mandala
	[DDoS Protection Error] https://zapi.mandalaex.com/api/CurrencySettings GET 403 <!DOCTYPE html>
	<!--[if lt IE 7]> <html class="no-js ie6 oldie" lang="en-US"> <![endif]-->
	<!--[if IE 7]>    <html class="no-js ie7 oldie" lang="en-US"> <![endif]-->
	<!--[if IE 8]>    <html class="no-js ie8 oldie" lang="en-US"> <![endif]-->
	<!--[if gt IE 8]><!--> <html class="no-js" lang="en-US"> <!--<![endif]-->
	<head>
	<title>Attention Required! | Cloudflare</title>
	<meta charset="UTF-8" />
	<meta http-equiv="Content-Type" content="text/html; charset=UTF-8" />
	<meta http-equiv="X-UA-Compatible" content="IE=Edge,chrome=1" />
	<meta name="robots" content="noindex, nofollow" />
	<meta name="viewport" content="width=device-width,initial-scale=1,maximum-scale=1" />
	<link rel="stylesheet" id="cf_styles-css" href="/cdn-cgi/styles/cf.errors.css" type="text/css" media="screen,projection" />
	<!--[if lt IE 9]><link rel="stylesheet" id='cf_styles-ie-css' href="/cdn-cgi/styles/cf.errors.ie.css" type="text/css" media="screen,projection" /><![endif]-->
	<style type="text/css">body{margin:0;padding:0}</style>
	
	
	<!--[if gte IE 10]><!--><script type="text/javascript" src="/cdn-cgi/scripts/zepto.min.js"></script><!--<![endif]-->
	<!--[if gte IE 10]><!--><script type="text/javascript" src="/cdn-cgi/scripts/cf.common.js"></script><!--<![endif]-->
	
	
	
	</head>
	<body>
	  <div id="cf-wrapper">
	    <div class="cf-alert cf-alert-error cf-cookie-error" id="cookie-alert" data-translate="enable_cookies">Please enable cookies.</div>
	    <div id="cf-error-details" class="cf-error-details-wrapper">
	      <div class="cf-wrapper cf-header cf-error-overview">
	        <h1 data-translate="block_headline">Sorry, you have been blocked</h1>
	        <h2 class="cf-subheadline"><span data-translate="unable_to_access">You are unable to access</span> mandalaex.com</h2>
	      </div><!-- /.header -->
	
	      <div class="cf-section cf-highlight">
	        <div class="cf-wrapper">
	          <div class="cf-screenshot-container cf-screenshot-full">
	            
	              <span class="cf-no-screenshot error"></span>
	            
	          </div>
	        </div>
	      </div><!-- /.captcha-container -->
	
	      <div class="cf-section cf-wrapper">
	        <div class="cf-columns two">
	          <div class="cf-column">
	            <h2 data-translate="blocked_why_headline">Why have I been blocked?</h2>
	
	            <p data-translate="blocked_why_detail">This website is using a security service to protect itself from online attacks. The action you just performed triggered the security solution. There are several actions that could trigger this block including submitting a certain word or phrase, a SQL command or malformed data.</p>
	          </div>
	
	          <div class="cf-column">
	            <h2 data-translate="blocked_resolve_headline">What can I do to resolve this?</h2>
	
	            <p data-translate="blocked_resolve_detail">You can email the site owner to let them know you were blocked. Please include what you were doing when this page came up and the Cloudflare Ray ID found at the bottom of this page.</p>
	          </div>
	        </div>
	      </div><!-- /.section -->
	
	      <div class="cf-error-footer cf-wrapper">
	  <p>
	    <span class="cf-footer-item">Cloudflare Ray ID: <strong>51b17401ad0045a6</strong></span>
	    <span class="cf-footer-separator">&bull;</span>
	    <span class="cf-footer-item"><span>Your IP</span>: 118.99.160.33</span>
	    <span class="cf-footer-separator">&bull;</span>
	    <span class="cf-footer-item"><span>Performance &amp; security by</span> <a href="https://www.cloudflare.com/5xx-error-landing?utm_source=error_footer" id="brand_link" target="_blank">Cloudflare</a></span>
	    
	    <span class="cf-footer-separator">&bull;</span>
	    <span class="cf-footer-item">
	      <select id="lang-selector">
	        <option value="">Select a Language</option>
	        <option value="en">English</option>
	        <option value="es">Español</option>
	      </select>
	    </span>
	    
	  </p>
	</div><!-- /.error-footer -->
	
	
	    </div><!-- /#cf-error-details -->
	  </div><!-- /#cf-wrapper -->
	
	  <script type="text/javascript">
	  window._cf_translation = {};
	  window._cf_translation.locale = 'en';
	  window._cf_translation.blobs = {};
	</script>
	
	</body>
	</html>
	 (ignoring)
	[DDoS Protection Error] https://cors-anywhere.herokuapp.com/https://zapi.mandalaex.com/api/CurrencySettings GET 403 <!DOCTYPE html>
	<!--[if lt IE 7]> <html class="no-js ie6 oldie" lang="en-US"> <![endif]-->
	<!--[if IE 7]>    <html class="no-js ie7 oldie" lang="en-US"> <![endif]-->
	<!--[if IE 8]>    <html class="no-js ie8 oldie" lang="en-US"> <![endif]-->
	<!--[if gt IE 8]><!--> <html class="no-js" lang="en-US"> <!--<![endif]-->
	<head>
	<title>Attention Required! | Cloudflare</title>
	<meta charset="UTF-8" />
	<meta http-equiv="Content-Type" content="text/html; charset=UTF-8" />
	<meta http-equiv="X-UA-Compatible" content="IE=Edge,chrome=1" />
	<meta name="robots" content="noindex, nofollow" />
	<meta name="viewport" content="width=device-width,initial-scale=1,maximum-scale=1" />
	<link rel="stylesheet" id="cf_styles-css" href="/cdn-cgi/styles/cf.errors.css" type="text/css" media="screen,projection" />
	<!--[if lt IE 9]><link rel="stylesheet" id='cf_styles-ie-css' href="/cdn-cgi/styles/cf.errors.ie.css" type="text/css" media="screen,projection" /><![endif]-->
	<style type="text/css">body{margin:0;padding:0}</style>
	
	
	<!--[if gte IE 10]><!--><script type="text/javascript" src="/cdn-cgi/scripts/zepto.min.js"></script><!--<![endif]-->
	<!--[if gte IE 10]><!--><script type="text/javascript" src="/cdn-cgi/scripts/cf.common.js"></script><!--<![endif]-->
	
	
	
	</head>
	<body>
	  <div id="cf-wrapper">
	    <div class="cf-alert cf-alert-error cf-cookie-error" id="cookie-alert" data-translate="enable_cookies">Please enable cookies.</div>
	    <div id="cf-error-details" class="cf-error-details-wrapper">
	      <div class="cf-wrapper cf-header cf-error-overview">
	        <h1 data-translate="block_headline">Sorry, you have been blocked</h1>
	        <h2 class="cf-subheadline"><span data-translate="unable_to_access">You are unable to access</span> mandalaex.com</h2>
	      </div><!-- /.header -->
	
	      <div class="cf-section cf-highlight">
	        <div class="cf-wrapper">
	          <div class="cf-screenshot-container cf-screenshot-full">
	            
	              <span class="cf-no-screenshot error"></span>
	            
	          </div>
	        </div>
	      </div><!-- /.captcha-container -->
	
	      <div class="cf-section cf-wrapper">
	        <div class="cf-columns two">
	          <div class="cf-column">
	            <h2 data-translate="blocked_why_headline">Why have I been blocked?</h2>
	
	            <p data-translate="blocked_why_detail">This website is using a security service to protect itself from online attacks. The action you just performed triggered the security solution. There are several actions that could trigger this block including submitting a certain word or phrase, a SQL command or malformed data.</p>
	          </div>
	
	          <div class="cf-column">
	            <h2 data-translate="blocked_resolve_headline">What can I do to resolve this?</h2>
	
	            <p data-translate="blocked_resolve_detail">You can email the site owner to let them know you were blocked. Please include what you were doing when this page came up and the Cloudflare Ray ID found at the bottom of this page.</p>
	          </div>
	        </div>
	      </div><!-- /.section -->
	
	      <div class="cf-error-footer cf-wrapper">
	  <p>
	    <span class="cf-footer-item">Cloudflare Ray ID: <strong>51b1740718fcc1a7</strong></span>
	    <span class="cf-footer-separator">&bull;</span>
	    <span class="cf-footer-item"><span>Your IP</span>: 3.86.210.107</span>
	    <span class="cf-footer-separator">&bull;</span>
	    <span class="cf-footer-item"><span>Performance &amp; security by</span> <a href="https://www.cloudflare.com/5xx-error-landing?utm_source=error_footer" id="brand_link" target="_blank">Cloudflare</a></span>
	    
	    <span class="cf-footer-separator">&bull;</span>
	    <span class="cf-footer-item">
	      <select id="lang-selector">
	        <option value="">Select a Language</option>
	        <option value="en">English</option>
	        <option value="es">Español</option>
	      </select>
	    </span>
	    
	  </p>
	</div><!-- /.error-footer -->
	
	
	    </div><!-- /#cf-error-details -->
	  </div><!-- /#cf-wrapper -->
	
	  <script type="text/javascript">
	  window._cf_translation = {};
	  window._cf_translation.locale = 'en';
	  window._cf_translation.blobs = {};
	</script>
	
	</body>
	</html>
	 (ignoring) [90m(explain @ run-tests.js:190)[39m
[22m[1m[97m[101m[49m[39m[22m
[22m[1m[97m[101mFAILED[49m[39m [31mliquid[39m (Python 3):[22m [90m(explain @ run-tests.js:187)[39m
[22m[1m[22m
	liquid using proxy ``
	EXCHANGE: liquid
	SYMBOL: BTC/USD
	liquid BTC/USD ticker 2019-09-24T02:50:44.555Z high: 9993.69573 low: 9569.772 bid: 9701.50797 ask: 9718.901 volume: None
	liquid BTC/USD order book None bid: 9701.50797 bidVolume: 0.0271 ask: 9718.901 askVolume: 0.095
	liquid BTC/USD fetched 20 trades
	liquid fetched all 379 tickers [90m(explain @ run-tests.js:190)[39m
[22m[1m[97m[101m[49m[39m[22m
[22m[1m[97m[101mFAILED[49m[39m [31mmercado[39m (Python 3):[22m [90m(explain @ run-tests.js:187)[39m
[22m[1m[22m
	mercado using proxy ``
	EXCHANGE: mercado
	SYMBOL: BTC/BRL
	mercado BTC/BRL ticker 2019-09-24T02:51:10.000Z high: 42000.0 low: 41021.11 bid: 41215.0 ask: 41217.99999 volume: None
	mercado BTC/BRL order book None bid: 41215.0 bidVolume: 0.21663759 ask: 41217.99999 askVolume: 0.1
	mercado BTC/BRL fetched 1000 trades [90m(explain @ run-tests.js:190)[39m
[22m[1m[97m[101m[49m[39m[22m
[22m[1m[97m[101mFAILED[49m[39m [31mnegociecoins[39m (Python 3):[22m [90m(explain @ run-tests.js:187)[39m
[22m[1m[22m
	negociecoins using proxy ``
	EXCHANGE: negociecoins
	SYMBOL: B2X/BRL
	negociecoins B2X/BRL ticker 1970-01-01T00:00:00.000Z high: 0.0 low: 0.0 bid: 0.0 ask: 0.0 volume: None
	negociecoins B2X/BRL order book None bid: N/A bidVolume: N/A ask: N/A askVolume: N/A
	negociecoins B2X/BRL fetched 0 trades [90m(explain @ run-tests.js:190)[39m
[22m[1m[97m[101m[49m[39m[22m
[22m[1m[97m[101mFAILED[49m[39m [31mokex3[39m (Python 3):[22m [90m(explain @ run-tests.js:187)[39m
[22m[1m[22m
	 [90m(explain @ run-tests.js:190)[39m
[22m[1m[97m[101m[49m[39m[22m
[22m[1m[97m[101mFAILED[49m[39m [31mstronghold[39m (Python 3):[22m [90m(explain @ run-tests.js:187)[39m
[22m[1m[22m
	 [90m(explain @ run-tests.js:190)[39m
[22m[1m[7m[33m[39m[27m[22m
[22m[1m[7m[33mWARN[39m[27m [33mstronghold[39m (PHP):[22m [90m(explain @ run-tests.js:188)[39m
[22m[1m[22m
	string(11) "./keys.json"
	EXCHANGE: stronghold
	[Exchange Error] stronghold {"requestId":"701bd5c0-6f6b-48a0-96db-29cb6bb90058","timestamp":"2019-09-24T02:52:46.492497Z","success":false,"statusCode":401} (ignoring)
	[Exchange Error] stronghold {"requestId":"16a7650f-7542-4eb9-b076-e1e31918d0f6","timestamp":"2019-09-24T02:52:48.022526Z","success":false,"statusCode":401} (ignoring) [90m(explain @ run-tests.js:190)[39m
[22m[1m[97m[101m[49m[39m[22m
[22m[1m[97m[101mFAILED[49m[39m [31mtheocean[39m (JavaScript):[22m [90m(explain @ run-tests.js:187)[39m
[22m[1m[22m
	
	TESTING { exchange: "theocean", symbol: "all" }  (<anonymous> @ test.js:33)
	
	[ExchangeError] Required dependencies missing: npm i web3 ethereumjs-util ethereumjs-abi bignumber.js --no-save
	
	    at checkRequiredDependencies  js/base/Exchange.js:1300            throw new ExchangeError ("Required dependencies missing: \nnpm i web3 ethereumj…
	    at describe                   js/theocean.js:8                    this.checkRequiredDependencies ();                                              
	    at new Exchange               js/base/Exchange.js:304             const config = deepExtend (this.describe (), userConfig)                        
	    at new theocean               js/theocean.js:6                    module.exports = class theocean extends Exchange {                              
	    at <anonymous>                js/test/test.js:53                  const exchange = new (ccxt)[exchangeId] ({                                      
	    at _compile                   internal/modules/cjs/loader.js:816                                                                                  
	    at js                         internal/modules/cjs/loader.js:827                                                                                  
	    at load                       internal/modules/cjs/loader.js:685                                                                                  
	    at _load                      internal/modules/cjs/loader.js:620                                                                                  
	    at runMain                    internal/modules/cjs/loader.js:877                                                                                   (e @ test.js:28) [90m(explain @ run-tests.js:190)[39m
	
[22m[1m[7m[33m[39m[27m[22m
[22m[1m[7m[33mWARN[39m[27m [33moceanex[39m (Python):[22m [90m(explain @ run-tests.js:188)[39m
[22m[1m[22m
	[RequestTimeout] GET https://cors-anywhere.herokuapp.com/https://api.oceanex.pro/v1/markets?show_details=True
	oceanex using proxy ``
	({'num_retries': 0, 'max_retries': 2, 'type': 'RequestTimeout'}, 'GET https://api.oceanex.pro/v1/markets?show_details=True')
	oceanex using proxy `https://cors-anywhere.herokuapp.com/`
	({'num_retries': 1, 'max_retries': 2, 'type': 'RequestTimeout'}, 'GET https://cors-anywhere.herokuapp.com/https://api.oceanex.pro/v1/markets?show_details=True')
	[RequestTimeout] GET https://cors-anywhere.herokuapp.com/https://api.oceanex.pro/v1/markets?show_details=True [90m(explain @ run-tests.js:190)[39m
[22m[1m[97m[101m[49m[39m[22m
[22m[1m[97m[101mFAILED[49m[39m [31moceanex[39m (Python 3):[22m [90m(explain @ run-tests.js:187)[39m
[22m[1m[22m
	 [90m(explain @ run-tests.js:190)[39m
[22m[1m[97m[101m[49m[39m[22m
[22m[1m[97m[101mFAILED[49m[39m [31mvirwox[39m (Python 3):[22m [90m(explain @ run-tests.js:187)[39m
[22m[1m[22m
	virwox using proxy ``
	EXCHANGE: virwox
	SYMBOL: USD/SLL
	virwox USD/SLL ticker 2019-09-24T02:54:00.514Z high: 309.0 low: 304.6 bid: None ask: None volume: 243250.2
	virwox USD/SLL order book None bid: N/A bidVolume: N/A ask: N/A askVolume: N/A
	virwox USD/SLL fetched 0 trades [90m(explain @ run-tests.js:190)[39m
[31m[22m[1m[97m[101mFAIL[49m[31m ["adara", "bequant", "binanceus", "binanceje", "bitflyer", "bitmart", "bitopro", "bitstamp", "bitstamp1", "btcbox", "coincheck", "coinone", "coinfloor", "digifinex", "dx", "fcoinjp", "idex", "independentreserve", "itbit", "latoken", "mandala", "liquid", "mercado", "negociecoins", "okex3", "stronghold", "theocean", "oceanex", "virwox"][22m[39m [90m(run-tests.js:268)[39m
[33m[22m[1m[7mWARN[27m <array[88]>[22m[39m [90m(run-tests.js:269)[39m
[22m[1mAll done, [31m29 failed[39m, [32m11 succeeded[39m, [33m88 warnings[39m[22m [90m(run-tests.js:273)[39m
